Archive member included to satisfy reference by file (symbol)

c:/st/stm32cubeide_1.4.0/stm32cubeide/plugins/com.st.stm32cube.ide.mcu.externaltools.gnu-tools-for-stm32.7-2018-q2-update.win32_1.5.0.202011040924/tools/bin/../lib/gcc/arm-none-eabi/7.3.1/../../../../arm-none-eabi/lib/thumb/v7-m\libc_nano.a(lib_a-errno.o)
                              Core/Src/syscalls.o (__errno)
c:/st/stm32cubeide_1.4.0/stm32cubeide/plugins/com.st.stm32cube.ide.mcu.externaltools.gnu-tools-for-stm32.7-2018-q2-update.win32_1.5.0.202011040924/tools/bin/../lib/gcc/arm-none-eabi/7.3.1/../../../../arm-none-eabi/lib/thumb/v7-m\libc_nano.a(lib_a-exit.o)
                              c:/st/stm32cubeide_1.4.0/stm32cubeide/plugins/com.st.stm32cube.ide.mcu.externaltools.gnu-tools-for-stm32.7-2018-q2-update.win32_1.5.0.202011040924/tools/bin/../lib/gcc/arm-none-eabi/7.3.1/../../../../arm-none-eabi/lib/thumb/v7-m/crt0.o (exit)
c:/st/stm32cubeide_1.4.0/stm32cubeide/plugins/com.st.stm32cube.ide.mcu.externaltools.gnu-tools-for-stm32.7-2018-q2-update.win32_1.5.0.202011040924/tools/bin/../lib/gcc/arm-none-eabi/7.3.1/../../../../arm-none-eabi/lib/thumb/v7-m\libc_nano.a(lib_a-impure.o)
                              c:/st/stm32cubeide_1.4.0/stm32cubeide/plugins/com.st.stm32cube.ide.mcu.externaltools.gnu-tools-for-stm32.7-2018-q2-update.win32_1.5.0.202011040924/tools/bin/../lib/gcc/arm-none-eabi/7.3.1/../../../../arm-none-eabi/lib/thumb/v7-m\libc_nano.a(lib_a-exit.o) (_global_impure_ptr)
c:/st/stm32cubeide_1.4.0/stm32cubeide/plugins/com.st.stm32cube.ide.mcu.externaltools.gnu-tools-for-stm32.7-2018-q2-update.win32_1.5.0.202011040924/tools/bin/../lib/gcc/arm-none-eabi/7.3.1/../../../../arm-none-eabi/lib/thumb/v7-m\libc_nano.a(lib_a-init.o)
                              c:/st/stm32cubeide_1.4.0/stm32cubeide/plugins/com.st.stm32cube.ide.mcu.externaltools.gnu-tools-for-stm32.7-2018-q2-update.win32_1.5.0.202011040924/tools/bin/../lib/gcc/arm-none-eabi/7.3.1/../../../../arm-none-eabi/lib/thumb/v7-m/crt0.o (__libc_init_array)
c:/st/stm32cubeide_1.4.0/stm32cubeide/plugins/com.st.stm32cube.ide.mcu.externaltools.gnu-tools-for-stm32.7-2018-q2-update.win32_1.5.0.202011040924/tools/bin/../lib/gcc/arm-none-eabi/7.3.1/../../../../arm-none-eabi/lib/thumb/v7-m\libc_nano.a(lib_a-memcpy-stub.o)
                              Core/Src/Eeprom.o (memcpy)
c:/st/stm32cubeide_1.4.0/stm32cubeide/plugins/com.st.stm32cube.ide.mcu.externaltools.gnu-tools-for-stm32.7-2018-q2-update.win32_1.5.0.202011040924/tools/bin/../lib/gcc/arm-none-eabi/7.3.1/../../../../arm-none-eabi/lib/thumb/v7-m\libc_nano.a(lib_a-memset.o)
                              c:/st/stm32cubeide_1.4.0/stm32cubeide/plugins/com.st.stm32cube.ide.mcu.externaltools.gnu-tools-for-stm32.7-2018-q2-update.win32_1.5.0.202011040924/tools/bin/../lib/gcc/arm-none-eabi/7.3.1/../../../../arm-none-eabi/lib/thumb/v7-m/crt0.o (memset)

Allocating common symbols
Common symbol       size              file

U_12V               0x2               Core/Src/Eeprom.o
Temperature         0x4               Core/Src/Eeprom.o
Current_RAW         0x2               Core/Src/Eeprom.o
FineKeyState        0x1               Core/Src/main.o
Temp_R_A_B          0x60              Core/Src/Eeprom.o
U_IN                0x2               Core/Src/Eeprom.o
SelectedOptionValue1
                    0x4               Core/Src/main.o
Current             0x2               Core/Src/Eeprom.o
ChargeDurationSec   0x4               Core/Src/main.o
RegularConvData     0xc               Core/Src/Eeprom.o
U_Controller        0x2               Core/Src/Eeprom.o
SelectedOptionValue
                    0x4               Core/Src/main.o
U_OUT               0x2               Core/Src/Eeprom.o
Rt                  0x4               Core/Src/Eeprom.o
U_PS                0x2               Core/Src/Eeprom.o
LoggingData         0x19c             Core/Src/Eeprom.o

Discarded input sections

 .text          0x0000000000000000        0x0 c:/st/stm32cubeide_1.4.0/stm32cubeide/plugins/com.st.stm32cube.ide.mcu.externaltools.gnu-tools-for-stm32.7-2018-q2-update.win32_1.5.0.202011040924/tools/bin/../lib/gcc/arm-none-eabi/7.3.1/thumb/v7-m/crti.o
 .data          0x0000000000000000        0x0 c:/st/stm32cubeide_1.4.0/stm32cubeide/plugins/com.st.stm32cube.ide.mcu.externaltools.gnu-tools-for-stm32.7-2018-q2-update.win32_1.5.0.202011040924/tools/bin/../lib/gcc/arm-none-eabi/7.3.1/thumb/v7-m/crti.o
 .bss           0x0000000000000000        0x0 c:/st/stm32cubeide_1.4.0/stm32cubeide/plugins/com.st.stm32cube.ide.mcu.externaltools.gnu-tools-for-stm32.7-2018-q2-update.win32_1.5.0.202011040924/tools/bin/../lib/gcc/arm-none-eabi/7.3.1/thumb/v7-m/crti.o
 .data          0x0000000000000000        0x4 c:/st/stm32cubeide_1.4.0/stm32cubeide/plugins/com.st.stm32cube.ide.mcu.externaltools.gnu-tools-for-stm32.7-2018-q2-update.win32_1.5.0.202011040924/tools/bin/../lib/gcc/arm-none-eabi/7.3.1/thumb/v7-m/crtbegin.o
[...]
Memory Configuration

Name             Origin             Length             Attributes
RAM              0x0000000020000000 0x0000000000002000 xrw
FLASH            0x0000000008000000 0x0000000000010000 xr
*default*        0x0000000000000000 0xffffffffffffffff

Linker script and memory map

LOAD c:/st/stm32cubeide_1.4.0/stm32cubeide/plugins/com.st.stm32cube.ide.mcu.externaltools.gnu-tools-for-stm32.7-2018-q2-update.win32_1.5.0.202011040924/tools/bin/../lib/gcc/arm-none-eabi/7.3.1/thumb/v7-m/crti.o
LOAD c:/st/stm32cubeide_1.4.0/stm32cubeide/plugins/com.st.stm32cube.ide.mcu.externaltools.gnu-tools-for-stm32.7-2018-q2-update.win32_1.5.0.202011040924/tools/bin/../lib/gcc/arm-none-eabi/7.3.1/thumb/v7-m/crtbegin.o
LOAD c:/st/stm32cubeide_1.4.0/stm32cubeide/plugins/com.st.stm32cube.ide.mcu.externaltools.gnu-tools-for-stm32.7-2018-q2-update.win32_1.5.0.202011040924/tools/bin/../lib/gcc/arm-none-eabi/7.3.1/../../../../arm-none-eabi/lib/thumb/v7-m/crt0.o
LOAD Core/Src/Eeprom.o
LOAD Core/Src/General.o
LOAD Core/Src/Lib.o
LOAD Core/Src/Menu.o
LOAD Core/Src/MicroMenu2_1.o
LOAD Core/Src/hd44780_driver.o
LOAD Core/Src/main.o
LOAD Core/Src/stm32f1xx_hal_msp.o
LOAD Core/Src/stm32f1xx_it.o
LOAD Core/Src/syscalls.o
LOAD Core/Src/sysmem.o
LOAD Core/Src/system_stm32f1xx.o
LOAD Core/Src/usart.o
LOAD Core/Startup/startup_stm32f100c8tx.o
LOAD Drivers/STM32F1xx_HAL_Driver/Src/stm32f1xx_ll_adc.o
LOAD Drivers/STM32F1xx_HAL_Driver/Src/stm32f1xx_ll_dac.o
LOAD Drivers/STM32F1xx_HAL_Driver/Src/stm32f1xx_ll_dma.o
LOAD Drivers/STM32F1xx_HAL_Driver/Src/stm32f1xx_ll_exti.o
LOAD Drivers/STM32F1xx_HAL_Driver/Src/stm32f1xx_ll_gpio.o
LOAD Drivers/STM32F1xx_HAL_Driver/Src/stm32f1xx_ll_pwr.o
LOAD Drivers/STM32F1xx_HAL_Driver/Src/stm32f1xx_ll_rcc.o
LOAD Drivers/STM32F1xx_HAL_Driver/Src/stm32f1xx_ll_tim.o
LOAD Drivers/STM32F1xx_HAL_Driver/Src/stm32f1xx_ll_usart.o
LOAD Drivers/STM32F1xx_HAL_Driver/Src/stm32f1xx_ll_utils.o
START GROUP
LOAD c:/st/stm32cubeide_1.4.0/stm32cubeide/plugins/com.st.stm32cube.ide.mcu.externaltools.gnu-tools-for-stm32.7-2018-q2-update.win32_1.5.0.202011040924/tools/bin/../lib/gcc/arm-none-eabi/7.3.1/../../../../arm-none-eabi/lib/thumb/v7-m\libc_nano.a
LOAD c:/st/stm32cubeide_1.4.0/stm32cubeide/plugins/com.st.stm32cube.ide.mcu.externaltools.gnu-tools-for-stm32.7-2018-q2-update.win32_1.5.0.202011040924/tools/bin/../lib/gcc/arm-none-eabi/7.3.1/../../../../arm-none-eabi/lib/thumb/v7-m\libm.a
END GROUP
START GROUP
LOAD c:/st/stm32cubeide_1.4.0/stm32cubeide/plugins/com.st.stm32cube.ide.mcu.externaltools.gnu-tools-for-stm32.7-2018-q2-update.win32_1.5.0.202011040924/tools/bin/../lib/gcc/arm-none-eabi/7.3.1/thumb/v7-m\libgcc.a
LOAD c:/st/stm32cubeide_1.4.0/stm32cubeide/plugins/com.st.stm32cube.ide.mcu.externaltools.gnu-tools-for-stm32.7-2018-q2-update.win32_1.5.0.202011040924/tools/bin/../lib/gcc/arm-none-eabi/7.3.1/../../../../arm-none-eabi/lib/thumb/v7-m\libc_nano.a
END GROUP
START GROUP
LOAD c:/st/stm32cubeide_1.4.0/stm32cubeide/plugins/com.st.stm32cube.ide.mcu.externaltools.gnu-tools-for-stm32.7-2018-q2-update.win32_1.5.0.202011040924/tools/bin/../lib/gcc/arm-none-eabi/7.3.1/thumb/v7-m\libgcc.a
LOAD c:/st/stm32cubeide_1.4.0/stm32cubeide/plugins/com.st.stm32cube.ide.mcu.externaltools.gnu-tools-for-stm32.7-2018-q2-update.win32_1.5.0.202011040924/tools/bin/../lib/gcc/arm-none-eabi/7.3.1/../../../../arm-none-eabi/lib/thumb/v7-m\libc_nano.a
LOAD c:/st/stm32cubeide_1.4.0/stm32cubeide/plugins/com.st.stm32cube.ide.mcu.externaltools.gnu-tools-for-stm32.7-2018-q2-update.win32_1.5.0.202011040924/tools/bin/../lib/gcc/arm-none-eabi/7.3.1/../../../../arm-none-eabi/lib/thumb/v7-m\libnosys.a
END GROUP
START GROUP
LOAD c:/st/stm32cubeide_1.4.0/stm32cubeide/plugins/com.st.stm32cube.ide.mcu.externaltools.gnu-tools-for-stm32.7-2018-q2-update.win32_1.5.0.202011040924/tools/bin/../lib/gcc/arm-none-eabi/7.3.1/thumb/v7-m\libgcc.a
LOAD c:/st/stm32cubeide_1.4.0/stm32cubeide/plugins/com.st.stm32cube.ide.mcu.externaltools.gnu-tools-for-stm32.7-2018-q2-update.win32_1.5.0.202011040924/tools/bin/../lib/gcc/arm-none-eabi/7.3.1/../../../../arm-none-eabi/lib/thumb/v7-m\libc_nano.a
LOAD c:/st/stm32cubeide_1.4.0/stm32cubeide/plugins/com.st.stm32cube.ide.mcu.externaltools.gnu-tools-for-stm32.7-2018-q2-update.win32_1.5.0.202011040924/tools/bin/../lib/gcc/arm-none-eabi/7.3.1/../../../../arm-none-eabi/lib/thumb/v7-m\libnosys.a
END GROUP
LOAD c:/st/stm32cubeide_1.4.0/stm32cubeide/plugins/com.st.stm32cube.ide.mcu.externaltools.gnu-tools-for-stm32.7-2018-q2-update.win32_1.5.0.202011040924/tools/bin/../lib/gcc/arm-none-eabi/7.3.1/thumb/v7-m/crtend.o
LOAD c:/st/stm32cubeide_1.4.0/stm32cubeide/plugins/com.st.stm32cube.ide.mcu.externaltools.gnu-tools-for-stm32.7-2018-q2-update.win32_1.5.0.202011040924/tools/bin/../lib/gcc/arm-none-eabi/7.3.1/thumb/v7-m/crtn.o
                0x0000000020002000                _estack = (ORIGIN (RAM) + LENGTH (RAM))
                0x0000000000000200                _Min_Heap_Size = 0x200
                0x0000000000000400                _Min_Stack_Size = 0x400

.isr_vector     0x0000000008000000      0x1d0
                0x0000000008000000                . = ALIGN (0x4)
 *(.isr_vector)
 .isr_vector    0x0000000008000000      0x1d0 Core/Startup/startup_stm32f100c8tx.o
                0x0000000008000000                g_pfnVectors
                0x00000000080001d0                . = ALIGN (0x4)

.text           0x00000000080001d0     0x568c
                0x00000000080001d0                . = ALIGN (0x4)
 *(.text)
 .text          0x00000000080001d0       0x40 c:/st/stm32cubeide_1.4.0/stm32cubeide/plugins/com.st.stm32cube.ide.mcu.externaltools.gnu-tools-for-stm32.7-2018-q2-update.win32_1.5.0.202011040924/tools/bin/../lib/gcc/arm-none-eabi/7.3.1/thumb/v7-m/crtbegin.o
 *(.text*)
 .text.flash_erase_page
                0x0000000008000210       0x40 Core/Src/Eeprom.o
                0x0000000008000210                flash_erase_page
 .text.flash_unlock
                0x0000000008000250       0x18 Core/Src/Eeprom.o
                0x0000000008000250                flash_unlock
 .text.flash_lock
                0x0000000008000268       0x10 Core/Src/Eeprom.o
                0x0000000008000268                flash_lock
 .text.flash_write
                0x0000000008000278       0x4c Core/Src/Eeprom.o
                0x0000000008000278                flash_write
 .text.flash_write_block
                0x00000000080002c4       0x6c Core/Src/Eeprom.o
                0x00000000080002c4                flash_write_block
 .text.flash_read_block
                0x0000000008000330       0x2c Core/Src/Eeprom.o
                0x0000000008000330                flash_read_block
 .text.flash_read
                0x000000000800035c       0x64 Core/Src/Eeprom.o
                0x000000000800035c                flash_read
 .text.CalibrationWriteToFlash
                0x00000000080003c0       0x74 Core/Src/Eeprom.o
                0x00000000080003c0                CalibrationWriteToFlash
 .text.CalibrationFactoryWriteToFlash
                0x0000000008000434       0x74 Core/Src/Eeprom.o
                0x0000000008000434                CalibrationFactoryWriteToFlash
 .text.CalibrationReadFromFlash
                0x00000000080004a8       0xa4 Core/Src/Eeprom.o
                0x00000000080004a8                CalibrationReadFromFlash
 .text.CalibrationReadFromFlashForVerify
                0x000000000800054c       0xa4 Core/Src/Eeprom.o
                0x000000000800054c                CalibrationReadFromFlashForVerify
 .text.SettingsWriteToFlash
                0x00000000080005f0       0x6c Core/Src/Eeprom.o
                0x00000000080005f0                SettingsWriteToFlash
 .text.SettingsFactoryWriteToFlash
                0x000000000800065c       0x6c Core/Src/Eeprom.o
                0x000000000800065c                SettingsFactoryWriteToFlash
 .text.SettingsReadFromFlash
                0x00000000080006c8       0x98 Core/Src/Eeprom.o
                0x00000000080006c8                SettingsReadFromFlash
 .text.SettingsReadFromFlashForVerify
                0x0000000008000760       0x98 Core/Src/Eeprom.o
                0x0000000008000760                SettingsReadFromFlashForVerify
 .text.DataWhenPowerOff_Factory_WriteToFlash
                0x00000000080007f8       0x44 Core/Src/Eeprom.o
                0x00000000080007f8                DataWhenPowerOff_Factory_WriteToFlash
 .text.DataWhenPowerOffReadFromFlash
                0x000000000800083c       0x58 Core/Src/Eeprom.o
                0x000000000800083c                DataWhenPowerOffReadFromFlash
 .text.DataWhenPowerOffReadFromFlashForVerify
                0x0000000008000894       0x58 Core/Src/Eeprom.o
                0x0000000008000894                DataWhenPowerOffReadFromFlashForVerify
 .text.ReadFromFlash
                0x00000000080008ec       0x50 Core/Src/Eeprom.o
                0x00000000080008ec                ReadFromFlash
 .text.CalcCRC8
                0x000000000800093c       0x38 Core/Src/Eeprom.o
                0x000000000800093c                CalcCRC8
 .text.CalibrationWriteToFlash_CRC
                0x0000000008000974       0x6c Core/Src/Eeprom.o
                0x0000000008000974                CalibrationWriteToFlash_CRC
 .text.SettingsWriteToFlash_CRC
                0x00000000080009e0       0xb4 Core/Src/Eeprom.o
                0x00000000080009e0                SettingsWriteToFlash_CRC
 .text.FactoryWriteToFlash_CRC
                0x0000000008000a94      0x16c Core/Src/Eeprom.o
                0x0000000008000a94                FactoryWriteToFlash_CRC
 .text.Generation_Coefficients_R_A_B
                0x0000000008000c00       0x68 Core/Src/General.o
                0x0000000008000c00                Generation_Coefficients_R_A_B
 .text.WriteInLOG
                0x0000000008000c68      0x164 Core/Src/General.o
                0x0000000008000c68                WriteInLOG
 .text.WriteInLOGc
                0x0000000008000dcc      0x164 Core/Src/General.o
                0x0000000008000dcc                WriteInLOGc
 .text.delay_us
                0x0000000008000f30       0x6c Core/Src/General.o
                0x0000000008000f30                delay_us
 .text.delay_ms
                0x0000000008000f9c       0x1e Core/Src/General.o
                0x0000000008000f9c                delay_ms
 *fill*         0x0000000008000fba        0x2 
 .text.InfoToUARTBeforeStart
                0x0000000008000fbc      0x218 Core/Src/General.o
                0x0000000008000fbc                InfoToUARTBeforeStart
 .text.itoa     0x00000000080011d4       0x74 Core/Src/Lib.o
                0x00000000080011d4                itoa
 .text.itoaP    0x0000000008001248       0x72 Core/Src/Lib.o
                0x0000000008001248                itoaP
 *fill*         0x00000000080012ba        0x2 
 .text.itoa_koma
                0x00000000080012bc       0xd0 Core/Src/Lib.o
                0x00000000080012bc                itoa_koma
 .text.Module16
                0x000000000800138c        0xc Core/Src/Lib.o
                0x000000000800138c                Module16
 .text.strlen1  0x0000000008001398       0x10 Core/Src/Lib.o
                0x0000000008001398                strlen1
 .text.Merge2Strings
                0x00000000080013a8       0x2a Core/Src/Lib.o
                0x00000000080013a8                Merge2Strings
 .text.Merge3Strings
                0x00000000080013d2       0x3e Core/Src/Lib.o
                0x00000000080013d2                Merge3Strings
 .text.ClockStringWithSec
                0x0000000008001410       0xde Core/Src/Lib.o
                0x0000000008001410                ClockStringWithSec
 .text.ClockStringNoSec
                0x00000000080014ee       0x96 Core/Src/Lib.o
                0x00000000080014ee                ClockStringNoSec
 .text.middle_of_3Imax1
                0x0000000008001584       0x3c Core/Src/Lib.o
                0x0000000008001584                middle_of_3Imax1
 .text.middle_of_3Imax2
                0x00000000080015c0       0x3c Core/Src/Lib.o
                0x00000000080015c0                middle_of_3Imax2
 .text.middle_of_3Umax1
                0x00000000080015fc       0x3c Core/Src/Lib.o
                0x00000000080015fc                middle_of_3Umax1
 .text.RunningAverageI1
                0x0000000008001638        0x2 Core/Src/Lib.o
                0x0000000008001638                RunningAverageI1
 .text.RunningAverageI2
                0x000000000800163a        0x2 Core/Src/Lib.o
                0x000000000800163a                RunningAverageI2
 .text.RunningAverageU1
                0x000000000800163c        0x2 Core/Src/Lib.o
                0x000000000800163c                RunningAverageU1
 *fill*         0x000000000800163e        0x2 
 .text.Menu_GetCurrentMenu
                0x0000000008001640        0xc Core/Src/MicroMenu2_1.o
                0x0000000008001640                Menu_GetCurrentMenu
 .text.Menu_Navigate
                0x000000000800164c       0x34 Core/Src/MicroMenu2_1.o
                0x000000000800164c                Menu_Navigate
 .text.Menu_SetGenericWriteCallback
                0x0000000008001680       0x14 Core/Src/MicroMenu2_1.o
                0x0000000008001680                Menu_SetGenericWriteCallback
 .text.Menu_SelectItem
                0x0000000008001694       0x1c Core/Src/MicroMenu2_1.o
                0x0000000008001694                Menu_SelectItem
 .text.strobe   0x00000000080016b0       0x24 Core/Src/hd44780_driver.o
                0x00000000080016b0                strobe
 .text.lcd_set_4bit_mode
                0x00000000080016d4       0x44 Core/Src/hd44780_driver.o
                0x00000000080016d4                lcd_set_4bit_mode
 .text.lcd_send
                0x0000000008001718       0x9c Core/Src/hd44780_driver.o
                0x0000000008001718                lcd_send
 .text.lcd_set_user_char
                0x00000000080017b4       0x32 Core/Src/hd44780_driver.o
                0x00000000080017b4                lcd_set_user_char
 *fill*         0x00000000080017e6        0x2 
 .text.SetSymbols
                0x00000000080017e8       0xb0 Core/Src/hd44780_driver.o
                0x00000000080017e8                SetSymbols
 .text.lcd_set_xy
                0x0000000008001898       0x24 Core/Src/hd44780_driver.o
                0x0000000008001898                lcd_set_xy
 .text.lcd_out  0x00000000080018bc       0x2c Core/Src/hd44780_driver.o
                0x00000000080018bc                lcd_out
 .text.LcdOutbyNumber
                0x00000000080018e8        0x8 Core/Src/hd44780_driver.o
                0x00000000080018e8                LcdOutbyNumber
 .text.LcdOut   0x00000000080018f0       0x84 Core/Src/hd44780_driver.o
                0x00000000080018f0                LcdOut
 .text.lcd_clear
                0x0000000008001974        0x8 Core/Src/hd44780_driver.o
                0x0000000008001974                lcd_clear
 .text.lcd_init
                0x000000000800197c       0x1c Core/Src/hd44780_driver.o
                0x000000000800197c                lcd_init
 .text.PrintToLCD
                0x0000000008001998        0x6 Core/Src/hd44780_driver.o
                0x0000000008001998                PrintToLCD
 .text.PrintToLCD_xy
                0x000000000800199e       0x18 Core/Src/hd44780_driver.o
                0x000000000800199e                PrintToLCD_xy
 .text.InitLCD  0x00000000080019b6       0x16 Core/Src/hd44780_driver.o
                0x00000000080019b6                InitLCD
 .text.LL_APB1_GRP1_EnableClock
                0x00000000080019cc       0x1c Core/Src/main.o
 .text.LL_APB2_GRP1_EnableClock
                0x00000000080019e8       0x1c Core/Src/main.o
 .text.MenuLog_Enter
                0x0000000008001a04        0xc Core/Src/main.o
                0x0000000008001a04                MenuLog_Enter
 .text.MenuCalibrationWriteToFlash_Enter
                0x0000000008001a10       0x14 Core/Src/main.o
                0x0000000008001a10                MenuCalibrationWriteToFlash_Enter
 .text.MenuSettingsBatteryType_Enter
                0x0000000008001a24      0x110 Core/Src/main.o
                0x0000000008001a24                MenuSettingsBatteryType_Enter
 .text.MenuSettingsWriteToFlash_Enter
                0x0000000008001b34        0x4 Core/Src/main.o
                0x0000000008001b34                MenuSettingsWriteToFlash_Enter
 .text.MenuOption_Enter
                0x0000000008001b38       0x30 Core/Src/main.o
                0x0000000008001b38                MenuOption_Enter
 .text.MenuOption_Enter1
                0x0000000008001b68       0x30 Core/Src/main.o
                0x0000000008001b68                MenuOption_Enter1
 .text.Generic_Write
                0x0000000008001b98        0xc Core/Src/main.o
                0x0000000008001b98                Generic_Write
 .text.MenuDischarge_Enter
                0x0000000008001ba4       0x4c Core/Src/main.o
                0x0000000008001ba4                MenuDischarge_Enter
 .text.MenuCharge_Enter
                0x0000000008001bf0       0x70 Core/Src/main.o
                0x0000000008001bf0                MenuCharge_Enter
 .text.SelectedOption.part.8
                0x0000000008001c60       0x16 Core/Src/main.o
 *fill*         0x0000000008001c76        0x2 
 .text.LL_ADC_SetChannelSamplingTime.constprop.31
                0x0000000008001c78       0x54 Core/Src/main.o
 .text.LL_ADC_REG_SetSequencerRanks.constprop.32
                0x0000000008001ccc       0x38 Core/Src/main.o
 .text.NVIC_EncodePriority.constprop.33
                0x0000000008001d04        0x4 Core/Src/main.o
 .text.MenuPowerSupply
                0x0000000008001d08       0xd4 Core/Src/main.o
                0x0000000008001d08                MenuPowerSupply
 .text.MenuLoad
                0x0000000008001ddc       0xf8 Core/Src/main.o
                0x0000000008001ddc                MenuLoad
 .text.MenuChargeCC_CV
                0x0000000008001ed4      0x100 Core/Src/main.o
                0x0000000008001ed4                MenuChargeCC_CV
 .text.MenuTraining_WriteInLOG
                0x0000000008001fd4       0x4c Core/Src/main.o
                0x0000000008001fd4                MenuTraining_WriteInLOG
 .text.MenuLog  0x0000000008002020       0x98 Core/Src/main.o
                0x0000000008002020                MenuLog
 .text.MenuCalibration_Current_x1_to_0
                0x00000000080020b8       0x48 Core/Src/main.o
                0x00000000080020b8                MenuCalibration_Current_x1_to_0
 .text.MenuCalibration_Current_x50_to_0
                0x0000000008002100       0x48 Core/Src/main.o
                0x0000000008002100                MenuCalibration_Current_x50_to_0
 .text.MenuCalibration_BackToFactory
                0x0000000008002148       0xb8 Core/Src/main.o
                0x0000000008002148                MenuCalibration_BackToFactory
 .text.MenuSettingsChargeTime
                0x0000000008002200       0x4c Core/Src/main.o
                0x0000000008002200                MenuSettingsChargeTime
 .text.MenuSettingsBatteryType
                0x000000000800224c       0xe4 Core/Src/main.o
                0x000000000800224c                MenuSettingsBatteryType
 .text.MenuSettingsLowVolt
                0x0000000008002330       0x44 Core/Src/main.o
                0x0000000008002330                MenuSettingsLowVolt
 .text.MenuSettingsMaxVolt
                0x0000000008002374       0x44 Core/Src/main.o
                0x0000000008002374                MenuSettingsMaxVolt
 .text.MenuSettingsSwngChrgTime
                0x00000000080023b8       0x3c Core/Src/main.o
                0x00000000080023b8                MenuSettingsSwngChrgTime
 .text.MenuSettingsSwngDChrgTime
                0x00000000080023f4       0x3c Core/Src/main.o
                0x00000000080023f4                MenuSettingsSwngDChrgTime
 .text.MenuSettingsChargeAddapt
                0x0000000008002430       0x80 Core/Src/main.o
                0x0000000008002430                MenuSettingsChargeAddapt
 .text.SelectedOption
                0x00000000080024b0       0x1c Core/Src/main.o
                0x00000000080024b0                SelectedOption
 .text.SelectedOption1
                0x00000000080024cc       0x1c Core/Src/main.o
                0x00000000080024cc                SelectedOption1
 .text.MenuSettingsSaveMenuPosWhenOFF
                0x00000000080024e8       0x8c Core/Src/main.o
                0x00000000080024e8                MenuSettingsSaveMenuPosWhenOFF
 .text.MenuSettingsOutAfterPowerUp
                0x0000000008002574       0x68 Core/Src/main.o
                0x0000000008002574                MenuSettingsOutAfterPowerUp
 .text.ENC_PollEncoder
                0x00000000080025dc       0xb4 Core/Src/main.o
                0x00000000080025dc                ENC_PollEncoder
 .text.Start_Timer_sec
                0x0000000008002690       0x18 Core/Src/main.o
                0x0000000008002690                Start_Timer_sec
 .text.ClockOnLCD_noSec
                0x00000000080026a8       0x6c Core/Src/main.o
                0x00000000080026a8                ClockOnLCD_noSec
 .text.OUT_OFF  0x0000000008002714       0x2c Core/Src/main.o
                0x0000000008002714                OUT_OFF
 .text.OUT_ON   0x0000000008002740       0x28 Core/Src/main.o
                0x0000000008002740                OUT_ON
 .text.OUTStateAfterPowerUpFunction
                0x0000000008002768       0x30 Core/Src/main.o
                0x0000000008002768                OUTStateAfterPowerUpFunction
 .text.MenuCalibration_Current_x1
                0x0000000008002798       0x70 Core/Src/main.o
                0x0000000008002798                MenuCalibration_Current_x1
 .text.MenuCalibration_VoltagePS
                0x0000000008002808       0x70 Core/Src/main.o
                0x0000000008002808                MenuCalibration_VoltagePS
 .text.MenuCalibration_VoltageOut
                0x0000000008002878       0x70 Core/Src/main.o
                0x0000000008002878                MenuCalibration_VoltageOut
 .text.MenuCalibration_VoltageIn
                0x00000000080028e8       0x70 Core/Src/main.o
                0x00000000080028e8                MenuCalibration_VoltageIn
 .text.MenuCalibration_Resist_Comp_5V1A
                0x0000000008002958       0xcc Core/Src/main.o
                0x0000000008002958                MenuCalibration_Resist_Comp_5V1A
 .text.LOAD_ON  0x0000000008002a24       0x2c Core/Src/main.o
                0x0000000008002a24                LOAD_ON
 .text.discharge
                0x0000000008002a50       0x14 Core/Src/main.o
                0x0000000008002a50                discharge
 .text.MenuCalibration_Current_x50
                0x0000000008002a64       0x70 Core/Src/main.o
                0x0000000008002a64                MenuCalibration_Current_x50
 .text.discharge1
                0x0000000008002ad4       0x48 Core/Src/main.o
                0x0000000008002ad4                discharge1
 .text.LOAD_OFF
                0x0000000008002b1c       0x30 Core/Src/main.o
                0x0000000008002b1c                LOAD_OFF
 .text.MenuBatterySimilation
                0x0000000008002b4c       0xe4 Core/Src/main.o
                0x0000000008002b4c                MenuBatterySimilation
 .text.charge   0x0000000008002c30       0x14 Core/Src/main.o
                0x0000000008002c30                charge
 .text.charge1  0x0000000008002c44       0x48 Core/Src/main.o
                0x0000000008002c44                charge1
 .text.MenuTraining_new
                0x0000000008002c8c      0x4ac Core/Src/main.o
                0x0000000008002c8c                MenuTraining_new
 .text.MenuSwing
                0x0000000008003138      0x1e8 Core/Src/main.o
                0x0000000008003138                MenuSwing
 .text.OFF      0x0000000008003320        0xe Core/Src/main.o
                0x0000000008003320                OFF
 *fill*         0x000000000800332e        0x2 
 .text.MenuChargeAdapt
                0x0000000008003330      0x370 Core/Src/main.o
                0x0000000008003330                MenuChargeAdapt
 .text.MenuDisCharge
                0x00000000080036a0      0x2b8 Core/Src/main.o
                0x00000000080036a0                MenuDisCharge
 .text.MenuCheckingCapacity
                0x0000000008003958      0x5f4 Core/Src/main.o
                0x0000000008003958                MenuCheckingCapacity
 .text.MenuDIAGNOSTIC
                0x0000000008003f4c      0x2e8 Core/Src/main.o
                0x0000000008003f4c                MenuDIAGNOSTIC
 .text.adc_func
                0x0000000008004234      0x168 Core/Src/main.o
                0x0000000008004234                adc_func
 .text.SysTick_Callback
                0x000000000800439c      0x11c Core/Src/main.o
                0x000000000800439c                SysTick_Callback
 .text.SystemClock_Config
                0x00000000080044b8       0x80 Core/Src/main.o
                0x00000000080044b8                SystemClock_Config
 .text.startup.main
                0x0000000008004538      0xa68 Core/Src/main.o
                0x0000000008004538                main
 .text.NMI_Handler
                0x0000000008004fa0        0x2 Core/Src/stm32f1xx_it.o
                0x0000000008004fa0                NMI_Handler
 .text.HardFault_Handler
                0x0000000008004fa2        0x2 Core/Src/stm32f1xx_it.o
                0x0000000008004fa2                HardFault_Handler
 .text.MemManage_Handler
                0x0000000008004fa4        0x2 Core/Src/stm32f1xx_it.o
                0x0000000008004fa4                MemManage_Handler
 .text.BusFault_Handler
                0x0000000008004fa6        0x2 Core/Src/stm32f1xx_it.o
                0x0000000008004fa6                BusFault_Handler
 .text.UsageFault_Handler
                0x0000000008004fa8        0x2 Core/Src/stm32f1xx_it.o
                0x0000000008004fa8                UsageFault_Handler
 .text.SVC_Handler
                0x0000000008004faa        0x2 Core/Src/stm32f1xx_it.o
                0x0000000008004faa                SVC_Handler
 .text.DebugMon_Handler
                0x0000000008004fac        0x2 Core/Src/stm32f1xx_it.o
                0x0000000008004fac                DebugMon_Handler
 .text.PendSV_Handler
                0x0000000008004fae        0x2 Core/Src/stm32f1xx_it.o
                0x0000000008004fae                PendSV_Handler
 .text.SysTick_Handler
                0x0000000008004fb0        0x4 Core/Src/stm32f1xx_it.o
                0x0000000008004fb0                SysTick_Handler
 .text.DMA1_Channel1_IRQHandler
                0x0000000008004fb4        0x2 Core/Src/stm32f1xx_it.o
                0x0000000008004fb4                DMA1_Channel1_IRQHandler
 *fill*         0x0000000008004fb6        0x2 
 .text.USART1_IRQHandler
                0x0000000008004fb8       0x5c Core/Src/stm32f1xx_it.o
                0x0000000008004fb8                USART1_IRQHandler
 .text.TIM6_DAC_IRQHandler
                0x0000000008005014        0x2 Core/Src/stm32f1xx_it.o
                0x0000000008005014                TIM6_DAC_IRQHandler
 .text.TIM7_IRQHandler
                0x0000000008005016        0x2 Core/Src/stm32f1xx_it.o
                0x0000000008005016                TIM7_IRQHandler
 .text.SystemInit
                0x0000000008005018        0x2 Core/Src/system_stm32f1xx.o
                0x0000000008005018                SystemInit
 *fill*         0x000000000800501a        0x2 
 .text.SystemCoreClockUpdate
                0x000000000800501c       0x60 Core/Src/system_stm32f1xx.o
                0x000000000800501c                SystemCoreClockUpdate
 .text.printToBufferUART1
                0x000000000800507c       0xd4 Core/Src/usart.o
                0x000000000800507c                printToBufferUART1
 .text.printToBufferWithoutEndUART1
                0x0000000008005150       0x88 Core/Src/usart.o
                0x0000000008005150                printToBufferWithoutEndUART1
 .text.printToBufferUART1D
                0x00000000080051d8      0x148 Core/Src/usart.o
                0x00000000080051d8                printToBufferUART1D
 .text.putCharDirectToUart1
                0x0000000008005320       0x10 Core/Src/usart.o
                0x0000000008005320                putCharDirectToUart1
 .text.putStringDirectToUart1
                0x0000000008005330       0x14 Core/Src/usart.o
                0x0000000008005330                putStringDirectToUart1
 .text.Print_to_USART1_d
                0x0000000008005344       0x30 Core/Src/usart.o
                0x0000000008005344                Print_to_USART1_d
 .text.Reset_Handler
                0x0000000008005374       0x48 Core/Startup/startup_stm32f100c8tx.o
                0x0000000008005374                Reset_Handler
 .text.Default_Handler
                0x00000000080053bc        0x2 Core/Startup/startup_stm32f100c8tx.o
                0x00000000080053bc                RTC_Alarm_IRQHandler
                0x00000000080053bc                EXTI2_IRQHandler
                0x00000000080053bc                TIM1_CC_IRQHandler
                0x00000000080053bc                PVD_IRQHandler
                0x00000000080053bc                EXTI3_IRQHandler
                0x00000000080053bc                EXTI0_IRQHandler
                0x00000000080053bc                TIM1_UP_TIM16_IRQHandler
                0x00000000080053bc                SPI1_IRQHandler
                0x00000000080053bc                TAMPER_IRQHandler
                0x00000000080053bc                DMA1_Channel4_IRQHandler
                0x00000000080053bc                ADC1_IRQHandler
                0x00000000080053bc                USART3_IRQHandler
                0x00000000080053bc                RTC_IRQHandler
                0x00000000080053bc                DMA1_Channel7_IRQHandler
                0x00000000080053bc                TIM4_IRQHandler
                0x00000000080053bc                I2C1_EV_IRQHandler
                0x00000000080053bc                DMA1_Channel6_IRQHandler
                0x00000000080053bc                TIM3_IRQHandler
                0x00000000080053bc                RCC_IRQHandler
                0x00000000080053bc                Default_Handler
                0x00000000080053bc                CEC_IRQHandler
                0x00000000080053bc                EXTI15_10_IRQHandler
                0x00000000080053bc                EXTI9_5_IRQHandler
                0x00000000080053bc                DMA1_Channel5_IRQHandler
                0x00000000080053bc                EXTI4_IRQHandler
                0x00000000080053bc                TIM1_TRG_COM_TIM17_IRQHandler
                0x00000000080053bc                DMA1_Channel3_IRQHandler
                0x00000000080053bc                WWDG_IRQHandler
                0x00000000080053bc                TIM2_IRQHandler
                0x00000000080053bc                EXTI1_IRQHandler
                0x00000000080053bc                USART2_IRQHandler
                0x00000000080053bc                DMA1_Channel2_IRQHandler
                0x00000000080053bc                FLASH_IRQHandler
                0x00000000080053bc                I2C1_ER_IRQHandler
                0x00000000080053bc                TIM1_BRK_TIM15_IRQHandler
 .text.LL_ADC_Init
                0x00000000080053be       0x2a Drivers/STM32F1xx_HAL_Driver/Src/stm32f1xx_ll_adc.o
                0x00000000080053be                LL_ADC_Init
 .text.LL_ADC_REG_Init
                0x00000000080053e8       0x44 Drivers/STM32F1xx_HAL_Driver/Src/stm32f1xx_ll_adc.o
                0x00000000080053e8                LL_ADC_REG_Init
 .text.LL_DAC_Init
                0x000000000800542c       0x52 Drivers/STM32F1xx_HAL_Driver/Src/stm32f1xx_ll_dac.o
                0x000000000800542c                LL_DAC_Init
 .text.LL_GPIO_Init
                0x000000000800547e       0xfa Drivers/STM32F1xx_HAL_Driver/Src/stm32f1xx_ll_gpio.o
                0x000000000800547e                LL_GPIO_Init
 .text.RCC_GetHCLKClockFreq
                0x0000000008005578       0x18 Drivers/STM32F1xx_HAL_Driver/Src/stm32f1xx_ll_rcc.o
                0x0000000008005578                RCC_GetHCLKClockFreq
 .text.RCC_GetPCLK1ClockFreq
                0x0000000008005590       0x18 Drivers/STM32F1xx_HAL_Driver/Src/stm32f1xx_ll_rcc.o
                0x0000000008005590                RCC_GetPCLK1ClockFreq
 .text.RCC_GetPCLK2ClockFreq
                0x00000000080055a8       0x18 Drivers/STM32F1xx_HAL_Driver/Src/stm32f1xx_ll_rcc.o
                0x00000000080055a8                RCC_GetPCLK2ClockFreq
 .text.RCC_PLL_GetFreqDomain_SYS
                0x00000000080055c0       0x34 Drivers/STM32F1xx_HAL_Driver/Src/stm32f1xx_ll_rcc.o
                0x00000000080055c0                RCC_PLL_GetFreqDomain_SYS
 .text.RCC_GetSystemClockFreq
                0x00000000080055f4       0x1c Drivers/STM32F1xx_HAL_Driver/Src/stm32f1xx_ll_rcc.o
                0x00000000080055f4                RCC_GetSystemClockFreq
 .text.LL_RCC_GetSystemClocksFreq
                0x0000000008005610       0x20 Drivers/STM32F1xx_HAL_Driver/Src/stm32f1xx_ll_rcc.o
                0x0000000008005610                LL_RCC_GetSystemClocksFreq
 .text.LL_TIM_Init
                0x0000000008005630       0xa0 Drivers/STM32F1xx_HAL_Driver/Src/stm32f1xx_ll_tim.o
                0x0000000008005630                LL_TIM_Init
 .text.LL_USART_Init
                0x00000000080056d0       0xdc Drivers/STM32F1xx_HAL_Driver/Src/stm32f1xx_ll_usart.o
                0x00000000080056d0                LL_USART_Init
 .text.LL_Init1msTick
                0x00000000080057ac       0x1c Drivers/STM32F1xx_HAL_Driver/Src/stm32f1xx_ll_utils.o
                0x00000000080057ac                LL_Init1msTick
 .text.LL_SetSystemCoreClock
                0x00000000080057c8        0xc Drivers/STM32F1xx_HAL_Driver/Src/stm32f1xx_ll_utils.o
                0x00000000080057c8                LL_SetSystemCoreClock
 .text.__libc_init_array
                0x00000000080057d4       0x48 c:/st/stm32cubeide_1.4.0/stm32cubeide/plugins/com.st.stm32cube.ide.mcu.externaltools.gnu-tools-for-stm32.7-2018-q2-update.win32_1.5.0.202011040924/tools/bin/../lib/gcc/arm-none-eabi/7.3.1/../../../../arm-none-eabi/lib/thumb/v7-m\libc_nano.a(lib_a-init.o)
                0x00000000080057d4                __libc_init_array
 .text.memcpy   0x000000000800581c       0x16 c:/st/stm32cubeide_1.4.0/stm32cubeide/plugins/com.st.stm32cube.ide.mcu.externaltools.gnu-tools-for-stm32.7-2018-q2-update.win32_1.5.0.202011040924/tools/bin/../lib/gcc/arm-none-eabi/7.3.1/../../../../arm-none-eabi/lib/thumb/v7-m\libc_nano.a(lib_a-memcpy-stub.o)
                0x000000000800581c                memcpy
 .text.memset   0x0000000008005832       0x10 c:/st/stm32cubeide_1.4.0/stm32cubeide/plugins/com.st.stm32cube.ide.mcu.externaltools.gnu-tools-for-stm32.7-2018-q2-update.win32_1.5.0.202011040924/tools/bin/../lib/gcc/arm-none-eabi/7.3.1/../../../../arm-none-eabi/lib/thumb/v7-m\libc_nano.a(lib_a-memset.o)
                0x0000000008005832                memset
 *(.glue_7)
 .glue_7        0x0000000008005842        0x0 linker stubs
 *(.glue_7t)
 .glue_7t       0x0000000008005842        0x0 linker stubs
 *(.eh_frame)
 *fill*         0x0000000008005842        0x2 
 .eh_frame      0x0000000008005844        0x0 c:/st/stm32cubeide_1.4.0/stm32cubeide/plugins/com.st.stm32cube.ide.mcu.externaltools.gnu-tools-for-stm32.7-2018-q2-update.win32_1.5.0.202011040924/tools/bin/../lib/gcc/arm-none-eabi/7.3.1/thumb/v7-m/crtbegin.o
 *(.init)
 .init          0x0000000008005844        0x4 c:/st/stm32cubeide_1.4.0/stm32cubeide/plugins/com.st.stm32cube.ide.mcu.externaltools.gnu-tools-for-stm32.7-2018-q2-update.win32_1.5.0.202011040924/tools/bin/../lib/gcc/arm-none-eabi/7.3.1/thumb/v7-m/crti.o
                0x0000000008005844                _init
 .init          0x0000000008005848        0x8 c:/st/stm32cubeide_1.4.0/stm32cubeide/plugins/com.st.stm32cube.ide.mcu.externaltools.gnu-tools-for-stm32.7-2018-q2-update.win32_1.5.0.202011040924/tools/bin/../lib/gcc/arm-none-eabi/7.3.1/thumb/v7-m/crtn.o
 *(.fini)
 .fini          0x0000000008005850        0x4 c:/st/stm32cubeide_1.4.0/stm32cubeide/plugins/com.st.stm32cube.ide.mcu.externaltools.gnu-tools-for-stm32.7-2018-q2-update.win32_1.5.0.202011040924/tools/bin/../lib/gcc/arm-none-eabi/7.3.1/thumb/v7-m/crti.o
                0x0000000008005850                _fini
 .fini          0x0000000008005854        0x8 c:/st/stm32cubeide_1.4.0/stm32cubeide/plugins/com.st.stm32cube.ide.mcu.externaltools.gnu-tools-for-stm32.7-2018-q2-update.win32_1.5.0.202011040924/tools/bin/../lib/gcc/arm-none-eabi/7.3.1/thumb/v7-m/crtn.o
                0x000000000800585c                . = ALIGN (0x4)
                0x000000000800585c                _etext = .

.vfp11_veneer   0x000000000800585c        0x0
 .vfp11_veneer  0x000000000800585c        0x0 linker stubs

.v4_bx          0x000000000800585c        0x0
 .v4_bx         0x000000000800585c        0x0 linker stubs

.iplt           0x000000000800585c        0x0
 .iplt          0x000000000800585c        0x0 c:/st/stm32cubeide_1.4.0/stm32cubeide/plugins/com.st.stm32cube.ide.mcu.externaltools.gnu-tools-for-stm32.7-2018-q2-update.win32_1.5.0.202011040924/tools/bin/../lib/gcc/arm-none-eabi/7.3.1/thumb/v7-m/crtbegin.o

.rodata         0x000000000800585c     0x1564
                0x000000000800585c                . = ALIGN (0x4)
 *(.rodata)
 .rodata        0x000000000800585c      0x100 Core/Src/Eeprom.o
 *(.rodata*)
 .rodata.CalibrationFactoryWriteToFlash.str1.1
                0x000000000800595c       0x20 Core/Src/Eeprom.o
 .rodata.CalibrationReadFromFlash.str1.1
                0x000000000800597c       0x1a Core/Src/Eeprom.o
 .rodata.CalibrationReadFromFlashForVerify.str1.1
                0x0000000008005996       0x23 Core/Src/Eeprom.o
 .rodata.CalibrationWriteToFlash.str1.1
                0x00000000080059b9       0x19 Core/Src/Eeprom.o
 .rodata.CalibrationWriteToFlash_CRC.str1.1
                0x00000000080059d2       0x19 Core/Src/Eeprom.o
                                         0x53 (size before relaxing)
 .rodata.DataWhenPowerOffReadFromFlash.str1.1
                0x00000000080059d2       0x1f Core/Src/Eeprom.o
 .rodata.DataWhenPowerOffReadFromFlashForVerify.str1.1
                0x00000000080059f1       0x28 Core/Src/Eeprom.o
 .rodata.DataWhenPowerOff_Factory_WriteToFlash.str1.1
                0x0000000008005a19       0x27 Core/Src/Eeprom.o
 .rodata.FactoryWriteToFlash_CRC.str1.1
                0x0000000008005a40      0x132 Core/Src/Eeprom.o
 .rodata.ReadFromFlash.str1.1
                0x0000000008005b72       0x34 Core/Src/Eeprom.o
 .rodata.SettingsFactoryWriteToFlash.str1.1
                0x0000000008005ba6       0x1d Core/Src/Eeprom.o
 .rodata.SettingsReadFromFlash.str1.1
                0x0000000008005bc3       0x17 Core/Src/Eeprom.o
 .rodata.SettingsReadFromFlashForVerify.str1.1
                0x0000000008005bda       0x20 Core/Src/Eeprom.o
 .rodata.SettingsWriteToFlash.str1.1
                0x0000000008005bfa       0x16 Core/Src/Eeprom.o
 .rodata.SettingsWriteToFlash_CRC.str1.1
                0x0000000008005c10       0x16 Core/Src/Eeprom.o
                                         0x62 (size before relaxing)
 .rodata.flash_read.str1.1
                0x0000000008005c10       0x40 Core/Src/Eeprom.o
 .rodata.flash_write_block.str1.1
                0x0000000008005c50       0x15 Core/Src/Eeprom.o
 .rodata.InfoToUARTBeforeStart.str1.1
                0x0000000008005c65      0x250 Core/Src/General.o
 .rodata.WriteInLOG.str1.1
                0x0000000008005eb5        0x9 Core/Src/General.o
                                         0x11 (size before relaxing)
 *fill*         0x0000000008005ebe        0x2 
 .rodata.NULL_MENU
                0x0000000008005ec0       0x18 Core/Src/MicroMenu2_1.o
                0x0000000008005ec0                NULL_MENU
 .rodata.ClockOnLCD.str1.1
                0x0000000008005ed8        0x2 Core/Src/main.o
                                          0x4 (size before relaxing)
 .rodata.MenuBatterySimilation.str1.1
                0x0000000008005eda       0x10 Core/Src/main.o
 .rodata.MenuCalibrationWriteToFlash_Enter.str1.1
                0x0000000008005eea        0xc Core/Src/main.o
 .rodata.MenuCalibration_BackToFactory.str1.1
                0x0000000008005ef6       0x53 Core/Src/main.o
 .rodata.MenuCalibration_Current_x1.str1.1
                0x0000000008005f49        0x5 Core/Src/main.o
 .rodata.MenuCalibration_Current_x1_to_0.str1.1
                0x0000000008005f4e        0xf Core/Src/main.o
 .rodata.MenuCalibration_Resist_Comp_5V1A.str1.1
                0x0000000008005f5d        0xb Core/Src/main.o
 .rodata.MenuChargeAdapt.str1.1
                0x0000000008005f68       0x25 Core/Src/main.o
 .rodata.MenuChargeCC_CV.str1.1
                0x0000000008005f8d        0x5 Core/Src/main.o
                                          0x7 (size before relaxing)
 .rodata.MenuCharge_Enter.str1.1
                0x0000000008005f92        0x8 Core/Src/main.o
                                         0x10 (size before relaxing)
 .rodata.MenuDIAGNOSTIC.str1.1
                0x0000000008005f9a       0x4e Core/Src/main.o
                                         0x6b (size before relaxing)
 .rodata.MenuDisCharge.str1.1
                0x0000000008005fe8       0x15 Core/Src/main.o
                                         0x18 (size before relaxing)
 .rodata.MenuDischarge_Enter.str1.1
                0x0000000008005ffd        0x4 Core/Src/main.o
 .rodata.MenuLoad.str1.1
                0x0000000008006001        0xb Core/Src/main.o
                                          0xf (size before relaxing)
 .rodata.MenuLog.str1.1
                0x000000000800600c       0x20 Core/Src/main.o
 .rodata.MenuPowerSupply.str1.1
                0x000000000800602c        0xf Core/Src/main.o
 .rodata.MenuSettingsBatteryType.str1.1
                0x000000000800603b       0x75 Core/Src/main.o
 .rodata.MenuSettingsBatteryType_Enter.str1.1
                0x00000000080060b0       0x66 Core/Src/main.o
 .rodata.MenuSettingsChargeAddapt.str1.1
                0x0000000008006116        0x3 Core/Src/main.o
 .rodata.MenuSettingsChargeTime.str1.1
                0x0000000008006119        0x5 Core/Src/main.o
 .rodata.MenuSettingsLowVolt.str1.1
                0x000000000800611e        0x5 Core/Src/main.o
 .rodata.MenuSettingsOutAfterPowerUp.str1.1
                0x000000000800611e       0x33 Core/Src/main.o
 .rodata.MenuSettingsSaveMenuPosWhenOFF.str1.1
                0x0000000008006151       0x77 Core/Src/main.o
 .rodata.MenuSettingsSwngChrgTime.str1.1
                0x00000000080061c8        0x9 Core/Src/main.o
 .rodata.MenuSwing.str1.1
                0x00000000080061d1        0x8 Core/Src/main.o
                                          0xb (size before relaxing)
 .rodata.MenuTraining_new.str1.1
                0x00000000080061d9      0x101 Core/Src/main.o
                                        0x10d (size before relaxing)
 *fill*         0x00000000080062da        0x2 
 .rodata.Menu_1
                0x00000000080062dc       0x29 Core/Src/main.o
                0x00000000080062dc                Menu_1
 *fill*         0x0000000008006305        0x3 
 .rodata.Menu_10
                0x0000000008006308       0x29 Core/Src/main.o
                0x0000000008006308                Menu_10
 *fill*         0x0000000008006331        0x3 
 .rodata.Menu_10_1
                0x0000000008006334       0x29 Core/Src/main.o
                0x0000000008006334                Menu_10_1
 *fill*         0x000000000800635d        0x3 
 .rodata.Menu_10_10
                0x0000000008006360       0x29 Core/Src/main.o
                0x0000000008006360                Menu_10_10
 *fill*         0x0000000008006389        0x3 
 .rodata.Menu_10_1_1
                0x000000000800638c       0x29 Core/Src/main.o
                0x000000000800638c                Menu_10_1_1
 *fill*         0x00000000080063b5        0x3 
 .rodata.Menu_10_2
                0x00000000080063b8       0x29 Core/Src/main.o
                0x00000000080063b8                Menu_10_2
 *fill*         0x00000000080063e1        0x3 
 .rodata.Menu_10_2_1
                0x00000000080063e4       0x29 Core/Src/main.o
                0x00000000080063e4                Menu_10_2_1
 *fill*         0x000000000800640d        0x3 
 .rodata.Menu_10_3
                0x0000000008006410       0x29 Core/Src/main.o
                0x0000000008006410                Menu_10_3
 *fill*         0x0000000008006439        0x3 
 .rodata.Menu_10_3_1
                0x000000000800643c       0x29 Core/Src/main.o
                0x000000000800643c                Menu_10_3_1
 *fill*         0x0000000008006465        0x3 
 .rodata.Menu_10_4
                0x0000000008006468       0x29 Core/Src/main.o
                0x0000000008006468                Menu_10_4
 *fill*         0x0000000008006491        0x3 
 .rodata.Menu_10_4_1
                0x0000000008006494       0x29 Core/Src/main.o
                0x0000000008006494                Menu_10_4_1
 *fill*         0x00000000080064bd        0x3 
 .rodata.Menu_10_5
                0x00000000080064c0       0x29 Core/Src/main.o
                0x00000000080064c0                Menu_10_5
 *fill*         0x00000000080064e9        0x3 
 .rodata.Menu_10_5_1
                0x00000000080064ec       0x29 Core/Src/main.o
                0x00000000080064ec                Menu_10_5_1
 *fill*         0x0000000008006515        0x3 
 .rodata.Menu_10_6
                0x0000000008006518       0x29 Core/Src/main.o
                0x0000000008006518                Menu_10_6
 *fill*         0x0000000008006541        0x3 
 .rodata.Menu_10_6_1
                0x0000000008006544       0x29 Core/Src/main.o
                0x0000000008006544                Menu_10_6_1
 *fill*         0x000000000800656d        0x3 
 .rodata.Menu_10_7
                0x0000000008006570       0x29 Core/Src/main.o
                0x0000000008006570                Menu_10_7
 *fill*         0x0000000008006599        0x3 
 .rodata.Menu_10_7_1
                0x000000000800659c       0x19 Core/Src/main.o
                0x000000000800659c                Menu_10_7_1
 *fill*         0x00000000080065b5        0x3 
 .rodata.Menu_10_8
                0x00000000080065b8       0x29 Core/Src/main.o
                0x00000000080065b8                Menu_10_8
 *fill*         0x00000000080065e1        0x3 
 .rodata.Menu_10_8_1
                0x00000000080065e4       0x19 Core/Src/main.o
                0x00000000080065e4                Menu_10_8_1
 *fill*         0x00000000080065fd        0x3 
 .rodata.Menu_10_9
                0x0000000008006600       0x29 Core/Src/main.o
                0x0000000008006600                Menu_10_9
 *fill*         0x0000000008006629        0x3 
 .rodata.Menu_10_9_1
                0x000000000800662c       0x19 Core/Src/main.o
                0x000000000800662c                Menu_10_9_1
 *fill*         0x0000000008006645        0x3 
 .rodata.Menu_11
                0x0000000008006648       0x29 Core/Src/main.o
                0x0000000008006648                Menu_11
 *fill*         0x0000000008006671        0x3 
 .rodata.Menu_11_1
                0x0000000008006674       0x29 Core/Src/main.o
                0x0000000008006674                Menu_11_1
 *fill*         0x000000000800669d        0x3 
 .rodata.Menu_1_1
                0x00000000080066a0       0x29 Core/Src/main.o
                0x00000000080066a0                Menu_1_1
 *fill*         0x00000000080066c9        0x3 
 .rodata.Menu_1_1_1
                0x00000000080066cc       0x29 Core/Src/main.o
                0x00000000080066cc                Menu_1_1_1
 *fill*         0x00000000080066f5        0x3 
 .rodata.Menu_1_1_1a
                0x00000000080066f8       0x29 Core/Src/main.o
                0x00000000080066f8                Menu_1_1_1a
 *fill*         0x0000000008006721        0x3 
 .rodata.Menu_1_1a
                0x0000000008006724       0x29 Core/Src/main.o
                0x0000000008006724                Menu_1_1a
 *fill*         0x000000000800674d        0x3 
 .rodata.Menu_1_2
                0x0000000008006750       0x29 Core/Src/main.o
                0x0000000008006750                Menu_1_2
 *fill*         0x0000000008006779        0x3 
 .rodata.Menu_1_2_1
                0x000000000800677c       0x29 Core/Src/main.o
                0x000000000800677c                Menu_1_2_1
 *fill*         0x00000000080067a5        0x3 
 .rodata.Menu_1_3
                0x00000000080067a8       0x29 Core/Src/main.o
                0x00000000080067a8                Menu_1_3
 *fill*         0x00000000080067d1        0x3 
 .rodata.Menu_1_3_1
                0x00000000080067d4       0x29 Core/Src/main.o
                0x00000000080067d4                Menu_1_3_1
 *fill*         0x00000000080067fd        0x3 
 .rodata.Menu_1_4
                0x0000000008006800       0x29 Core/Src/main.o
                0x0000000008006800                Menu_1_4
 *fill*         0x0000000008006829        0x3 
 .rodata.Menu_1_4_1
                0x000000000800682c       0x29 Core/Src/main.o
                0x000000000800682c                Menu_1_4_1
 *fill*         0x0000000008006855        0x3 
 .rodata.Menu_1_5
                0x0000000008006858       0x29 Core/Src/main.o
                0x0000000008006858                Menu_1_5
 *fill*         0x0000000008006881        0x3 
 .rodata.Menu_1_5_1
                0x0000000008006884       0x29 Core/Src/main.o
                0x0000000008006884                Menu_1_5_1
 *fill*         0x00000000080068ad        0x3 
 .rodata.Menu_1_6
                0x00000000080068b0       0x29 Core/Src/main.o
                0x00000000080068b0                Menu_1_6
 *fill*         0x00000000080068d9        0x3 
 .rodata.Menu_1_6_1
                0x00000000080068dc       0x29 Core/Src/main.o
                0x00000000080068dc                Menu_1_6_1
 *fill*         0x0000000008006905        0x3 
 .rodata.Menu_1_7
                0x0000000008006908       0x29 Core/Src/main.o
                0x0000000008006908                Menu_1_7
 *fill*         0x0000000008006931        0x3 
 .rodata.Menu_1_S
                0x0000000008006934       0x29 Core/Src/main.o
                0x0000000008006934                Menu_1_S
 *fill*         0x000000000800695d        0x3 
 .rodata.Menu_1_SO
                0x0000000008006960       0x29 Core/Src/main.o
                0x0000000008006960                Menu_1_SO
 *fill*         0x0000000008006989        0x3 
 .rodata.Menu_1_SO_1
                0x000000000800698c       0x29 Core/Src/main.o
                0x000000000800698c                Menu_1_SO_1
 *fill*         0x00000000080069b5        0x3 
 .rodata.Menu_1_S_1
                0x00000000080069b8       0x29 Core/Src/main.o
                0x00000000080069b8                Menu_1_S_1
 *fill*         0x00000000080069e1        0x3 
 .rodata.Menu_2
                0x00000000080069e4       0x29 Core/Src/main.o
                0x00000000080069e4                Menu_2
 *fill*         0x0000000008006a0d        0x3 
 .rodata.Menu_2_1
                0x0000000008006a10       0x29 Core/Src/main.o
                0x0000000008006a10                Menu_2_1
 *fill*         0x0000000008006a39        0x3 
 .rodata.Menu_3
                0x0000000008006a3c       0x29 Core/Src/main.o
                0x0000000008006a3c                Menu_3
 *fill*         0x0000000008006a65        0x3 
 .rodata.Menu_3_1
                0x0000000008006a68       0x29 Core/Src/main.o
                0x0000000008006a68                Menu_3_1
 *fill*         0x0000000008006a91        0x3 
 .rodata.Menu_4
                0x0000000008006a94       0x29 Core/Src/main.o
                0x0000000008006a94                Menu_4
 *fill*         0x0000000008006abd        0x3 
 .rodata.Menu_4_1
                0x0000000008006ac0       0x29 Core/Src/main.o
                0x0000000008006ac0                Menu_4_1
 *fill*         0x0000000008006ae9        0x3 
 .rodata.Menu_5
                0x0000000008006aec       0x29 Core/Src/main.o
                0x0000000008006aec                Menu_5
 *fill*         0x0000000008006b15        0x3 
 .rodata.Menu_5_1
                0x0000000008006b18       0x29 Core/Src/main.o
                0x0000000008006b18                Menu_5_1
 *fill*         0x0000000008006b41        0x3 
 .rodata.Menu_6
                0x0000000008006b44       0x29 Core/Src/main.o
                0x0000000008006b44                Menu_6
 *fill*         0x0000000008006b6d        0x3 
 .rodata.Menu_6_1
                0x0000000008006b70       0x29 Core/Src/main.o
                0x0000000008006b70                Menu_6_1
 *fill*         0x0000000008006b99        0x3 
 .rodata.Menu_6_1a
                0x0000000008006b9c       0x29 Core/Src/main.o
                0x0000000008006b9c                Menu_6_1a
 *fill*         0x0000000008006bc5        0x3 
 .rodata.Menu_6a
                0x0000000008006bc8       0x29 Core/Src/main.o
                0x0000000008006bc8                Menu_6a
 *fill*         0x0000000008006bf1        0x3 
 .rodata.Menu_7
                0x0000000008006bf4       0x29 Core/Src/main.o
                0x0000000008006bf4                Menu_7
 *fill*         0x0000000008006c1d        0x3 
 .rodata.Menu_7_1
                0x0000000008006c20       0x29 Core/Src/main.o
                0x0000000008006c20                Menu_7_1
 *fill*         0x0000000008006c49        0x3 
 .rodata.Menu_8
                0x0000000008006c4c       0x29 Core/Src/main.o
                0x0000000008006c4c                Menu_8
 *fill*         0x0000000008006c75        0x3 
 .rodata.Menu_8_1
                0x0000000008006c78       0x29 Core/Src/main.o
                0x0000000008006c78                Menu_8_1
 *fill*         0x0000000008006ca1        0x3 
 .rodata.Menu_8a
                0x0000000008006ca4       0x29 Core/Src/main.o
                0x0000000008006ca4                Menu_8a
 *fill*         0x0000000008006ccd        0x3 
 .rodata.Menu_8a_1
                0x0000000008006cd0       0x29 Core/Src/main.o
                0x0000000008006cd0                Menu_8a_1
 *fill*         0x0000000008006cf9        0x3 
 .rodata.Menu_9
                0x0000000008006cfc       0x29 Core/Src/main.o
                0x0000000008006cfc                Menu_9
 *fill*         0x0000000008006d25        0x3 
 .rodata.Menu_9_1
                0x0000000008006d28       0x29 Core/Src/main.o
                0x0000000008006d28                Menu_9_1
 .rodata.charge1.str1.1
                0x0000000008006d51      0x101 Core/Src/main.o
                                          0x7 (size before relaxing)
 .rodata.discharge1.str1.1
                0x0000000008006d51        0xa Core/Src/main.o
 .rodata.main.str1.1
                0x0000000008006d5b       0x4d Core/Src/main.o
                                         0x6f (size before relaxing)
 .rodata.AHBPrescTable
                0x0000000008006da8       0x10 Core/Src/system_stm32f1xx.o
                0x0000000008006da8                AHBPrescTable
 .rodata.APBPrescTable
                0x0000000008006db8        0x8 Core/Src/system_stm32f1xx.o
                0x0000000008006db8                APBPrescTable
                0x0000000008006e54                . = ALIGN (0x4)

.rel.dyn        0x0000000008006dc0        0x0
 .rel.iplt      0x0000000008006dc0        0x0 c:/st/stm32cubeide_1.4.0/stm32cubeide/plugins/com.st.stm32cube.ide.mcu.externaltools.gnu-tools-for-stm32.7-2018-q2-update.win32_1.5.0.202011040924/tools/bin/../lib/gcc/arm-none-eabi/7.3.1/thumb/v7-m/crtbegin.o

.ARM.extab      0x0000000008006dc0        0x0
                0x0000000008006dc0                . = ALIGN (0x4)
 *(.ARM.extab* .gnu.linkonce.armextab.*)
                0x0000000008006dc0                . = ALIGN (0x4)

.ARM            0x0000000008006dc0        0x0
                0x0000000008006dc0                . = ALIGN (0x4)
                0x0000000008006dc0                __exidx_start = .
 *(.ARM.exidx*)
                0x0000000008006dc0                __exidx_end = .
                0x0000000008006dc0                . = ALIGN (0x4)

.preinit_array  0x0000000008006dc0        0x0
                0x0000000008006dc0                . = ALIGN (0x4)
                0x0000000008006dc0                PROVIDE (__preinit_array_start = .)
 *(.preinit_array*)
                0x0000000008006dc0                PROVIDE (__preinit_array_end = .)
                0x0000000008006dc0                . = ALIGN (0x4)

.init_array     0x0000000008006dc0        0x4
                0x0000000008006dc0                . = ALIGN (0x4)
                0x0000000008006dc0                PROVIDE (__init_array_start = .)
 *(SORT_BY_NAME(.init_array.*))
 *(.init_array*)
 .init_array    0x0000000008006dc0        0x4 c:/st/stm32cubeide_1.4.0/stm32cubeide/plugins/com.st.stm32cube.ide.mcu.externaltools.gnu-tools-for-stm32.7-2018-q2-update.win32_1.5.0.202011040924/tools/bin/../lib/gcc/arm-none-eabi/7.3.1/thumb/v7-m/crtbegin.o
                0x0000000008006dc4                PROVIDE (__init_array_end = .)
                0x0000000008006dc4                . = ALIGN (0x4)

.fini_array     0x0000000008006dc4        0x4
                0x0000000008006dc4                . = ALIGN (0x4)
                [!provide]                        PROVIDE (__fini_array_start = .)
 *(SORT_BY_NAME(.fini_array.*))
 *(.fini_array*)
 .fini_array    0x0000000008006dc4        0x4 c:/st/stm32cubeide_1.4.0/stm32cubeide/plugins/com.st.stm32cube.ide.mcu.externaltools.gnu-tools-for-stm32.7-2018-q2-update.win32_1.5.0.202011040924/tools/bin/../lib/gcc/arm-none-eabi/7.3.1/thumb/v7-m/crtbegin.o
                [!provide]                        PROVIDE (__fini_array_end = .)
                0x0000000008006dc8                . = ALIGN (0x4)
                0x0000000008006dc8                _sidata = LOADADDR (.data)

.data           0x0000000020000000      0x294 load address 0x0000000008006dc8
                0x0000000020000000                . = ALIGN (0x4)
                0x0000000020000000                _sdata = .
 *(.data)
 *(.data*)
 .data.EEpromReadStatus
                0x0000000020000000        0x1 Core/Src/Eeprom.o
 *fill*         0x0000000020000001        0x3 
 .data.CalibrationData
                0x0000000020000004       0x50 Core/Src/General.o
                0x0000000020000004                CalibrationData
 .data.CalibrationDataFactory
                0x0000000020000054       0x50 Core/Src/General.o
                0x0000000020000054                CalibrationDataFactory
 .data.CalibrationDataForVerify
                0x00000000200000a4       0x50 Core/Src/General.o
                0x00000000200000a4                CalibrationDataForVerify
 .data.SaveDataWhenPowerOff
                0x00000000200000f4       0x20 Core/Src/General.o
                0x00000000200000f4                SaveDataWhenPowerOff
 .data.SaveDataWhenPowerOffFactory
                0x0000000020000114       0x20 Core/Src/General.o
                0x0000000020000114                SaveDataWhenPowerOffFactory
 .data.SaveDataWhenPowerOffForVerify
                0x0000000020000134       0x20 Core/Src/General.o
                0x0000000020000134                SaveDataWhenPowerOffForVerify
 .data.SettingsData
                0x0000000020000154       0x48 Core/Src/General.o
                0x0000000020000154                SettingsData
 .data.SettingsDataFactory
                0x000000002000019c       0x48 Core/Src/General.o
                0x000000002000019c                SettingsDataFactory
 .data.SettingsDataForVerify
                0x00000000200001e4       0x48 Core/Src/General.o
                0x00000000200001e4                SettingsDataForVerify
 .data.T_Table  0x000000002000022c       0x20 Core/Src/General.o
                0x000000002000022c                T_Table
 .data.CurrentMenuItem
                0x000000002000024c        0x4 Core/Src/MicroMenu2_1.o
 .data.russ     0x0000000020000250       0x20 Core/Src/hd44780_driver.o
                0x0000000020000250                russ
 .data.ChargeDischargeStatus
                0x0000000020000270        0x1 Core/Src/main.o
                0x0000000020000270                ChargeDischargeStatus
 *fill*         0x0000000020000271        0x1 
 .data.DAC_CurrentCounter
                0x0000000020000272        0x2 Core/Src/main.o
                0x0000000020000272                DAC_CurrentCounter
 .data.DAC_step
                0x0000000020000274        0x2 Core/Src/main.o
                0x0000000020000274                DAC_step
 *fill*         0x0000000020000276        0x2 
 .data.OutStateAfterPowerUp
                0x0000000020000278        0x4 Core/Src/main.o
                0x0000000020000278                OutStateAfterPowerUp
 .data.ResistanceComp_Voltage.8635
                0x000000002000027c        0x2 Core/Src/main.o
 .data.Version  0x000000002000027e       0x12 Core/Src/main.o
                0x000000002000027e                Version
 .data.SystemCoreClock
                0x0000000020000290        0x4 Core/Src/system_stm32f1xx.o
                0x0000000020000290                SystemCoreClock
                0x0000000020000294                . = ALIGN (0x4)
                0x0000000020000294                _edata = .

.igot.plt       0x0000000020000294        0x0 load address 0x000000000800705c
 .igot.plt      0x0000000020000294        0x0 c:/st/stm32cubeide_1.4.0/stm32cubeide/plugins/com.st.stm32cube.ide.mcu.externaltools.gnu-tools-for-stm32.7-2018-q2-update.win32_1.5.0.202011040924/tools/bin/../lib/gcc/arm-none-eabi/7.3.1/thumb/v7-m/crtbegin.o
                0x0000000020000294                . = ALIGN (0x4)

.bss            0x0000000020000294      0x770 load address 0x000000000800705c
                0x0000000020000294                _sbss = .
                0x0000000020000294                __bss_start__ = _sbss
 *(.bss)
 .bss           0x0000000020000294       0x1c c:/st/stm32cubeide_1.4.0/stm32cubeide/plugins/com.st.stm32cube.ide.mcu.externaltools.gnu-tools-for-stm32.7-2018-q2-update.win32_1.5.0.202011040924/tools/bin/../lib/gcc/arm-none-eabi/7.3.1/thumb/v7-m/crtbegin.o
 *(.bss*)
 .bss.Count1000mSecond
                0x00000000200002b0        0x2 Core/Src/General.o
                0x00000000200002b0                Count1000mSecond
 .bss.Count100mSecond
                0x00000000200002b2        0x2 Core/Src/General.o
                0x00000000200002b2                Count100mSecond
 .bss.Count10mSecond
                0x00000000200002b4        0x2 Core/Src/General.o
                0x00000000200002b4                Count10mSecond
 .bss.Current_x1
                0x00000000200002b6        0x2 Core/Src/General.o
                0x00000000200002b6                Current_x1
 .bss.Current_x50
                0x00000000200002b8        0x2 Core/Src/General.o
                0x00000000200002b8                Current_x50
 *fill*         0x00000000200002ba        0x2 
 .bss.Temperature_Out
                0x00000000200002bc        0x4 Core/Src/General.o
                0x00000000200002bc                Temperature_Out
 .bss.U_OUT_ForSetResistance
                0x00000000200002c0        0x2 Core/Src/General.o
                0x00000000200002c0                U_OUT_ForSetResistance
 .bss.bufferUart1
                0x00000000200002c2      0x45c Core/Src/General.o
                0x00000000200002c2                bufferUart1
 *fill*         0x000000002000071e        0x2 
 .bss.InputValueI1.5088
                0x0000000020000720        0xc Core/Src/Lib.o
 .bss.InputValueI2.5096
                0x000000002000072c        0xc Core/Src/Lib.o
 .bss.InputValueU1.5104
                0x0000000020000738        0xc Core/Src/Lib.o
 .bss.s1.4950   0x0000000020000744       0x10 Core/Src/Lib.o
 .bss.s1.4979   0x0000000020000754       0x11 Core/Src/Lib.o
 *fill*         0x0000000020000765        0x3 
 .bss.MenuWriteFunc
                0x0000000020000768        0x4 Core/Src/MicroMenu2_1.o
 .bss.pos_x     0x000000002000076c        0x1 Core/Src/hd44780_driver.o
                0x000000002000076c                pos_x
 .bss.pos_y     0x000000002000076d        0x1 Core/Src/hd44780_driver.o
                0x000000002000076d                pos_y
 *fill*         0x000000002000076e        0x2 
 .bss.BatteryCapacityCharge
                0x0000000020000770        0x4 Core/Src/main.o
                0x0000000020000770                BatteryCapacityCharge
 .bss.BatteryCapacityDischargeCurrent
                0x0000000020000774        0x4 Core/Src/main.o
                0x0000000020000774                BatteryCapacityDischargeCurrent
 .bss.BatteryCapacityDischargeCurrentAfterPOwerUp
                0x0000000020000778        0x4 Core/Src/main.o
                0x0000000020000778                BatteryCapacityDischargeCurrentAfterPOwerUp
 .bss.BatteryLow
                0x000000002000077c        0x1 Core/Src/main.o
                0x000000002000077c                BatteryLow
 .bss.Blink_message_counter
                0x000000002000077d        0x1 Core/Src/main.o
                0x000000002000077d                Blink_message_counter
 .bss.ChargeDischargeState
                0x000000002000077e        0x1 Core/Src/main.o
                0x000000002000077e                ChargeDischargeState
 .bss.ChargeStatusForTimer
                0x000000002000077f        0x1 Core/Src/main.o
                0x000000002000077f                ChargeStatusForTimer
 .bss.ChargeTimeSec
                0x0000000020000780        0x4 Core/Src/main.o
                0x0000000020000780                ChargeTimeSec
 .bss.CheckingCapacityCounter
                0x0000000020000784        0x1 Core/Src/main.o
                0x0000000020000784                CheckingCapacityCounter
 .bss.CountShow
                0x0000000020000785        0x1 Core/Src/main.o
                0x0000000020000785                CountShow
 .bss.CountShow1
                0x0000000020000786        0x1 Core/Src/main.o
                0x0000000020000786                CountShow1
 .bss.CountShowBT
                0x0000000020000787        0x1 Core/Src/main.o
                0x0000000020000787                CountShowBT
 .bss.DAC_VoltageCounter
                0x0000000020000788        0x2 Core/Src/main.o
                0x0000000020000788                DAC_VoltageCounter
 .bss.DisChargeStatusForTimer
                0x000000002000078a        0x1 Core/Src/main.o
                0x000000002000078a                DisChargeStatusForTimer
 *fill*         0x000000002000078b        0x1 
 .bss.DischargeTimeSec
                0x000000002000078c        0x4 Core/Src/main.o
                0x000000002000078c                DischargeTimeSec
 .bss.DischargeTimeSec_Previous
                0x0000000020000790        0x4 Core/Src/main.o
                0x0000000020000790                DischargeTimeSec_Previous
 .bss.EnterInMenu_Status
                0x0000000020000794        0x1 Core/Src/main.o
                0x0000000020000794                EnterInMenu_Status
 .bss.InitiStatus
                0x0000000020000795        0x1 Core/Src/main.o
                0x0000000020000795                InitiStatus
 .bss.On_off    0x0000000020000796        0x1 Core/Src/main.o
                0x0000000020000796                On_off
 .bss.Status_Load
                0x0000000020000797        0x1 Core/Src/main.o
                0x0000000020000797                Status_Load
 .bss.Status_Out
                0x0000000020000798        0x1 Core/Src/main.o
                0x0000000020000798                Status_Out
 .bss.Status_Timer_Sec
                0x0000000020000799        0x1 Core/Src/main.o
                0x0000000020000799                Status_Timer_Sec
 *fill*         0x000000002000079a        0x2 
 .bss.SumI1     0x000000002000079c        0x4 Core/Src/main.o
                0x000000002000079c                SumI1
 .bss.SumI1Counter
                0x00000000200007a0        0x2 Core/Src/main.o
                0x00000000200007a0                SumI1Counter
 *fill*         0x00000000200007a2        0x2 
 .bss.SumI2     0x00000000200007a4        0x4 Core/Src/main.o
                0x00000000200007a4                SumI2
 .bss.SumI2Counter
                0x00000000200007a8        0x2 Core/Src/main.o
                0x00000000200007a8                SumI2Counter
 *fill*         0x00000000200007aa        0x2 
 .bss.SumU1     0x00000000200007ac        0x4 Core/Src/main.o
                0x00000000200007ac                SumU1
 .bss.SumU1Counter
                0x00000000200007b0        0x2 Core/Src/main.o
                0x00000000200007b0                SumU1Counter
 *fill*         0x00000000200007b2        0x2 
 .bss.TimerForReadyMeasurement_ms
                0x00000000200007b4        0x4 Core/Src/main.o
                0x00000000200007b4                TimerForReadyMeasurement_ms
 .bss.Timer_Sec
                0x00000000200007b8        0x4 Core/Src/main.o
                0x00000000200007b8                Timer_Sec
 .bss.U_BatteryTmp
                0x00000000200007bc        0x2 Core/Src/main.o
                0x00000000200007bc                U_BatteryTmp
 *fill*         0x00000000200007be        0x2 
 .bss.U_Battery_Timer
                0x00000000200007c0        0x4 Core/Src/main.o
                0x00000000200007c0                U_Battery_Timer
 .bss.bufEnc    0x00000000200007c4        0x1 Core/Src/main.o
                0x00000000200007c4                bufEnc
 *fill*         0x00000000200007c5        0x1 
 .bss.comp      0x00000000200007c6        0x2 Core/Src/main.o
                0x00000000200007c6                comp
 .bss.i_LogItems
                0x00000000200007c8        0x2 Core/Src/main.o
                0x00000000200007c8                i_LogItems
 .bss.stateEnc.8739
                0x00000000200007ca        0x1 Core/Src/main.o
 *fill*         0x00000000200007cb        0x1 
 .bss.time_sec  0x00000000200007cc        0x4 Core/Src/main.o
                0x00000000200007cc                time_sec
 *(COMMON)
 COMMON         0x00000000200007d0      0x224 Core/Src/Eeprom.o
                0x00000000200007d0                U_12V
                0x00000000200007d4                Temperature
                0x00000000200007d8                Current_RAW
                0x00000000200007dc                Temp_R_A_B
                0x000000002000083c                U_IN
                0x000000002000083e                Current
                0x0000000020000840                RegularConvData
                0x000000002000084c                U_Controller
                0x000000002000084e                U_OUT
                0x0000000020000850                Rt
                0x0000000020000854                U_PS
                0x0000000020000858                LoggingData
 COMMON         0x00000000200009f4       0x10 Core/Src/main.o
                0x00000000200009f4                FineKeyState
                0x00000000200009f8                SelectedOptionValue1
                0x00000000200009fc                ChargeDurationSec
                0x0000000020000a00                SelectedOptionValue
                0x0000000020000a04                . = ALIGN (0x4)
                0x0000000020000a04                _ebss = .
                0x0000000020000a04                __bss_end__ = _ebss

._user_heap_stack
                0x0000000020000a04      0x604 load address 0x000000000800705c
                0x0000000020000a08                . = ALIGN (0x8)
 *fill*         0x0000000020000a04        0x4 
                [!provide]                        PROVIDE (end = .)
                0x0000000020000a08                PROVIDE (_end = .)
                0x0000000020000c08                . = (. + _Min_Heap_Size)
 *fill*         0x0000000020000a08      0x200 
                0x0000000020001008                . = (. + _Min_Stack_Size)
 *fill*         0x0000000020000c08      0x400 
                0x0000000020001008                . = ALIGN (0x8)

/DISCARD/
 libc.a(*)
 libm.a(*)
 libgcc.a(*)

.ARM.attributes
                0x0000000000000000       0x29
 *(.ARM.attributes)
 .ARM.attributes
                0x0000000000000000       0x1d c:/st/stm32cubeide_1.4.0/stm32cubeide/plugins/com.st.stm32cube.ide.mcu.externaltools.gnu-tools-for-stm32.7-2018-q2-update.win32_1.5.0.202011040924/tools/bin/../lib/gcc/arm-none-eabi/7.3.1/thumb/v7-m/crti.o
 .ARM.attributes
                0x000000000000001d       0x2d c:/st/stm32cubeide_1.4.0/stm32cubeide/plugins/com.st.stm32cube.ide.mcu.externaltools.gnu-tools-for-stm32.7-2018-q2-update.win32_1.5.0.202011040924/tools/bin/../lib/gcc/arm-none-eabi/7.3.1/thumb/v7-m/crtbegin.o
 .ARM.attributes
                0x000000000000004a       0x33 Core/Src/Eeprom.o
 .ARM.attributes
                0x000000000000007d       0x33 Core/Src/General.o
 .ARM.attributes
                0x00000000000000b0       0x33 Core/Src/Lib.o
 .ARM.attributes
                0x00000000000000e3       0x33 Core/Src/MicroMenu2_1.o
 .ARM.attributes
                0x0000000000000116       0x33 Core/Src/hd44780_driver.o
 .ARM.attributes
                0x0000000000000149       0x33 Core/Src/main.o
 .ARM.attributes
                0x000000000000017c       0x33 Core/Src/stm32f1xx_it.o
 .ARM.attributes
                0x00000000000001af       0x33 Core/Src/system_stm32f1xx.o
 .ARM.attributes
                0x00000000000001e2       0x33 Core/Src/usart.o
 .ARM.attributes
                0x0000000000000215       0x21 Core/Startup/startup_stm32f100c8tx.o
 .ARM.attributes
                0x0000000000000236       0x33 Drivers/STM32F1xx_HAL_Driver/Src/stm32f1xx_ll_adc.o
 .ARM.attributes
                0x0000000000000269       0x33 Drivers/STM32F1xx_HAL_Driver/Src/stm32f1xx_ll_dac.o
 .ARM.attributes
                0x000000000000029c       0x33 Drivers/STM32F1xx_HAL_Driver/Src/stm32f1xx_ll_gpio.o
 .ARM.attributes
                0x00000000000002cf       0x33 Drivers/STM32F1xx_HAL_Driver/Src/stm32f1xx_ll_rcc.o
 .ARM.attributes
                0x0000000000000302       0x33 Drivers/STM32F1xx_HAL_Driver/Src/stm32f1xx_ll_tim.o
 .ARM.attributes
                0x0000000000000335       0x33 Drivers/STM32F1xx_HAL_Driver/Src/stm32f1xx_ll_usart.o
 .ARM.attributes
                0x0000000000000368       0x33 Drivers/STM32F1xx_HAL_Driver/Src/stm32f1xx_ll_utils.o
 .ARM.attributes
                0x000000000000039b       0x2d c:/st/stm32cubeide_1.4.0/stm32cubeide/plugins/com.st.stm32cube.ide.mcu.externaltools.gnu-tools-for-stm32.7-2018-q2-update.win32_1.5.0.202011040924/tools/bin/../lib/gcc/arm-none-eabi/7.3.1/../../../../arm-none-eabi/lib/thumb/v7-m\libc_nano.a(lib_a-init.o)
 .ARM.attributes
                0x00000000000003c8       0x2d c:/st/stm32cubeide_1.4.0/stm32cubeide/plugins/com.st.stm32cube.ide.mcu.externaltools.gnu-tools-for-stm32.7-2018-q2-update.win32_1.5.0.202011040924/tools/bin/../lib/gcc/arm-none-eabi/7.3.1/../../../../arm-none-eabi/lib/thumb/v7-m\libc_nano.a(lib_a-memcpy-stub.o)
 .ARM.attributes
                0x00000000000003f5       0x2d c:/st/stm32cubeide_1.4.0/stm32cubeide/plugins/com.st.stm32cube.ide.mcu.externaltools.gnu-tools-for-stm32.7-2018-q2-update.win32_1.5.0.202011040924/tools/bin/../lib/gcc/arm-none-eabi/7.3.1/../../../../arm-none-eabi/lib/thumb/v7-m\libc_nano.a(lib_a-memset.o)
 .ARM.attributes
                0x0000000000000422       0x1d c:/st/stm32cubeide_1.4.0/stm32cubeide/plugins/com.st.stm32cube.ide.mcu.externaltools.gnu-tools-for-stm32.7-2018-q2-update.win32_1.5.0.202011040924/tools/bin/../lib/gcc/arm-none-eabi/7.3.1/thumb/v7-m/crtn.o
OUTPUT(LinearPowerSupply_PS1401mA.elf elf32-littlearm)

.debug_info     0x0000000000000000    0x1240b
 .debug_info    0x0000000000000000     0x2135 Core/Src/Eeprom.o
 .debug_info    0x0000000000002135     0x103c Core/Src/General.o
 .debug_info    0x0000000000003171      0xa9c Core/Src/Lib.o
 .debug_info    0x0000000000003c0d      0x2a5 Core/Src/MicroMenu2_1.o
 .debug_info    0x0000000000003eb2     0x10b1 Core/Src/hd44780_driver.o
 .debug_info    0x0000000000004f63     0x7fe5 Core/Src/main.o
 .debug_info    0x000000000000cf48      0x96b Core/Src/stm32f1xx_it.o
 .debug_info    0x000000000000d8b3      0x253 Core/Src/system_stm32f1xx.o
 .debug_info    0x000000000000db06      0xb99 Core/Src/usart.o
 .debug_info    0x000000000000e69f       0x22 Core/Startup/startup_stm32f100c8tx.o
 .debug_info    0x000000000000e6c1      0x8ef Drivers/STM32F1xx_HAL_Driver/Src/stm32f1xx_ll_adc.o
 .debug_info    0x000000000000efb0      0x44c Drivers/STM32F1xx_HAL_Driver/Src/stm32f1xx_ll_dac.o
 .debug_info    0x000000000000f3fc      0x813 Drivers/STM32F1xx_HAL_Driver/Src/stm32f1xx_ll_gpio.o
 .debug_info    0x000000000000fc0f      0x62d Drivers/STM32F1xx_HAL_Driver/Src/stm32f1xx_ll_rcc.o
 .debug_info    0x000000000001023c     0x1205 Drivers/STM32F1xx_HAL_Driver/Src/stm32f1xx_ll_tim.o
 .debug_info    0x0000000000011441      0x771 Drivers/STM32F1xx_HAL_Driver/Src/stm32f1xx_ll_usart.o
 .debug_info    0x0000000000011bb2      0x859 Drivers/STM32F1xx_HAL_Driver/Src/stm32f1xx_ll_utils.o

.debug_abbrev   0x0000000000000000     0x281d
 .debug_abbrev  0x0000000000000000      0x347 Core/Src/Eeprom.o
 .debug_abbrev  0x0000000000000347      0x2ab Core/Src/General.o
 .debug_abbrev  0x00000000000005f2      0x1da Core/Src/Lib.o
 .debug_abbrev  0x00000000000007cc      0x1d6 Core/Src/MicroMenu2_1.o
 .debug_abbrev  0x00000000000009a2      0x313 Core/Src/hd44780_driver.o
 .debug_abbrev  0x0000000000000cb5      0x5f9 Core/Src/main.o
 .debug_abbrev  0x00000000000012ae      0x1ce Core/Src/stm32f1xx_it.o
 .debug_abbrev  0x000000000000147c      0x111 Core/Src/system_stm32f1xx.o
 .debug_abbrev  0x000000000000158d      0x259 Core/Src/usart.o
 .debug_abbrev  0x00000000000017e6       0x12 Core/Startup/startup_stm32f100c8tx.o
 .debug_abbrev  0x00000000000017f8      0x1f5 Drivers/STM32F1xx_HAL_Driver/Src/stm32f1xx_ll_adc.o
 .debug_abbrev  0x00000000000019ed      0x1cc Drivers/STM32F1xx_HAL_Driver/Src/stm32f1xx_ll_dac.o
 .debug_abbrev  0x0000000000001bb9      0x23e Drivers/STM32F1xx_HAL_Driver/Src/stm32f1xx_ll_gpio.o
 .debug_abbrev  0x0000000000001df7      0x27c Drivers/STM32F1xx_HAL_Driver/Src/stm32f1xx_ll_rcc.o
 .debug_abbrev  0x0000000000002073      0x26a Drivers/STM32F1xx_HAL_Driver/Src/stm32f1xx_ll_tim.o
 .debug_abbrev  0x00000000000022dd      0x252 Drivers/STM32F1xx_HAL_Driver/Src/stm32f1xx_ll_usart.o
 .debug_abbrev  0x000000000000252f      0x2ee Drivers/STM32F1xx_HAL_Driver/Src/stm32f1xx_ll_utils.o

.debug_loc      0x0000000000000000     0x5320
 .debug_loc     0x0000000000000000      0x302 Core/Src/Eeprom.o
 .debug_loc     0x0000000000000302      0x470 Core/Src/General.o
 .debug_loc     0x0000000000000772      0xe31 Core/Src/Lib.o
 .debug_loc     0x00000000000015a3       0xe2 Core/Src/MicroMenu2_1.o
 .debug_loc     0x0000000000001685      0x5af Core/Src/hd44780_driver.o
 .debug_loc     0x0000000000001c34     0x13b8 Core/Src/main.o
 .debug_loc     0x0000000000002fec       0xe2 Core/Src/system_stm32f1xx.o
 .debug_loc     0x00000000000030ce      0x2c1 Core/Src/usart.o
 .debug_loc     0x000000000000338f      0x324 Drivers/STM32F1xx_HAL_Driver/Src/stm32f1xx_ll_adc.o
 .debug_loc     0x00000000000036b3      0x173 Drivers/STM32F1xx_HAL_Driver/Src/stm32f1xx_ll_dac.o
 .debug_loc     0x0000000000003826      0x4a6 Drivers/STM32F1xx_HAL_Driver/Src/stm32f1xx_ll_gpio.o
 .debug_loc     0x0000000000003ccc      0x19a Drivers/STM32F1xx_HAL_Driver/Src/stm32f1xx_ll_rcc.o
 .debug_loc     0x0000000000003e66      0xd24 Drivers/STM32F1xx_HAL_Driver/Src/stm32f1xx_ll_tim.o
 .debug_loc     0x0000000000004b8a      0x3b3 Drivers/STM32F1xx_HAL_Driver/Src/stm32f1xx_ll_usart.o
 .debug_loc     0x0000000000004f3d      0x3e3 Drivers/STM32F1xx_HAL_Driver/Src/stm32f1xx_ll_utils.o

.debug_aranges  0x0000000000000000      0x858
 .debug_aranges
                0x0000000000000000       0xe8 Core/Src/Eeprom.o
 .debug_aranges
                0x00000000000000e8       0x50 Core/Src/General.o
 .debug_aranges
                0x0000000000000138       0xc8 Core/Src/Lib.o
 .debug_aranges
                0x0000000000000200       0x38 Core/Src/MicroMenu2_1.o
 .debug_aranges
                0x0000000000000238       0xa8 Core/Src/hd44780_driver.o
 .debug_aranges
                0x00000000000002e0      0x250 Core/Src/main.o
 .debug_aranges
                0x0000000000000530       0x50 Core/Src/stm32f1xx_it.o
 .debug_aranges
                0x0000000000000580       0x28 Core/Src/system_stm32f1xx.o
 .debug_aranges
                0x00000000000005a8       0x60 Core/Src/usart.o
 .debug_aranges
                0x0000000000000608       0x28 Core/Startup/startup_stm32f100c8tx.o
 .debug_aranges
                0x0000000000000630       0x68 Drivers/STM32F1xx_HAL_Driver/Src/stm32f1xx_ll_adc.o
 .debug_aranges
                0x0000000000000698       0x30 Drivers/STM32F1xx_HAL_Driver/Src/stm32f1xx_ll_dac.o
 .debug_aranges
                0x00000000000006c8       0x30 Drivers/STM32F1xx_HAL_Driver/Src/stm32f1xx_ll_gpio.o
 .debug_aranges
                0x00000000000006f8       0x58 Drivers/STM32F1xx_HAL_Driver/Src/stm32f1xx_ll_rcc.o
 .debug_aranges
                0x0000000000000750       0x80 Drivers/STM32F1xx_HAL_Driver/Src/stm32f1xx_ll_tim.o
 .debug_aranges
                0x00000000000007d0       0x40 Drivers/STM32F1xx_HAL_Driver/Src/stm32f1xx_ll_usart.o
 .debug_aranges
                0x0000000000000810       0x48 Drivers/STM32F1xx_HAL_Driver/Src/stm32f1xx_ll_utils.o

.debug_ranges   0x0000000000000000      0xe48
 .debug_ranges  0x0000000000000000       0xd8 Core/Src/Eeprom.o
 .debug_ranges  0x00000000000000d8       0x80 Core/Src/General.o
 .debug_ranges  0x0000000000000158       0xb8 Core/Src/Lib.o
 .debug_ranges  0x0000000000000210       0x40 Core/Src/MicroMenu2_1.o
 .debug_ranges  0x0000000000000250       0x98 Core/Src/hd44780_driver.o
 .debug_ranges  0x00000000000002e8      0x6c0 Core/Src/main.o
 .debug_ranges  0x00000000000009a8       0x40 Core/Src/stm32f1xx_it.o
 .debug_ranges  0x00000000000009e8       0x18 Core/Src/system_stm32f1xx.o
 .debug_ranges  0x0000000000000a00       0x50 Core/Src/usart.o
 .debug_ranges  0x0000000000000a50       0x20 Core/Startup/startup_stm32f100c8tx.o
 .debug_ranges  0x0000000000000a70       0x70 Drivers/STM32F1xx_HAL_Driver/Src/stm32f1xx_ll_adc.o
 .debug_ranges  0x0000000000000ae0       0x50 Drivers/STM32F1xx_HAL_Driver/Src/stm32f1xx_ll_dac.o
 .debug_ranges  0x0000000000000b30       0x80 Drivers/STM32F1xx_HAL_Driver/Src/stm32f1xx_ll_gpio.o
 .debug_ranges  0x0000000000000bb0       0xc8 Drivers/STM32F1xx_HAL_Driver/Src/stm32f1xx_ll_rcc.o
 .debug_ranges  0x0000000000000c78       0xb8 Drivers/STM32F1xx_HAL_Driver/Src/stm32f1xx_ll_tim.o
 .debug_ranges  0x0000000000000d30       0x48 Drivers/STM32F1xx_HAL_Driver/Src/stm32f1xx_ll_usart.o
 .debug_ranges  0x0000000000000d78       0xd0 Drivers/STM32F1xx_HAL_Driver/Src/stm32f1xx_ll_utils.o

.debug_macro    0x0000000000000000     0xd56d
 .debug_macro   0x0000000000000000      0x16e Core/Src/Eeprom.o
 .debug_macro   0x000000000000016e      0xa8a Core/Src/Eeprom.o
 .debug_macro   0x0000000000000bf8       0x2e Core/Src/Eeprom.o
 .debug_macro   0x0000000000000c26       0x22 Core/Src/Eeprom.o
 .debug_macro   0x0000000000000c48       0x22 Core/Src/Eeprom.o
 .debug_macro   0x0000000000000c6a       0x8e Core/Src/Eeprom.o
 .debug_macro   0x0000000000000cf8       0x51 Core/Src/Eeprom.o
 .debug_macro   0x0000000000000d49       0xef Core/Src/Eeprom.o
 .debug_macro   0x0000000000000e38       0x6a Core/Src/Eeprom.o
 .debug_macro   0x0000000000000ea2      0x1df Core/Src/Eeprom.o
 .debug_macro   0x0000000000001081       0x1c Core/Src/Eeprom.o
 .debug_macro   0x000000000000109d       0x22 Core/Src/Eeprom.o
 .debug_macro   0x00000000000010bf       0xc3 Core/Src/Eeprom.o
 .debug_macro   0x0000000000001182      0xd23 Core/Src/Eeprom.o
 .debug_macro   0x0000000000001ea5     0x75c2 Core/Src/Eeprom.o
 .debug_macro   0x0000000000009467       0x43 Core/Src/Eeprom.o
 .debug_macro   0x00000000000094aa      0x36d Core/Src/Eeprom.o
 .debug_macro   0x0000000000009817       0xf2 Core/Src/Eeprom.o
 .debug_macro   0x0000000000009909       0x6e Core/Src/Eeprom.o
 .debug_macro   0x0000000000009977       0xca Core/Src/Eeprom.o
 .debug_macro   0x0000000000009a41       0x28 Core/Src/Eeprom.o
 .debug_macro   0x0000000000009a69       0x2a Core/Src/Eeprom.o
 .debug_macro   0x0000000000009a93       0x90 Core/Src/Eeprom.o
 .debug_macro   0x0000000000009b23      0x287 Core/Src/Eeprom.o
 .debug_macro   0x0000000000009daa      0x1bb Core/Src/Eeprom.o
 .debug_macro   0x0000000000009f65      0x22a Core/Src/Eeprom.o
 .debug_macro   0x000000000000a18f      0x12d Core/Src/Eeprom.o
 .debug_macro   0x000000000000a2bc       0x4c Core/Src/Eeprom.o
 .debug_macro   0x000000000000a308       0x26 Core/Src/Eeprom.o
 .debug_macro   0x000000000000a32e      0x170 Core/Src/General.o
 .debug_macro   0x000000000000a49e      0x367 Core/Src/General.o
 .debug_macro   0x000000000000a805       0xc5 Core/Src/Lib.o
 .debug_macro   0x000000000000a8ca       0x29 Core/Src/MicroMenu2_1.o
 .debug_macro   0x000000000000a8f3      0x174 Core/Src/MicroMenu2_1.o
 .debug_macro   0x000000000000aa67       0x22 Core/Src/MicroMenu2_1.o
 .debug_macro   0x000000000000aa89      0x162 Core/Src/hd44780_driver.o
 .debug_macro   0x000000000000abeb       0x46 Core/Src/hd44780_driver.o
 .debug_macro   0x000000000000ac31      0x254 Core/Src/main.o
 .debug_macro   0x000000000000ae85      0x80f Core/Src/main.o
 .debug_macro   0x000000000000b694      0x25a Core/Src/main.o
 .debug_macro   0x000000000000b8ee      0x57a Core/Src/main.o
 .debug_macro   0x000000000000be68       0x22 Core/Src/main.o
 .debug_macro   0x000000000000be8a      0x192 Core/Src/stm32f1xx_it.o
 .debug_macro   0x000000000000c01c       0xbb Core/Src/system_stm32f1xx.o
 .debug_macro   0x000000000000c0d7      0x16e Core/Src/usart.o
 .debug_macro   0x000000000000c245      0x127 Drivers/STM32F1xx_HAL_Driver/Src/stm32f1xx_ll_adc.o
 .debug_macro   0x000000000000c36c       0xf7 Drivers/STM32F1xx_HAL_Driver/Src/stm32f1xx_ll_dac.o
 .debug_macro   0x000000000000c463      0x254 Drivers/STM32F1xx_HAL_Driver/Src/stm32f1xx_ll_dac.o
 .debug_macro   0x000000000000c6b7       0xf7 Drivers/STM32F1xx_HAL_Driver/Src/stm32f1xx_ll_gpio.o
 .debug_macro   0x000000000000c7ae      0x224 Drivers/STM32F1xx_HAL_Driver/Src/stm32f1xx_ll_gpio.o
 .debug_macro   0x000000000000c9d2       0xd6 Drivers/STM32F1xx_HAL_Driver/Src/stm32f1xx_ll_rcc.o
 .debug_macro   0x000000000000caa8      0x146 Drivers/STM32F1xx_HAL_Driver/Src/stm32f1xx_ll_tim.o
 .debug_macro   0x000000000000cbee      0x574 Drivers/STM32F1xx_HAL_Driver/Src/stm32f1xx_ll_tim.o
 .debug_macro   0x000000000000d162      0x130 Drivers/STM32F1xx_HAL_Driver/Src/stm32f1xx_ll_usart.o
 .debug_macro   0x000000000000d292      0x1b5 Drivers/STM32F1xx_HAL_Driver/Src/stm32f1xx_ll_usart.o
 .debug_macro   0x000000000000d447      0x126 Drivers/STM32F1xx_HAL_Driver/Src/stm32f1xx_ll_utils.o

.debug_line     0x0000000000000000     0x7842
 .debug_line    0x0000000000000000      0x980 Core/Src/Eeprom.o
 .debug_line    0x0000000000000980      0x7c8 Core/Src/General.o
 .debug_line    0x0000000000001148      0x7a3 Core/Src/Lib.o
 .debug_line    0x00000000000018eb      0x182 Core/Src/MicroMenu2_1.o
 .debug_line    0x0000000000001a6d      0x7ad Core/Src/hd44780_driver.o
 .debug_line    0x000000000000221a     0x1855 Core/Src/main.o
 .debug_line    0x0000000000003a6f      0x67c Core/Src/stm32f1xx_it.o
 .debug_line    0x00000000000040eb      0x486 Core/Src/system_stm32f1xx.o
 .debug_line    0x0000000000004571      0x6f2 Core/Src/usart.o
 .debug_line    0x0000000000004c63       0x84 Core/Startup/startup_stm32f100c8tx.o
 .debug_line    0x0000000000004ce7      0x62e Drivers/STM32F1xx_HAL_Driver/Src/stm32f1xx_ll_adc.o
 .debug_line    0x0000000000005315      0x51b Drivers/STM32F1xx_HAL_Driver/Src/stm32f1xx_ll_dac.o
 .debug_line    0x0000000000005830      0x5cb Drivers/STM32F1xx_HAL_Driver/Src/stm32f1xx_ll_gpio.o
 .debug_line    0x0000000000005dfb      0x636 Drivers/STM32F1xx_HAL_Driver/Src/stm32f1xx_ll_rcc.o
 .debug_line    0x0000000000006431      0x7f2 Drivers/STM32F1xx_HAL_Driver/Src/stm32f1xx_ll_tim.o
 .debug_line    0x0000000000006c23      0x5c4 Drivers/STM32F1xx_HAL_Driver/Src/stm32f1xx_ll_usart.o
 .debug_line    0x00000000000071e7      0x65b Drivers/STM32F1xx_HAL_Driver/Src/stm32f1xx_ll_utils.o

.debug_str      0x0000000000000000    0x4a329
 .debug_str     0x0000000000000000    0x39370 Core/Src/Eeprom.o
                                      0x396a0 (size before relaxing)
 .debug_str     0x0000000000039370      0x13a Core/Src/General.o
                                      0x393cf (size before relaxing)
 .debug_str     0x00000000000394aa      0x214 Core/Src/Lib.o
                                      0x32ba4 (size before relaxing)
 .debug_str     0x00000000000396be      0x5cb Core/Src/MicroMenu2_1.o
                                       0x33d6 (size before relaxing)
 .debug_str     0x0000000000039c89      0x1d7 Core/Src/hd44780_driver.o
                                      0x3944e (size before relaxing)
 .debug_str     0x0000000000039e60     0xb572 Core/Src/main.o
                                      0x45256 (size before relaxing)
 .debug_str     0x00000000000453d2       0xf8 Core/Src/stm32f1xx_it.o
                                      0x42d72 (size before relaxing)
 .debug_str     0x00000000000454ca       0x89 Core/Src/system_stm32f1xx.o
                                      0x329fc (size before relaxing)
 .debug_str     0x0000000000045553       0xd4 Core/Src/usart.o
                                      0x393c0 (size before relaxing)
 .debug_str     0x0000000000045627       0x36 Core/Startup/startup_stm32f100c8tx.o
                                         0x75 (size before relaxing)
 .debug_str     0x000000000004565d     0x1308 Drivers/STM32F1xx_HAL_Driver/Src/stm32f1xx_ll_adc.o
                                      0x39b13 (size before relaxing)
 .debug_str     0x0000000000046965      0xd01 Drivers/STM32F1xx_HAL_Driver/Src/stm32f1xx_ll_dac.o
                                      0x352c7 (size before relaxing)
 .debug_str     0x0000000000047666      0x3a0 Drivers/STM32F1xx_HAL_Driver/Src/stm32f1xx_ll_gpio.o
                                      0x34418 (size before relaxing)
 .debug_str     0x0000000000047a06      0x2bf Drivers/STM32F1xx_HAL_Driver/Src/stm32f1xx_ll_rcc.o
                                      0x34428 (size before relaxing)
 .debug_str     0x0000000000047cc5     0x1285 Drivers/STM32F1xx_HAL_Driver/Src/stm32f1xx_ll_tim.o
                                      0x3715d (size before relaxing)
 .debug_str     0x0000000000048f4a      0x80b Drivers/STM32F1xx_HAL_Driver/Src/stm32f1xx_ll_usart.o
                                      0x35e89 (size before relaxing)
 .debug_str     0x0000000000049755      0xbd4 Drivers/STM32F1xx_HAL_Driver/Src/stm32f1xx_ll_utils.o
                                      0x3529e (size before relaxing)

.comment        0x0000000000000000       0x7b
 .comment       0x0000000000000000       0x7b Core/Src/Eeprom.o
                                         0x7c (size before relaxing)
 .comment       0x000000000000007b       0x7c Core/Src/General.o
 .comment       0x000000000000007b       0x7c Core/Src/Lib.o
 .comment       0x000000000000007b       0x7c Core/Src/MicroMenu2_1.o
 .comment       0x000000000000007b       0x7c Core/Src/hd44780_driver.o
 .comment       0x000000000000007b       0x7c Core/Src/main.o
 .comment       0x000000000000007b       0x7c Core/Src/stm32f1xx_it.o
 .comment       0x000000000000007b       0x7c Core/Src/system_stm32f1xx.o
 .comment       0x000000000000007b       0x7c Core/Src/usart.o
 .comment       0x000000000000007b       0x7c Drivers/STM32F1xx_HAL_Driver/Src/stm32f1xx_ll_adc.o
 .comment       0x000000000000007b       0x7c Drivers/STM32F1xx_HAL_Driver/Src/stm32f1xx_ll_dac.o
 .comment       0x000000000000007b       0x7c Drivers/STM32F1xx_HAL_Driver/Src/stm32f1xx_ll_gpio.o
 .comment       0x000000000000007b       0x7c Drivers/STM32F1xx_HAL_Driver/Src/stm32f1xx_ll_rcc.o
 .comment       0x000000000000007b       0x7c Drivers/STM32F1xx_HAL_Driver/Src/stm32f1xx_ll_tim.o
 .comment       0x000000000000007b       0x7c Drivers/STM32F1xx_HAL_Driver/Src/stm32f1xx_ll_usart.o
 .comment       0x000000000000007b       0x7c Drivers/STM32F1xx_HAL_Driver/Src/stm32f1xx_ll_utils.o

.debug_frame    0x0000000000000000     0x17e0
 .debug_frame   0x0000000000000000      0x2a0 Core/Src/Eeprom.o
 .debug_frame   0x00000000000002a0      0x110 Core/Src/General.o
 .debug_frame   0x00000000000003b0      0x214 Core/Src/Lib.o
 .debug_frame   0x00000000000005c4       0x60 Core/Src/MicroMenu2_1.o
 .debug_frame   0x0000000000000624      0x1f0 Core/Src/hd44780_driver.o
 .debug_frame   0x0000000000000814      0x8e4 Core/Src/main.o
 .debug_frame   0x00000000000010f8       0xe0 Core/Src/stm32f1xx_it.o
 .debug_frame   0x00000000000011d8       0x38 Core/Src/system_stm32f1xx.o
 .debug_frame   0x0000000000001210      0x108 Core/Src/usart.o
 .debug_frame   0x0000000000001318       0xc8 Drivers/STM32F1xx_HAL_Driver/Src/stm32f1xx_ll_adc.o
 .debug_frame   0x00000000000013e0       0x4c Drivers/STM32F1xx_HAL_Driver/Src/stm32f1xx_ll_dac.o
 .debug_frame   0x000000000000142c       0x58 Drivers/STM32F1xx_HAL_Driver/Src/stm32f1xx_ll_gpio.o
 .debug_frame   0x0000000000001484       0xa0 Drivers/STM32F1xx_HAL_Driver/Src/stm32f1xx_ll_rcc.o
 .debug_frame   0x0000000000001524      0x110 Drivers/STM32F1xx_HAL_Driver/Src/stm32f1xx_ll_tim.o
 .debug_frame   0x0000000000001634       0x80 Drivers/STM32F1xx_HAL_Driver/Src/stm32f1xx_ll_usart.o
 .debug_frame   0x00000000000016b4       0xb8 Drivers/STM32F1xx_HAL_Driver/Src/stm32f1xx_ll_utils.o
 .debug_frame   0x000000000000176c       0x2c c:/st/stm32cubeide_1.4.0/stm32cubeide/plugins/com.st.stm32cube.ide.mcu.externaltools.gnu-tools-for-stm32.7-2018-q2-update.win32_1.5.0.202011040924/tools/bin/../lib/gcc/arm-none-eabi/7.3.1/../../../../arm-none-eabi/lib/thumb/v7-m\libc_nano.a(lib_a-init.o)
 .debug_frame   0x0000000000001798       0x28 c:/st/stm32cubeide_1.4.0/stm32cubeide/plugins/com.st.stm32cube.ide.mcu.externaltools.gnu-tools-for-stm32.7-2018-q2-update.win32_1.5.0.202011040924/tools/bin/../lib/gcc/arm-none-eabi/7.3.1/../../../../arm-none-eabi/lib/thumb/v7-m\libc_nano.a(lib_a-memcpy-stub.o)
 .debug_frame   0x00000000000017c0       0x20 c:/st/stm32cubeide_1.4.0/stm32cubeide/plugins/com.st.stm32cube.ide.mcu.externaltools.gnu-tools-for-stm32.7-2018-q2-update.win32_1.5.0.202011040924/tools/bin/../lib/gcc/arm-none-eabi/7.3.1/../../../../arm-none-eabi/lib/thumb/v7-m\libc_nano.a(lib_a-memset.o)