Archive member included to satisfy reference by file (symbol)

c:/st/stm32cubeide_1.4.0/stm32cubeide/plugins/com.st.stm32cube.ide.mcu.externaltools.gnu-tools-for-stm32.7-2018-q2-update.win32_1.5.0.202011040924/tools/bin/../lib/gcc/arm-none-eabi/7.3.1/../../../../arm-none-eabi/lib/thumb/v7-m\libc_nano.a(lib_a-errno.o)
                              Core/Src/syscalls.o (__errno)
c:/st/stm32cubeide_1.4.0/stm32cubeide/plugins/com.st.stm32cube.ide.mcu.externaltools.gnu-tools-for-stm32.7-2018-q2-update.win32_1.5.0.202011040924/tools/bin/../lib/gcc/arm-none-eabi/7.3.1/../../../../arm-none-eabi/lib/thumb/v7-m\libc_nano.a(lib_a-exit.o)
                              c:/st/stm32cubeide_1.4.0/stm32cubeide/plugins/com.st.stm32cube.ide.mcu.externaltools.gnu-tools-for-stm32.7-2018-q2-update.win32_1.5.0.202011040924/tools/bin/../lib/gcc/arm-none-eabi/7.3.1/../../../../arm-none-eabi/lib/thumb/v7-m/crt0.o (exit)
c:/st/stm32cubeide_1.4.0/stm32cubeide/plugins/com.st.stm32cube.ide.mcu.externaltools.gnu-tools-for-stm32.7-2018-q2-update.win32_1.5.0.202011040924/tools/bin/../lib/gcc/arm-none-eabi/7.3.1/../../../../arm-none-eabi/lib/thumb/v7-m\libc_nano.a(lib_a-impure.o)
                              c:/st/stm32cubeide_1.4.0/stm32cubeide/plugins/com.st.stm32cube.ide.mcu.externaltools.gnu-tools-for-stm32.7-2018-q2-update.win32_1.5.0.202011040924/tools/bin/../lib/gcc/arm-none-eabi/7.3.1/../../../../arm-none-eabi/lib/thumb/v7-m\libc_nano.a(lib_a-exit.o) (_global_impure_ptr)
c:/st/stm32cubeide_1.4.0/stm32cubeide/plugins/com.st.stm32cube.ide.mcu.externaltools.gnu-tools-for-stm32.7-2018-q2-update.win32_1.5.0.202011040924/tools/bin/../lib/gcc/arm-none-eabi/7.3.1/../../../../arm-none-eabi/lib/thumb/v7-m\libc_nano.a(lib_a-init.o)
                              c:/st/stm32cubeide_1.4.0/stm32cubeide/plugins/com.st.stm32cube.ide.mcu.externaltools.gnu-tools-for-stm32.7-2018-q2-update.win32_1.5.0.202011040924/tools/bin/../lib/gcc/arm-none-eabi/7.3.1/../../../../arm-none-eabi/lib/thumb/v7-m/crt0.o (__libc_init_array)
c:/st/stm32cubeide_1.4.0/stm32cubeide/plugins/com.st.stm32cube.ide.mcu.externaltools.gnu-tools-for-stm32.7-2018-q2-update.win32_1.5.0.202011040924/tools/bin/../lib/gcc/arm-none-eabi/7.3.1/../../../../arm-none-eabi/lib/thumb/v7-m\libc_nano.a(lib_a-memcpy-stub.o)
                              Core/Src/Eeprom.o (memcpy)
c:/st/stm32cubeide_1.4.0/stm32cubeide/plugins/com.st.stm32cube.ide.mcu.externaltools.gnu-tools-for-stm32.7-2018-q2-update.win32_1.5.0.202011040924/tools/bin/../lib/gcc/arm-none-eabi/7.3.1/../../../../arm-none-eabi/lib/thumb/v7-m\libc_nano.a(lib_a-memset.o)
                              c:/st/stm32cubeide_1.4.0/stm32cubeide/plugins/com.st.stm32cube.ide.mcu.externaltools.gnu-tools-for-stm32.7-2018-q2-update.win32_1.5.0.202011040924/tools/bin/../lib/gcc/arm-none-eabi/7.3.1/../../../../arm-none-eabi/lib/thumb/v7-m/crt0.o (memset)

Allocating common symbols
Common symbol       size              file

U_12V               0x2               Core/Src/Eeprom.o
Temperature         0x4               Core/Src/Eeprom.o
Current_RAW         0x2               Core/Src/Eeprom.o
Temp_R_A_B          0x60              Core/Src/Eeprom.o
U_IN                0x2               Core/Src/Eeprom.o
SelectedOptionValue1
                    0x4               Core/Src/main.o
Current             0x2               Core/Src/Eeprom.o
ChargeDurationSec   0x4               Core/Src/main.o
RegularConvData     0x10              Core/Src/Eeprom.o
U_Controller        0x2               Core/Src/Eeprom.o
SelectedOptionValue
                    0x4               Core/Src/main.o
U_OUT               0x2               Core/Src/Eeprom.o
Rt                  0x4               Core/Src/Eeprom.o
U_PS                0x2               Core/Src/Eeprom.o
LoggingData         0x19c             Core/Src/Eeprom.o

Discarded input sections

 .text          0x0000000000000000        0x0 c:/st/stm32cubeide_1.4.0/stm32cubeide/plugins/com.st.stm32cube.ide.mcu.externaltools.gnu-tools-for-stm32.7-2018-q2-update.win32_1.5.0.202011040924/tools/bin/../lib/gcc/arm-none-eabi/7.3.1/thumb/v7-m/crti.o
 .data          0x0000000000000000        0x0 c:/st/stm32cubeide_1.4.0/stm32cubeide/plugins/com.st.stm32cube.ide.mcu.externaltools.gnu-tools-for-stm32.7-2018-q2-update.win32_1.5.0.202011040924/tools/bin/../lib/gcc/arm-none-eabi/7.3.1/thumb/v7-m/crti.o
 .bss           0x0000000000000000        0x0 c:/st/stm32cubeide_1.4.0/stm32cubeide/plugins/com.st.stm32cube.ide.mcu.externaltools.gnu-tools-for-stm32.7-2018-q2-update.win32_1.5.0.202011040924/tools/bin/../lib/gcc/arm-none-eabi/7.3.1/thumb/v7-m/crti.o
 .data          0x0000000000000000        0x4 c:/st/stm32cubeide_1.4.0/stm32cubeide/plugins/com.st.stm32cube.ide.mcu.externaltools.gnu-tools-for-stm32.7-2018-q2-update.win32_1.5.0.202011040924/tools/bin/../lib/gcc/arm-none-eabi/7.3.1/thumb/v7-m/crtbegin.o
[...]
Memory Configuration

Name             Origin             Length             Attributes
RAM              0x0000000020000000 0x0000000000002000 xrw
FLASH            0x0000000008000000 0x0000000000010000 xr
*default*        0x0000000000000000 0xffffffffffffffff

Linker script and memory map

LOAD c:/st/stm32cubeide_1.4.0/stm32cubeide/plugins/com.st.stm32cube.ide.mcu.externaltools.gnu-tools-for-stm32.7-2018-q2-update.win32_1.5.0.202011040924/tools/bin/../lib/gcc/arm-none-eabi/7.3.1/thumb/v7-m/crti.o
LOAD c:/st/stm32cubeide_1.4.0/stm32cubeide/plugins/com.st.stm32cube.ide.mcu.externaltools.gnu-tools-for-stm32.7-2018-q2-update.win32_1.5.0.202011040924/tools/bin/../lib/gcc/arm-none-eabi/7.3.1/thumb/v7-m/crtbegin.o
LOAD c:/st/stm32cubeide_1.4.0/stm32cubeide/plugins/com.st.stm32cube.ide.mcu.externaltools.gnu-tools-for-stm32.7-2018-q2-update.win32_1.5.0.202011040924/tools/bin/../lib/gcc/arm-none-eabi/7.3.1/../../../../arm-none-eabi/lib/thumb/v7-m/crt0.o
LOAD Core/Src/Eeprom.o
LOAD Core/Src/General.o
LOAD Core/Src/Lib.o
LOAD Core/Src/Menu.o
LOAD Core/Src/MicroMenu2_1.o
LOAD Core/Src/hd44780_driver.o
LOAD Core/Src/main.o
LOAD Core/Src/stm32f1xx_hal_msp.o
LOAD Core/Src/stm32f1xx_it.o
LOAD Core/Src/syscalls.o
LOAD Core/Src/sysmem.o
LOAD Core/Src/system_stm32f1xx.o
LOAD Core/Src/usart.o
LOAD Core/Startup/startup_stm32f100c8tx.o
LOAD Drivers/STM32F1xx_HAL_Driver/Src/stm32f1xx_ll_adc.o
LOAD Drivers/STM32F1xx_HAL_Driver/Src/stm32f1xx_ll_dac.o
LOAD Drivers/STM32F1xx_HAL_Driver/Src/stm32f1xx_ll_dma.o
LOAD Drivers/STM32F1xx_HAL_Driver/Src/stm32f1xx_ll_exti.o
LOAD Drivers/STM32F1xx_HAL_Driver/Src/stm32f1xx_ll_gpio.o
LOAD Drivers/STM32F1xx_HAL_Driver/Src/stm32f1xx_ll_pwr.o
LOAD Drivers/STM32F1xx_HAL_Driver/Src/stm32f1xx_ll_rcc.o
LOAD Drivers/STM32F1xx_HAL_Driver/Src/stm32f1xx_ll_tim.o
LOAD Drivers/STM32F1xx_HAL_Driver/Src/stm32f1xx_ll_usart.o
LOAD Drivers/STM32F1xx_HAL_Driver/Src/stm32f1xx_ll_utils.o
START GROUP
LOAD c:/st/stm32cubeide_1.4.0/stm32cubeide/plugins/com.st.stm32cube.ide.mcu.externaltools.gnu-tools-for-stm32.7-2018-q2-update.win32_1.5.0.202011040924/tools/bin/../lib/gcc/arm-none-eabi/7.3.1/../../../../arm-none-eabi/lib/thumb/v7-m\libc_nano.a
LOAD c:/st/stm32cubeide_1.4.0/stm32cubeide/plugins/com.st.stm32cube.ide.mcu.externaltools.gnu-tools-for-stm32.7-2018-q2-update.win32_1.5.0.202011040924/tools/bin/../lib/gcc/arm-none-eabi/7.3.1/../../../../arm-none-eabi/lib/thumb/v7-m\libm.a
END GROUP
START GROUP
LOAD c:/st/stm32cubeide_1.4.0/stm32cubeide/plugins/com.st.stm32cube.ide.mcu.externaltools.gnu-tools-for-stm32.7-2018-q2-update.win32_1.5.0.202011040924/tools/bin/../lib/gcc/arm-none-eabi/7.3.1/thumb/v7-m\libgcc.a
LOAD c:/st/stm32cubeide_1.4.0/stm32cubeide/plugins/com.st.stm32cube.ide.mcu.externaltools.gnu-tools-for-stm32.7-2018-q2-update.win32_1.5.0.202011040924/tools/bin/../lib/gcc/arm-none-eabi/7.3.1/../../../../arm-none-eabi/lib/thumb/v7-m\libc_nano.a
END GROUP
START GROUP
LOAD c:/st/stm32cubeide_1.4.0/stm32cubeide/plugins/com.st.stm32cube.ide.mcu.externaltools.gnu-tools-for-stm32.7-2018-q2-update.win32_1.5.0.202011040924/tools/bin/../lib/gcc/arm-none-eabi/7.3.1/thumb/v7-m\libgcc.a
LOAD c:/st/stm32cubeide_1.4.0/stm32cubeide/plugins/com.st.stm32cube.ide.mcu.externaltools.gnu-tools-for-stm32.7-2018-q2-update.win32_1.5.0.202011040924/tools/bin/../lib/gcc/arm-none-eabi/7.3.1/../../../../arm-none-eabi/lib/thumb/v7-m\libc_nano.a
LOAD c:/st/stm32cubeide_1.4.0/stm32cubeide/plugins/com.st.stm32cube.ide.mcu.externaltools.gnu-tools-for-stm32.7-2018-q2-update.win32_1.5.0.202011040924/tools/bin/../lib/gcc/arm-none-eabi/7.3.1/../../../../arm-none-eabi/lib/thumb/v7-m\libnosys.a
END GROUP
START GROUP
LOAD c:/st/stm32cubeide_1.4.0/stm32cubeide/plugins/com.st.stm32cube.ide.mcu.externaltools.gnu-tools-for-stm32.7-2018-q2-update.win32_1.5.0.202011040924/tools/bin/../lib/gcc/arm-none-eabi/7.3.1/thumb/v7-m\libgcc.a
LOAD c:/st/stm32cubeide_1.4.0/stm32cubeide/plugins/com.st.stm32cube.ide.mcu.externaltools.gnu-tools-for-stm32.7-2018-q2-update.win32_1.5.0.202011040924/tools/bin/../lib/gcc/arm-none-eabi/7.3.1/../../../../arm-none-eabi/lib/thumb/v7-m\libc_nano.a
LOAD c:/st/stm32cubeide_1.4.0/stm32cubeide/plugins/com.st.stm32cube.ide.mcu.externaltools.gnu-tools-for-stm32.7-2018-q2-update.win32_1.5.0.202011040924/tools/bin/../lib/gcc/arm-none-eabi/7.3.1/../../../../arm-none-eabi/lib/thumb/v7-m\libnosys.a
END GROUP
LOAD c:/st/stm32cubeide_1.4.0/stm32cubeide/plugins/com.st.stm32cube.ide.mcu.externaltools.gnu-tools-for-stm32.7-2018-q2-update.win32_1.5.0.202011040924/tools/bin/../lib/gcc/arm-none-eabi/7.3.1/thumb/v7-m/crtend.o
LOAD c:/st/stm32cubeide_1.4.0/stm32cubeide/plugins/com.st.stm32cube.ide.mcu.externaltools.gnu-tools-for-stm32.7-2018-q2-update.win32_1.5.0.202011040924/tools/bin/../lib/gcc/arm-none-eabi/7.3.1/thumb/v7-m/crtn.o
                0x0000000020002000                _estack = (ORIGIN (RAM) + LENGTH (RAM))
                0x0000000000000200                _Min_Heap_Size = 0x200
                0x0000000000000400                _Min_Stack_Size = 0x400

.isr_vector     0x0000000008000000      0x1d0
                0x0000000008000000                . = ALIGN (0x4)
 *(.isr_vector)
 .isr_vector    0x0000000008000000      0x1d0 Core/Startup/startup_stm32f100c8tx.o
                0x0000000008000000                g_pfnVectors
                0x00000000080001d0                . = ALIGN (0x4)

.text           0x00000000080001d0     0x5b38
                0x00000000080001d0                . = ALIGN (0x4)
 *(.text)
 .text          0x00000000080001d0       0x40 c:/st/stm32cubeide_1.4.0/stm32cubeide/plugins/com.st.stm32cube.ide.mcu.externaltools.gnu-tools-for-stm32.7-2018-q2-update.win32_1.5.0.202011040924/tools/bin/../lib/gcc/arm-none-eabi/7.3.1/thumb/v7-m/crtbegin.o
 *(.text*)
 .text.flash_erase_page
                0x0000000008000210       0x40 Core/Src/Eeprom.o
                0x0000000008000210                flash_erase_page
 .text.flash_unlock
                0x0000000008000250       0x18 Core/Src/Eeprom.o
                0x0000000008000250                flash_unlock
 .text.flash_lock
                0x0000000008000268       0x10 Core/Src/Eeprom.o
                0x0000000008000268                flash_lock
 .text.flash_write
                0x0000000008000278       0x4c Core/Src/Eeprom.o
                0x0000000008000278                flash_write
 .text.flash_write_block
                0x00000000080002c4       0x6c Core/Src/Eeprom.o
                0x00000000080002c4                flash_write_block
 .text.flash_read_block
                0x0000000008000330       0x2c Core/Src/Eeprom.o
                0x0000000008000330                flash_read_block
 .text.flash_read
                0x000000000800035c       0x64 Core/Src/Eeprom.o
                0x000000000800035c                flash_read
 .text.CalibrationWriteToFlash
                0x00000000080003c0       0x74 Core/Src/Eeprom.o
                0x00000000080003c0                CalibrationWriteToFlash
 .text.CalibrationFactoryWriteToFlash
                0x0000000008000434       0x74 Core/Src/Eeprom.o
                0x0000000008000434                CalibrationFactoryWriteToFlash
 .text.CalibrationReadFromFlash
                0x00000000080004a8       0xa4 Core/Src/Eeprom.o
                0x00000000080004a8                CalibrationReadFromFlash
 .text.CalibrationReadFromFlashForVerify
                0x000000000800054c       0xa4 Core/Src/Eeprom.o
                0x000000000800054c                CalibrationReadFromFlashForVerify
 .text.SettingsWriteToFlash
                0x00000000080005f0       0x6c Core/Src/Eeprom.o
                0x00000000080005f0                SettingsWriteToFlash
 .text.SettingsFactoryWriteToFlash
                0x000000000800065c       0x6c Core/Src/Eeprom.o
                0x000000000800065c                SettingsFactoryWriteToFlash
 .text.SettingsReadFromFlash
                0x00000000080006c8       0x98 Core/Src/Eeprom.o
                0x00000000080006c8                SettingsReadFromFlash
 .text.SettingsReadFromFlashForVerify
                0x0000000008000760       0x98 Core/Src/Eeprom.o
                0x0000000008000760                SettingsReadFromFlashForVerify
 .text.DataWhenPowerOffWriteToFlash
                0x00000000080007f8       0x5c Core/Src/Eeprom.o
                0x00000000080007f8                DataWhenPowerOffWriteToFlash
 .text.DataWhenPowerOff_Factory_WriteToFlash
                0x0000000008000854       0x44 Core/Src/Eeprom.o
                0x0000000008000854                DataWhenPowerOff_Factory_WriteToFlash
 .text.DataWhenPowerOffReadFromFlash
                0x0000000008000898       0x58 Core/Src/Eeprom.o
                0x0000000008000898                DataWhenPowerOffReadFromFlash
 .text.DataWhenPowerOffReadFromFlashForVerify
                0x00000000080008f0       0x58 Core/Src/Eeprom.o
                0x00000000080008f0                DataWhenPowerOffReadFromFlashForVerify
 .text.ReadFromFlash
                0x0000000008000948       0x50 Core/Src/Eeprom.o
                0x0000000008000948                ReadFromFlash
 .text.CalcCRC8
                0x0000000008000998       0x38 Core/Src/Eeprom.o
                0x0000000008000998                CalcCRC8
 .text.CalibrationWriteToFlash_CRC
                0x00000000080009d0       0x6c Core/Src/Eeprom.o
                0x00000000080009d0                CalibrationWriteToFlash_CRC
 .text.SettingsWriteToFlash_CRC
                0x0000000008000a3c       0xb4 Core/Src/Eeprom.o
                0x0000000008000a3c                SettingsWriteToFlash_CRC
 .text.DataWhenPowerOffWriteToFlash_CRC
                0x0000000008000af0       0x90 Core/Src/Eeprom.o
                0x0000000008000af0                DataWhenPowerOffWriteToFlash_CRC
 .text.FactoryWriteToFlash_CRC
                0x0000000008000b80      0x16c Core/Src/Eeprom.o
                0x0000000008000b80                FactoryWriteToFlash_CRC
 .text.Generation_Coefficients_R_A_B
                0x0000000008000cec       0x68 Core/Src/General.o
                0x0000000008000cec                Generation_Coefficients_R_A_B
 .text.GetTemperature
                0x0000000008000d54       0x48 Core/Src/General.o
                0x0000000008000d54                GetTemperature
 .text.WriteInLOG
                0x0000000008000d9c      0x164 Core/Src/General.o
                0x0000000008000d9c                WriteInLOG
 .text.WriteInLOGc
                0x0000000008000f00      0x164 Core/Src/General.o
                0x0000000008000f00                WriteInLOGc
 .text.delay_us
                0x0000000008001064       0x6c Core/Src/General.o
                0x0000000008001064                delay_us
 .text.delay_ms
                0x00000000080010d0       0x1e Core/Src/General.o
                0x00000000080010d0                delay_ms
 *fill*         0x00000000080010ee        0x2 
 .text.InfoToUARTBeforeStart
                0x00000000080010f0      0x218 Core/Src/General.o
                0x00000000080010f0                InfoToUARTBeforeStart
 .text.itoa     0x0000000008001308       0x74 Core/Src/Lib.o
                0x0000000008001308                itoa
 .text.itoaP    0x000000000800137c       0x72 Core/Src/Lib.o
                0x000000000800137c                itoaP
 *fill*         0x00000000080013ee        0x2 
 .text.itoa_koma
                0x00000000080013f0       0xd0 Core/Src/Lib.o
                0x00000000080013f0                itoa_koma
 .text.itoa_komaP
                0x00000000080014c0       0xd2 Core/Src/Lib.o
                0x00000000080014c0                itoa_komaP
 .text.Module16
                0x0000000008001592        0xc Core/Src/Lib.o
                0x0000000008001592                Module16
 .text.strlen1  0x000000000800159e       0x10 Core/Src/Lib.o
                0x000000000800159e                strlen1
 .text.Merge2Strings
                0x00000000080015ae       0x2a Core/Src/Lib.o
                0x00000000080015ae                Merge2Strings
 .text.Merge3Strings
                0x00000000080015d8       0x3e Core/Src/Lib.o
                0x00000000080015d8                Merge3Strings
 .text.ClockStringWithSec
                0x0000000008001616       0xde Core/Src/Lib.o
                0x0000000008001616                ClockStringWithSec
 .text.ClockStringNoSec
                0x00000000080016f4       0x96 Core/Src/Lib.o
                0x00000000080016f4                ClockStringNoSec
 *fill*         0x000000000800178a        0x2 
 .text.middle_of_3Imax1
                0x000000000800178c       0x3c Core/Src/Lib.o
                0x000000000800178c                middle_of_3Imax1
 .text.middle_of_3Imax2
                0x00000000080017c8       0x3c Core/Src/Lib.o
                0x00000000080017c8                middle_of_3Imax2
 .text.middle_of_3Umax1
                0x0000000008001804       0x3c Core/Src/Lib.o
                0x0000000008001804                middle_of_3Umax1
 .text.middle_of_3Umax2
                0x0000000008001840       0x3c Core/Src/Lib.o
                0x0000000008001840                middle_of_3Umax2
 .text.middle_of_3Umax3
                0x000000000800187c       0x3c Core/Src/Lib.o
                0x000000000800187c                middle_of_3Umax3
 .text.RunningAverageI1
                0x00000000080018b8        0x2 Core/Src/Lib.o
                0x00000000080018b8                RunningAverageI1
 .text.RunningAverageI2
                0x00000000080018ba        0x2 Core/Src/Lib.o
                0x00000000080018ba                RunningAverageI2
 .text.RunningAverageU1
                0x00000000080018bc        0x2 Core/Src/Lib.o
                0x00000000080018bc                RunningAverageU1
 .text.RunningAverageU2
                0x00000000080018be        0x2 Core/Src/Lib.o
                0x00000000080018be                RunningAverageU2
 .text.RunningAverageU3
                0x00000000080018c0        0x2 Core/Src/Lib.o
                0x00000000080018c0                RunningAverageU3
 *fill*         0x00000000080018c2        0x2 
 .text.Menu_GetCurrentMenu
                0x00000000080018c4        0xc Core/Src/MicroMenu2_1.o
                0x00000000080018c4                Menu_GetCurrentMenu
 .text.Menu_Navigate
                0x00000000080018d0       0x34 Core/Src/MicroMenu2_1.o
                0x00000000080018d0                Menu_Navigate
 .text.Menu_SetGenericWriteCallback
                0x0000000008001904       0x14 Core/Src/MicroMenu2_1.o
                0x0000000008001904                Menu_SetGenericWriteCallback
 .text.Menu_SelectItem
                0x0000000008001918       0x1c Core/Src/MicroMenu2_1.o
                0x0000000008001918                Menu_SelectItem
 .text.strobe   0x0000000008001934       0x24 Core/Src/hd44780_driver.o
                0x0000000008001934                strobe
 .text.lcd_set_4bit_mode
                0x0000000008001958       0x44 Core/Src/hd44780_driver.o
                0x0000000008001958                lcd_set_4bit_mode
 .text.lcd_send
                0x000000000800199c       0x9c Core/Src/hd44780_driver.o
                0x000000000800199c                lcd_send
 .text.lcd_set_user_char
                0x0000000008001a38       0x32 Core/Src/hd44780_driver.o
                0x0000000008001a38                lcd_set_user_char
 *fill*         0x0000000008001a6a        0x2 
 .text.SetSymbols
                0x0000000008001a6c       0xb0 Core/Src/hd44780_driver.o
                0x0000000008001a6c                SetSymbols
 .text.lcd_set_xy
                0x0000000008001b1c       0x24 Core/Src/hd44780_driver.o
                0x0000000008001b1c                lcd_set_xy
 .text.lcd_out  0x0000000008001b40       0x2c Core/Src/hd44780_driver.o
                0x0000000008001b40                lcd_out
 .text.LcdOutbyNumber
                0x0000000008001b6c        0x8 Core/Src/hd44780_driver.o
                0x0000000008001b6c                LcdOutbyNumber
 .text.LcdOut   0x0000000008001b74       0x84 Core/Src/hd44780_driver.o
                0x0000000008001b74                LcdOut
 .text.lcd_clear
                0x0000000008001bf8        0x8 Core/Src/hd44780_driver.o
                0x0000000008001bf8                lcd_clear
 .text.lcd_init
                0x0000000008001c00       0x1c Core/Src/hd44780_driver.o
                0x0000000008001c00                lcd_init
 .text.PrintToLCD
                0x0000000008001c1c        0x6 Core/Src/hd44780_driver.o
                0x0000000008001c1c                PrintToLCD
 .text.PrintToLCD_xy
                0x0000000008001c22       0x18 Core/Src/hd44780_driver.o
                0x0000000008001c22                PrintToLCD_xy
 .text.InitLCD  0x0000000008001c3a       0x16 Core/Src/hd44780_driver.o
                0x0000000008001c3a                InitLCD
 .text.LL_APB1_GRP1_EnableClock
                0x0000000008001c50       0x1c Core/Src/main.o
 .text.LL_APB2_GRP1_EnableClock
                0x0000000008001c6c       0x1c Core/Src/main.o
 .text.MenuLog_Enter
                0x0000000008001c88        0xc Core/Src/main.o
                0x0000000008001c88                MenuLog_Enter
 .text.MenuCalibrationWriteToFlash_Enter
                0x0000000008001c94       0x14 Core/Src/main.o
                0x0000000008001c94                MenuCalibrationWriteToFlash_Enter
 .text.MenuSettingsBatteryType_Enter
                0x0000000008001ca8      0x110 Core/Src/main.o
                0x0000000008001ca8                MenuSettingsBatteryType_Enter
 .text.MenuSettingsWriteToFlash_Enter
                0x0000000008001db8        0x4 Core/Src/main.o
                0x0000000008001db8                MenuSettingsWriteToFlash_Enter
 .text.MenuOption_Enter
                0x0000000008001dbc       0x30 Core/Src/main.o
                0x0000000008001dbc                MenuOption_Enter
 .text.MenuOption_Enter1
                0x0000000008001dec       0x30 Core/Src/main.o
                0x0000000008001dec                MenuOption_Enter1
 .text.Generic_Write
                0x0000000008001e1c        0xc Core/Src/main.o
                0x0000000008001e1c                Generic_Write
 .text.MenuDischarge_Enter
                0x0000000008001e28       0x4c Core/Src/main.o
                0x0000000008001e28                MenuDischarge_Enter
 .text.MenuCharge_Enter
                0x0000000008001e74       0x70 Core/Src/main.o
                0x0000000008001e74                MenuCharge_Enter
 .text.SelectedOption.part.8
                0x0000000008001ee4       0x16 Core/Src/main.o
 *fill*         0x0000000008001efa        0x2 
 .text.LL_ADC_SetChannelSamplingTime.constprop.33
                0x0000000008001efc       0x54 Core/Src/main.o
 .text.LL_ADC_REG_SetSequencerRanks.constprop.34
                0x0000000008001f50       0x38 Core/Src/main.o
 .text.NVIC_EncodePriority.constprop.35
                0x0000000008001f88        0x4 Core/Src/main.o
 .text.MenuTraining_WriteInLOG
                0x0000000008001f8c       0x4c Core/Src/main.o
                0x0000000008001f8c                MenuTraining_WriteInLOG
 .text.MenuLog  0x0000000008001fd8       0x98 Core/Src/main.o
                0x0000000008001fd8                MenuLog
 .text.MenuCalibration_CURRENT_Out_to_0
                0x0000000008002070       0x48 Core/Src/main.o
                0x0000000008002070                MenuCalibration_CURRENT_Out_to_0
 .text.MenuCalibration_CURRENT_Load_to_0
                0x00000000080020b8       0x48 Core/Src/main.o
                0x00000000080020b8                MenuCalibration_CURRENT_Load_to_0
 .text.MenuCalibration_BackToFactory
                0x0000000008002100       0xb8 Core/Src/main.o
                0x0000000008002100                MenuCalibration_BackToFactory
 .text.MenuSettingsChargeTime
                0x00000000080021b8       0x4c Core/Src/main.o
                0x00000000080021b8                MenuSettingsChargeTime
 .text.MenuSettingsBatteryType
                0x0000000008002204       0xe4 Core/Src/main.o
                0x0000000008002204                MenuSettingsBatteryType
 .text.MenuSettingsLowVolt
                0x00000000080022e8       0x44 Core/Src/main.o
                0x00000000080022e8                MenuSettingsLowVolt
 .text.MenuSettingsMaxVolt
                0x000000000800232c       0x44 Core/Src/main.o
                0x000000000800232c                MenuSettingsMaxVolt
 .text.MenuSettingsSwngChrgTime
                0x0000000008002370       0x3c Core/Src/main.o
                0x0000000008002370                MenuSettingsSwngChrgTime
 .text.MenuSettingsSwngDChrgTime
                0x00000000080023ac       0x3c Core/Src/main.o
                0x00000000080023ac                MenuSettingsSwngDChrgTime
 .text.MenuSettingsChargeAddapt
                0x00000000080023e8       0x80 Core/Src/main.o
                0x00000000080023e8                MenuSettingsChargeAddapt
 .text.SelectedOption
                0x0000000008002468       0x1c Core/Src/main.o
                0x0000000008002468                SelectedOption
 .text.SelectedOption1
                0x0000000008002484       0x1c Core/Src/main.o
                0x0000000008002484                SelectedOption1
 .text.MenuSettingsSaveMenuPosWhenOFF
                0x00000000080024a0       0x8c Core/Src/main.o
                0x00000000080024a0                MenuSettingsSaveMenuPosWhenOFF
 .text.MenuSettingsOutAfterPowerUp
                0x000000000800252c       0x68 Core/Src/main.o
                0x000000000800252c                MenuSettingsOutAfterPowerUp
 .text.BUT_Debrief
                0x0000000008002594       0x64 Core/Src/main.o
                0x0000000008002594                BUT_Debrief
 .text.BUT_GetKey
                0x00000000080025f8       0x1c Core/Src/main.o
                0x00000000080025f8                BUT_GetKey
 .text.Start_Timer_sec
                0x0000000008002614       0x18 Core/Src/main.o
                0x0000000008002614                Start_Timer_sec
 .text.ClockOnLCD_noSec
                0x000000000800262c       0x6c Core/Src/main.o
                0x000000000800262c                ClockOnLCD_noSec
 .text.OUT_OFF  0x0000000008002698       0x2c Core/Src/main.o
                0x0000000008002698                OUT_OFF
 .text.OUT_ON   0x00000000080026c4       0x28 Core/Src/main.o
                0x00000000080026c4                OUT_ON
 .text.OUTStateAfterPowerUpFunction
                0x00000000080026ec       0x30 Core/Src/main.o
                0x00000000080026ec                OUTStateAfterPowerUpFunction
 .text.MenuPowerSupply
                0x000000000800271c       0xd8 Core/Src/main.o
                0x000000000800271c                MenuPowerSupply
 .text.MenuCalibration_CURRENT_Out
                0x00000000080027f4       0x70 Core/Src/main.o
                0x00000000080027f4                MenuCalibration_CURRENT_Out
 .text.MenuCalibration_VoltagePS
                0x0000000008002864       0x70 Core/Src/main.o
                0x0000000008002864                MenuCalibration_VoltagePS
 .text.MenuCalibration_VoltageOut
                0x00000000080028d4       0x70 Core/Src/main.o
                0x00000000080028d4                MenuCalibration_VoltageOut
 .text.MenuCalibration_VoltageIn
                0x0000000008002944       0x70 Core/Src/main.o
                0x0000000008002944                MenuCalibration_VoltageIn
 .text.MenuCalibration_Resist_Comp_5V1A
                0x00000000080029b4       0xcc Core/Src/main.o
                0x00000000080029b4                MenuCalibration_Resist_Comp_5V1A
 .text.LOAD_ON  0x0000000008002a80       0x2c Core/Src/main.o
                0x0000000008002a80                LOAD_ON
 .text.discharge
                0x0000000008002aac       0x14 Core/Src/main.o
                0x0000000008002aac                discharge
 .text.MenuCalibration_CURRENT_Load
                0x0000000008002ac0       0x70 Core/Src/main.o
                0x0000000008002ac0                MenuCalibration_CURRENT_Load
 .text.discharge1
                0x0000000008002b30       0x48 Core/Src/main.o
                0x0000000008002b30                discharge1
 .text.LOAD_OFF
                0x0000000008002b78       0x30 Core/Src/main.o
                0x0000000008002b78                LOAD_OFF
 .text.MenuLoad
                0x0000000008002ba8       0xac Core/Src/main.o
                0x0000000008002ba8                MenuLoad
 .text.MenuBatterySimilation
                0x0000000008002c54       0xe4 Core/Src/main.o
                0x0000000008002c54                MenuBatterySimilation
 .text.charge   0x0000000008002d38       0x14 Core/Src/main.o
                0x0000000008002d38                charge
 .text.charge1  0x0000000008002d4c       0x48 Core/Src/main.o
                0x0000000008002d4c                charge1
 .text.MenuTraining_new
                0x0000000008002d94      0x4ac Core/Src/main.o
                0x0000000008002d94                MenuTraining_new
 .text.MenuSwing
                0x0000000008003240      0x1e8 Core/Src/main.o
                0x0000000008003240                MenuSwing
 .text.OFF      0x0000000008003428        0xe Core/Src/main.o
                0x0000000008003428                OFF
 *fill*         0x0000000008003436        0x2 
 .text.MenuChargeCC_CV
                0x0000000008003438      0x2e0 Core/Src/main.o
                0x0000000008003438                MenuChargeCC_CV
 .text.MenuChargeAdapt
                0x0000000008003718      0x370 Core/Src/main.o
                0x0000000008003718                MenuChargeAdapt
 .text.MenuDisCharge
                0x0000000008003a88      0x2b8 Core/Src/main.o
                0x0000000008003a88                MenuDisCharge
 .text.MenuCheckingCapacity
                0x0000000008003d40      0x5f4 Core/Src/main.o
                0x0000000008003d40                MenuCheckingCapacity
 .text.All_OUT_OFF_When_Power_OFF
                0x0000000008004334      0x104 Core/Src/main.o
                0x0000000008004334                All_OUT_OFF_When_Power_OFF
 .text.MenuDIAGNOSTIC
                0x0000000008004438      0x314 Core/Src/main.o
                0x0000000008004438                MenuDIAGNOSTIC
 .text.adc_func
                0x000000000800474c      0x258 Core/Src/main.o
                0x000000000800474c                adc_func
 .text.SysTick_Callback
                0x00000000080049a4      0x110 Core/Src/main.o
                0x00000000080049a4                SysTick_Callback
 .text.SystemClock_Config
                0x0000000008004ab4       0x80 Core/Src/main.o
                0x0000000008004ab4                SystemClock_Config
 .text.startup.main
                0x0000000008004b34      0x96c Core/Src/main.o
                0x0000000008004b34                main
 .text.NMI_Handler
                0x00000000080054a0        0x2 Core/Src/stm32f1xx_it.o
                0x00000000080054a0                NMI_Handler
 .text.HardFault_Handler
                0x00000000080054a2        0x2 Core/Src/stm32f1xx_it.o
                0x00000000080054a2                HardFault_Handler
 .text.MemManage_Handler
                0x00000000080054a4        0x2 Core/Src/stm32f1xx_it.o
                0x00000000080054a4                MemManage_Handler
 .text.BusFault_Handler
                0x00000000080054a6        0x2 Core/Src/stm32f1xx_it.o
                0x00000000080054a6                BusFault_Handler
 .text.UsageFault_Handler
                0x00000000080054a8        0x2 Core/Src/stm32f1xx_it.o
                0x00000000080054a8                UsageFault_Handler
 .text.SVC_Handler
                0x00000000080054aa        0x2 Core/Src/stm32f1xx_it.o
                0x00000000080054aa                SVC_Handler
 .text.DebugMon_Handler
                0x00000000080054ac        0x2 Core/Src/stm32f1xx_it.o
                0x00000000080054ac                DebugMon_Handler
 .text.PendSV_Handler
                0x00000000080054ae        0x2 Core/Src/stm32f1xx_it.o
                0x00000000080054ae                PendSV_Handler
 .text.SysTick_Handler
                0x00000000080054b0        0x4 Core/Src/stm32f1xx_it.o
                0x00000000080054b0                SysTick_Handler
 .text.DMA1_Channel1_IRQHandler
                0x00000000080054b4        0x2 Core/Src/stm32f1xx_it.o
                0x00000000080054b4                DMA1_Channel1_IRQHandler
 *fill*         0x00000000080054b6        0x2 
 .text.USART1_IRQHandler
                0x00000000080054b8       0x5c Core/Src/stm32f1xx_it.o
                0x00000000080054b8                USART1_IRQHandler
 .text.TIM6_DAC_IRQHandler
                0x0000000008005514        0x2 Core/Src/stm32f1xx_it.o
                0x0000000008005514                TIM6_DAC_IRQHandler
 .text.TIM7_IRQHandler
                0x0000000008005516        0x2 Core/Src/stm32f1xx_it.o
                0x0000000008005516                TIM7_IRQHandler
 .text.SystemInit
                0x0000000008005518        0x2 Core/Src/system_stm32f1xx.o
                0x0000000008005518                SystemInit
 *fill*         0x000000000800551a        0x2 
 .text.SystemCoreClockUpdate
                0x000000000800551c       0x60 Core/Src/system_stm32f1xx.o
                0x000000000800551c                SystemCoreClockUpdate
 .text.printToBufferUART1
                0x000000000800557c       0xd4 Core/Src/usart.o
                0x000000000800557c                printToBufferUART1
 .text.printToBufferWithoutEndUART1
                0x0000000008005650       0x88 Core/Src/usart.o
                0x0000000008005650                printToBufferWithoutEndUART1
 .text.printToBufferUART1D
                0x00000000080056d8      0x148 Core/Src/usart.o
                0x00000000080056d8                printToBufferUART1D
 .text.Reset_Handler
                0x0000000008005820       0x48 Core/Startup/startup_stm32f100c8tx.o
                0x0000000008005820                Reset_Handler
 .text.Default_Handler
                0x0000000008005868        0x2 Core/Startup/startup_stm32f100c8tx.o
                0x0000000008005868                RTC_Alarm_IRQHandler
                0x0000000008005868                EXTI2_IRQHandler
                0x0000000008005868                TIM1_CC_IRQHandler
                0x0000000008005868                PVD_IRQHandler
                0x0000000008005868                EXTI3_IRQHandler
                0x0000000008005868                EXTI0_IRQHandler
                0x0000000008005868                TIM1_UP_TIM16_IRQHandler
                0x0000000008005868                SPI1_IRQHandler
                0x0000000008005868                TAMPER_IRQHandler
                0x0000000008005868                DMA1_Channel4_IRQHandler
                0x0000000008005868                ADC1_IRQHandler
                0x0000000008005868                USART3_IRQHandler
                0x0000000008005868                RTC_IRQHandler
                0x0000000008005868                DMA1_Channel7_IRQHandler
                0x0000000008005868                TIM4_IRQHandler
                0x0000000008005868                I2C1_EV_IRQHandler
                0x0000000008005868                DMA1_Channel6_IRQHandler
                0x0000000008005868                TIM3_IRQHandler
                0x0000000008005868                RCC_IRQHandler
                0x0000000008005868                Default_Handler
                0x0000000008005868                CEC_IRQHandler
                0x0000000008005868                EXTI15_10_IRQHandler
                0x0000000008005868                EXTI9_5_IRQHandler
                0x0000000008005868                DMA1_Channel5_IRQHandler
                0x0000000008005868                EXTI4_IRQHandler
                0x0000000008005868                TIM1_TRG_COM_TIM17_IRQHandler
                0x0000000008005868                DMA1_Channel3_IRQHandler
                0x0000000008005868                WWDG_IRQHandler
                0x0000000008005868                TIM2_IRQHandler
                0x0000000008005868                EXTI1_IRQHandler
                0x0000000008005868                USART2_IRQHandler
                0x0000000008005868                DMA1_Channel2_IRQHandler
                0x0000000008005868                FLASH_IRQHandler
                0x0000000008005868                I2C1_ER_IRQHandler
                0x0000000008005868                TIM1_BRK_TIM15_IRQHandler
 .text.LL_ADC_Init
                0x000000000800586a       0x2a Drivers/STM32F1xx_HAL_Driver/Src/stm32f1xx_ll_adc.o
                0x000000000800586a                LL_ADC_Init
 .text.LL_ADC_REG_Init
                0x0000000008005894       0x44 Drivers/STM32F1xx_HAL_Driver/Src/stm32f1xx_ll_adc.o
                0x0000000008005894                LL_ADC_REG_Init
 .text.LL_DAC_Init
                0x00000000080058d8       0x52 Drivers/STM32F1xx_HAL_Driver/Src/stm32f1xx_ll_dac.o
                0x00000000080058d8                LL_DAC_Init
 .text.LL_GPIO_Init
                0x000000000800592a       0xfa Drivers/STM32F1xx_HAL_Driver/Src/stm32f1xx_ll_gpio.o
                0x000000000800592a                LL_GPIO_Init
 .text.RCC_GetHCLKClockFreq
                0x0000000008005a24       0x18 Drivers/STM32F1xx_HAL_Driver/Src/stm32f1xx_ll_rcc.o
                0x0000000008005a24                RCC_GetHCLKClockFreq
 .text.RCC_GetPCLK1ClockFreq
                0x0000000008005a3c       0x18 Drivers/STM32F1xx_HAL_Driver/Src/stm32f1xx_ll_rcc.o
                0x0000000008005a3c                RCC_GetPCLK1ClockFreq
 .text.RCC_GetPCLK2ClockFreq
                0x0000000008005a54       0x18 Drivers/STM32F1xx_HAL_Driver/Src/stm32f1xx_ll_rcc.o
                0x0000000008005a54                RCC_GetPCLK2ClockFreq
 .text.RCC_PLL_GetFreqDomain_SYS
                0x0000000008005a6c       0x34 Drivers/STM32F1xx_HAL_Driver/Src/stm32f1xx_ll_rcc.o
                0x0000000008005a6c                RCC_PLL_GetFreqDomain_SYS
 .text.RCC_GetSystemClockFreq
                0x0000000008005aa0       0x1c Drivers/STM32F1xx_HAL_Driver/Src/stm32f1xx_ll_rcc.o
                0x0000000008005aa0                RCC_GetSystemClockFreq
 .text.LL_RCC_GetSystemClocksFreq
                0x0000000008005abc       0x20 Drivers/STM32F1xx_HAL_Driver/Src/stm32f1xx_ll_rcc.o
                0x0000000008005abc                LL_RCC_GetSystemClocksFreq
 .text.LL_TIM_Init
                0x0000000008005adc       0xa0 Drivers/STM32F1xx_HAL_Driver/Src/stm32f1xx_ll_tim.o
                0x0000000008005adc                LL_TIM_Init
 .text.LL_USART_Init
                0x0000000008005b7c       0xdc Drivers/STM32F1xx_HAL_Driver/Src/stm32f1xx_ll_usart.o
                0x0000000008005b7c                LL_USART_Init
 .text.LL_Init1msTick
                0x0000000008005c58       0x1c Drivers/STM32F1xx_HAL_Driver/Src/stm32f1xx_ll_utils.o
                0x0000000008005c58                LL_Init1msTick
 .text.LL_SetSystemCoreClock
                0x0000000008005c74        0xc Drivers/STM32F1xx_HAL_Driver/Src/stm32f1xx_ll_utils.o
                0x0000000008005c74                LL_SetSystemCoreClock
 .text.__libc_init_array
                0x0000000008005c80       0x48 c:/st/stm32cubeide_1.4.0/stm32cubeide/plugins/com.st.stm32cube.ide.mcu.externaltools.gnu-tools-for-stm32.7-2018-q2-update.win32_1.5.0.202011040924/tools/bin/../lib/gcc/arm-none-eabi/7.3.1/../../../../arm-none-eabi/lib/thumb/v7-m\libc_nano.a(lib_a-init.o)
                0x0000000008005c80                __libc_init_array
 .text.memcpy   0x0000000008005cc8       0x16 c:/st/stm32cubeide_1.4.0/stm32cubeide/plugins/com.st.stm32cube.ide.mcu.externaltools.gnu-tools-for-stm32.7-2018-q2-update.win32_1.5.0.202011040924/tools/bin/../lib/gcc/arm-none-eabi/7.3.1/../../../../arm-none-eabi/lib/thumb/v7-m\libc_nano.a(lib_a-memcpy-stub.o)
                0x0000000008005cc8                memcpy
 .text.memset   0x0000000008005cde       0x10 c:/st/stm32cubeide_1.4.0/stm32cubeide/plugins/com.st.stm32cube.ide.mcu.externaltools.gnu-tools-for-stm32.7-2018-q2-update.win32_1.5.0.202011040924/tools/bin/../lib/gcc/arm-none-eabi/7.3.1/../../../../arm-none-eabi/lib/thumb/v7-m\libc_nano.a(lib_a-memset.o)
                0x0000000008005cde                memset
 *(.glue_7)
 .glue_7        0x0000000008005cee        0x0 linker stubs
 *(.glue_7t)
 .glue_7t       0x0000000008005cee        0x0 linker stubs
 *(.eh_frame)
 *fill*         0x0000000008005cee        0x2 
 .eh_frame      0x0000000008005cf0        0x0 c:/st/stm32cubeide_1.4.0/stm32cubeide/plugins/com.st.stm32cube.ide.mcu.externaltools.gnu-tools-for-stm32.7-2018-q2-update.win32_1.5.0.202011040924/tools/bin/../lib/gcc/arm-none-eabi/7.3.1/thumb/v7-m/crtbegin.o
 *(.init)
 .init          0x0000000008005cf0        0x4 c:/st/stm32cubeide_1.4.0/stm32cubeide/plugins/com.st.stm32cube.ide.mcu.externaltools.gnu-tools-for-stm32.7-2018-q2-update.win32_1.5.0.202011040924/tools/bin/../lib/gcc/arm-none-eabi/7.3.1/thumb/v7-m/crti.o
                0x0000000008005cf0                _init
 .init          0x0000000008005cf4        0x8 c:/st/stm32cubeide_1.4.0/stm32cubeide/plugins/com.st.stm32cube.ide.mcu.externaltools.gnu-tools-for-stm32.7-2018-q2-update.win32_1.5.0.202011040924/tools/bin/../lib/gcc/arm-none-eabi/7.3.1/thumb/v7-m/crtn.o
 *(.fini)
 .fini          0x0000000008005cfc        0x4 c:/st/stm32cubeide_1.4.0/stm32cubeide/plugins/com.st.stm32cube.ide.mcu.externaltools.gnu-tools-for-stm32.7-2018-q2-update.win32_1.5.0.202011040924/tools/bin/../lib/gcc/arm-none-eabi/7.3.1/thumb/v7-m/crti.o
                0x0000000008005cfc                _fini
 .fini          0x0000000008005d00        0x8 c:/st/stm32cubeide_1.4.0/stm32cubeide/plugins/com.st.stm32cube.ide.mcu.externaltools.gnu-tools-for-stm32.7-2018-q2-update.win32_1.5.0.202011040924/tools/bin/../lib/gcc/arm-none-eabi/7.3.1/thumb/v7-m/crtn.o
                0x0000000008005d08                . = ALIGN (0x4)
                0x0000000008005d08                _etext = .

.vfp11_veneer   0x0000000008005d08        0x0
 .vfp11_veneer  0x0000000008005d08        0x0 linker stubs

.v4_bx          0x0000000008005d08        0x0
 .v4_bx         0x0000000008005d08        0x0 linker stubs

.iplt           0x0000000008005d08        0x0
 .iplt          0x0000000008005d08        0x0 c:/st/stm32cubeide_1.4.0/stm32cubeide/plugins/com.st.stm32cube.ide.mcu.externaltools.gnu-tools-for-stm32.7-2018-q2-update.win32_1.5.0.202011040924/tools/bin/../lib/gcc/arm-none-eabi/7.3.1/thumb/v7-m/crtbegin.o

.rodata         0x0000000008005d08     0x1580
                0x0000000008005d08                . = ALIGN (0x4)
 *(.rodata)
 .rodata        0x0000000008005d08      0x100 Core/Src/Eeprom.o
 *(.rodata*)
 .rodata.CalibrationFactoryWriteToFlash.str1.1
                0x0000000008005e08       0x20 Core/Src/Eeprom.o
 .rodata.CalibrationReadFromFlash.str1.1
                0x0000000008005e28       0x1a Core/Src/Eeprom.o
 .rodata.CalibrationReadFromFlashForVerify.str1.1
                0x0000000008005e42       0x23 Core/Src/Eeprom.o
 .rodata.CalibrationWriteToFlash.str1.1
                0x0000000008005e65       0x19 Core/Src/Eeprom.o
 .rodata.CalibrationWriteToFlash_CRC.str1.1
                0x0000000008005e7e       0x19 Core/Src/Eeprom.o
                                         0x53 (size before relaxing)
 .rodata.DataWhenPowerOffReadFromFlash.str1.1
                0x0000000008005e7e       0x1f Core/Src/Eeprom.o
 .rodata.DataWhenPowerOffReadFromFlashForVerify.str1.1
                0x0000000008005e9d       0x28 Core/Src/Eeprom.o
 .rodata.DataWhenPowerOffWriteToFlash.str1.1
                0x0000000008005ec5       0x2d Core/Src/Eeprom.o
 .rodata.DataWhenPowerOffWriteToFlash_CRC.str1.1
                0x0000000008005ef2        0xc Core/Src/Eeprom.o
                                         0x69 (size before relaxing)
 .rodata.DataWhenPowerOff_Factory_WriteToFlash.str1.1
                0x0000000008005efe       0x27 Core/Src/Eeprom.o
 .rodata.FactoryWriteToFlash_CRC.str1.1
                0x0000000008005f25      0x132 Core/Src/Eeprom.o
 .rodata.ReadFromFlash.str1.1
                0x0000000008006057       0x34 Core/Src/Eeprom.o
 .rodata.SettingsFactoryWriteToFlash.str1.1
                0x000000000800608b       0x1d Core/Src/Eeprom.o
 .rodata.SettingsReadFromFlash.str1.1
                0x00000000080060a8       0x17 Core/Src/Eeprom.o
 .rodata.SettingsReadFromFlashForVerify.str1.1
                0x00000000080060bf       0x20 Core/Src/Eeprom.o
 .rodata.SettingsWriteToFlash.str1.1
                0x00000000080060df       0x16 Core/Src/Eeprom.o
 .rodata.SettingsWriteToFlash_CRC.str1.1
                0x00000000080060f5       0x16 Core/Src/Eeprom.o
                                         0x62 (size before relaxing)
 .rodata.flash_read.str1.1
                0x00000000080060f5       0x40 Core/Src/Eeprom.o
 .rodata.flash_write_block.str1.1
                0x0000000008006135       0x15 Core/Src/Eeprom.o
 .rodata.InfoToUARTBeforeStart.str1.1
                0x000000000800614a      0x249 Core/Src/General.o
 .rodata.WriteInLOG.str1.1
                0x0000000008006393        0x9 Core/Src/General.o
                                         0x11 (size before relaxing)
 .rodata.NULL_MENU
                0x000000000800639c       0x18 Core/Src/MicroMenu2_1.o
                0x000000000800639c                NULL_MENU
 .rodata.All_OUT_OFF_When_Power_OFF.str1.1
                0x00000000080063b4       0x17 Core/Src/main.o
 .rodata.ClockOnLCD.str1.1
                0x00000000080063cb        0x2 Core/Src/main.o
                                          0x4 (size before relaxing)
 .rodata.MenuCalibrationWriteToFlash_Enter.str1.1
                0x00000000080063cd        0xc Core/Src/main.o
 .rodata.MenuCalibration_BackToFactory.str1.1
                0x00000000080063d9       0x53 Core/Src/main.o
 .rodata.MenuCalibration_CURRENT_Out.str1.1
                0x000000000800642c        0x5 Core/Src/main.o
                                          0x9 (size before relaxing)
 .rodata.MenuCalibration_CURRENT_Out_to_0.str1.1
                0x0000000008006431        0xf Core/Src/main.o
 .rodata.MenuCalibration_Resist_Comp_5V1A.str1.1
                0x0000000008006440        0xb Core/Src/main.o
 .rodata.MenuChargeAdapt.str1.1
                0x000000000800644b        0x9 Core/Src/main.o
 .rodata.MenuChargeCC_CV.str1.1
                0x0000000008006454       0x25 Core/Src/main.o
 .rodata.MenuCharge_Enter.str1.1
                0x0000000008006479        0x8 Core/Src/main.o
                                         0x10 (size before relaxing)
 .rodata.MenuDIAGNOSTIC.str1.1
                0x0000000008006481       0x50 Core/Src/main.o
                                         0x6d (size before relaxing)
 .rodata.MenuDisCharge.str1.1
                0x00000000080064d1        0xc Core/Src/main.o
                                          0xf (size before relaxing)
 .rodata.MenuDischarge_Enter.str1.1
                0x00000000080064dd        0x4 Core/Src/main.o
 .rodata.MenuLog.str1.1
                0x00000000080064e1       0x20 Core/Src/main.o
 .rodata.MenuPowerSupply.str1.1
                0x0000000008006501       0x15 Core/Src/main.o
                                         0x1a (size before relaxing)
 .rodata.MenuSettingsBatteryType.str1.1
                0x0000000008006516       0x75 Core/Src/main.o
 .rodata.MenuSettingsBatteryType_Enter.str1.1
                0x000000000800658b       0x66 Core/Src/main.o
 .rodata.MenuSettingsChargeAddapt.str1.1
                0x00000000080065f1        0x6 Core/Src/main.o
 .rodata.MenuSettingsChargeTime.str1.1
                0x00000000080065f7        0x5 Core/Src/main.o
 .rodata.MenuSettingsLowVolt.str1.1
                0x00000000080065fc        0x5 Core/Src/main.o
 .rodata.MenuSettingsOutAfterPowerUp.str1.1
                0x00000000080065fc       0x33 Core/Src/main.o
 .rodata.MenuSettingsSaveMenuPosWhenOFF.str1.1
                0x000000000800662f       0x77 Core/Src/main.o
 .rodata.MenuSettingsSwngChrgTime.str1.1
                0x00000000080066a6        0x9 Core/Src/main.o
 .rodata.MenuSwing.str1.1
                0x00000000080066af        0x8 Core/Src/main.o
                                          0xb (size before relaxing)
 .rodata.MenuTraining_new.str1.1
                0x00000000080066b7      0x101 Core/Src/main.o
                                        0x10d (size before relaxing)
 .rodata.Menu_1
                0x00000000080067b8       0x29 Core/Src/main.o
                0x00000000080067b8                Menu_1
 *fill*         0x00000000080067e1        0x3 
 .rodata.Menu_10
                0x00000000080067e4       0x29 Core/Src/main.o
                0x00000000080067e4                Menu_10
 *fill*         0x000000000800680d        0x3 
 .rodata.Menu_10_1
                0x0000000008006810       0x29 Core/Src/main.o
                0x0000000008006810                Menu_10_1
 *fill*         0x0000000008006839        0x3 
 .rodata.Menu_10_10
                0x000000000800683c       0x29 Core/Src/main.o
                0x000000000800683c                Menu_10_10
 *fill*         0x0000000008006865        0x3 
 .rodata.Menu_10_1_1
                0x0000000008006868       0x29 Core/Src/main.o
                0x0000000008006868                Menu_10_1_1
 *fill*         0x0000000008006891        0x3 
 .rodata.Menu_10_2
                0x0000000008006894       0x29 Core/Src/main.o
                0x0000000008006894                Menu_10_2
 *fill*         0x00000000080068bd        0x3 
 .rodata.Menu_10_2_1
                0x00000000080068c0       0x29 Core/Src/main.o
                0x00000000080068c0                Menu_10_2_1
 *fill*         0x00000000080068e9        0x3 
 .rodata.Menu_10_3
                0x00000000080068ec       0x29 Core/Src/main.o
                0x00000000080068ec                Menu_10_3
 *fill*         0x0000000008006915        0x3 
 .rodata.Menu_10_3_1
                0x0000000008006918       0x29 Core/Src/main.o
                0x0000000008006918                Menu_10_3_1
 *fill*         0x0000000008006941        0x3 
 .rodata.Menu_10_4
                0x0000000008006944       0x29 Core/Src/main.o
                0x0000000008006944                Menu_10_4
 *fill*         0x000000000800696d        0x3 
 .rodata.Menu_10_4_1
                0x0000000008006970       0x29 Core/Src/main.o
                0x0000000008006970                Menu_10_4_1
 *fill*         0x0000000008006999        0x3 
 .rodata.Menu_10_5
                0x000000000800699c       0x29 Core/Src/main.o
                0x000000000800699c                Menu_10_5
 *fill*         0x00000000080069c5        0x3 
 .rodata.Menu_10_5_1
                0x00000000080069c8       0x29 Core/Src/main.o
                0x00000000080069c8                Menu_10_5_1
 *fill*         0x00000000080069f1        0x3 
 .rodata.Menu_10_6
                0x00000000080069f4       0x29 Core/Src/main.o
                0x00000000080069f4                Menu_10_6
 *fill*         0x0000000008006a1d        0x3 
 .rodata.Menu_10_6_1
                0x0000000008006a20       0x29 Core/Src/main.o
                0x0000000008006a20                Menu_10_6_1
 *fill*         0x0000000008006a49        0x3 
 .rodata.Menu_10_7
                0x0000000008006a4c       0x29 Core/Src/main.o
                0x0000000008006a4c                Menu_10_7
 *fill*         0x0000000008006a75        0x3 
 .rodata.Menu_10_7_1
                0x0000000008006a78       0x19 Core/Src/main.o
                0x0000000008006a78                Menu_10_7_1
 *fill*         0x0000000008006a91        0x3 
 .rodata.Menu_10_8
                0x0000000008006a94       0x29 Core/Src/main.o
                0x0000000008006a94                Menu_10_8
 *fill*         0x0000000008006abd        0x3 
 .rodata.Menu_10_8_1
                0x0000000008006ac0       0x19 Core/Src/main.o
                0x0000000008006ac0                Menu_10_8_1
 *fill*         0x0000000008006ad9        0x3 
 .rodata.Menu_10_9
                0x0000000008006adc       0x29 Core/Src/main.o
                0x0000000008006adc                Menu_10_9
 *fill*         0x0000000008006b05        0x3 
 .rodata.Menu_10_9_1
                0x0000000008006b08       0x19 Core/Src/main.o
                0x0000000008006b08                Menu_10_9_1
 *fill*         0x0000000008006b21        0x3 
 .rodata.Menu_11
                0x0000000008006b24       0x29 Core/Src/main.o
                0x0000000008006b24                Menu_11
 *fill*         0x0000000008006b4d        0x3 
 .rodata.Menu_11_1
                0x0000000008006b50       0x29 Core/Src/main.o
                0x0000000008006b50                Menu_11_1
 *fill*         0x0000000008006b79        0x3 
 .rodata.Menu_1_1
                0x0000000008006b7c       0x29 Core/Src/main.o
                0x0000000008006b7c                Menu_1_1
 *fill*         0x0000000008006ba5        0x3 
 .rodata.Menu_1_1_1
                0x0000000008006ba8       0x29 Core/Src/main.o
                0x0000000008006ba8                Menu_1_1_1
 *fill*         0x0000000008006bd1        0x3 
 .rodata.Menu_1_1_1a
                0x0000000008006bd4       0x29 Core/Src/main.o
                0x0000000008006bd4                Menu_1_1_1a
 *fill*         0x0000000008006bfd        0x3 
 .rodata.Menu_1_1a
                0x0000000008006c00       0x29 Core/Src/main.o
                0x0000000008006c00                Menu_1_1a
 *fill*         0x0000000008006c29        0x3 
 .rodata.Menu_1_2
                0x0000000008006c2c       0x29 Core/Src/main.o
                0x0000000008006c2c                Menu_1_2
 *fill*         0x0000000008006c55        0x3 
 .rodata.Menu_1_2_1
                0x0000000008006c58       0x29 Core/Src/main.o
                0x0000000008006c58                Menu_1_2_1
 *fill*         0x0000000008006c81        0x3 
 .rodata.Menu_1_3
                0x0000000008006c84       0x29 Core/Src/main.o
                0x0000000008006c84                Menu_1_3
 *fill*         0x0000000008006cad        0x3 
 .rodata.Menu_1_3_1
                0x0000000008006cb0       0x29 Core/Src/main.o
                0x0000000008006cb0                Menu_1_3_1
 *fill*         0x0000000008006cd9        0x3 
 .rodata.Menu_1_4
                0x0000000008006cdc       0x29 Core/Src/main.o
                0x0000000008006cdc                Menu_1_4
 *fill*         0x0000000008006d05        0x3 
 .rodata.Menu_1_4_1
                0x0000000008006d08       0x29 Core/Src/main.o
                0x0000000008006d08                Menu_1_4_1
 *fill*         0x0000000008006d31        0x3 
 .rodata.Menu_1_5
                0x0000000008006d34       0x29 Core/Src/main.o
                0x0000000008006d34                Menu_1_5
 *fill*         0x0000000008006d5d        0x3 
 .rodata.Menu_1_5_1
                0x0000000008006d60       0x29 Core/Src/main.o
                0x0000000008006d60                Menu_1_5_1
 *fill*         0x0000000008006d89        0x3 
 .rodata.Menu_1_6
                0x0000000008006d8c       0x29 Core/Src/main.o
                0x0000000008006d8c                Menu_1_6
 *fill*         0x0000000008006db5        0x3 
 .rodata.Menu_1_6_1
                0x0000000008006db8       0x29 Core/Src/main.o
                0x0000000008006db8                Menu_1_6_1
 *fill*         0x0000000008006de1        0x3 
 .rodata.Menu_1_7
                0x0000000008006de4       0x29 Core/Src/main.o
                0x0000000008006de4                Menu_1_7
 *fill*         0x0000000008006e0d        0x3 
 .rodata.Menu_1_S
                0x0000000008006e10       0x29 Core/Src/main.o
                0x0000000008006e10                Menu_1_S
 *fill*         0x0000000008006e39        0x3 
 .rodata.Menu_1_SO
                0x0000000008006e3c       0x29 Core/Src/main.o
                0x0000000008006e3c                Menu_1_SO
 *fill*         0x0000000008006e65        0x3 
 .rodata.Menu_1_SO_1
                0x0000000008006e68       0x29 Core/Src/main.o
                0x0000000008006e68                Menu_1_SO_1
 *fill*         0x0000000008006e91        0x3 
 .rodata.Menu_1_S_1
                0x0000000008006e94       0x29 Core/Src/main.o
                0x0000000008006e94                Menu_1_S_1
 *fill*         0x0000000008006ebd        0x3 
 .rodata.Menu_2
                0x0000000008006ec0       0x29 Core/Src/main.o
                0x0000000008006ec0                Menu_2
 *fill*         0x0000000008006ee9        0x3 
 .rodata.Menu_2_1
                0x0000000008006eec       0x29 Core/Src/main.o
                0x0000000008006eec                Menu_2_1
 *fill*         0x0000000008006f15        0x3 
 .rodata.Menu_3
                0x0000000008006f18       0x29 Core/Src/main.o
                0x0000000008006f18                Menu_3
 *fill*         0x0000000008006f41        0x3 
 .rodata.Menu_3_1
                0x0000000008006f44       0x29 Core/Src/main.o
                0x0000000008006f44                Menu_3_1
 *fill*         0x0000000008006f6d        0x3 
 .rodata.Menu_4
                0x0000000008006f70       0x29 Core/Src/main.o
                0x0000000008006f70                Menu_4
 *fill*         0x0000000008006f99        0x3 
 .rodata.Menu_4_1
                0x0000000008006f9c       0x29 Core/Src/main.o
                0x0000000008006f9c                Menu_4_1
 *fill*         0x0000000008006fc5        0x3 
 .rodata.Menu_5
                0x0000000008006fc8       0x29 Core/Src/main.o
                0x0000000008006fc8                Menu_5
 *fill*         0x0000000008006ff1        0x3 
 .rodata.Menu_5_1
                0x0000000008006ff4       0x29 Core/Src/main.o
                0x0000000008006ff4                Menu_5_1
 *fill*         0x000000000800701d        0x3 
 .rodata.Menu_6
                0x0000000008007020       0x29 Core/Src/main.o
                0x0000000008007020                Menu_6
 *fill*         0x0000000008007049        0x3 
 .rodata.Menu_6_1
                0x000000000800704c       0x29 Core/Src/main.o
                0x000000000800704c                Menu_6_1
 *fill*         0x0000000008007075        0x3 
 .rodata.Menu_6_1a
                0x0000000008007078       0x29 Core/Src/main.o
                0x0000000008007078                Menu_6_1a
 *fill*         0x00000000080070a1        0x3 
 .rodata.Menu_6a
                0x00000000080070a4       0x29 Core/Src/main.o
                0x00000000080070a4                Menu_6a
 *fill*         0x00000000080070cd        0x3 
 .rodata.Menu_7
                0x00000000080070d0       0x29 Core/Src/main.o
                0x00000000080070d0                Menu_7
 *fill*         0x00000000080070f9        0x3 
 .rodata.Menu_7_1
                0x00000000080070fc       0x29 Core/Src/main.o
                0x00000000080070fc                Menu_7_1
 *fill*         0x0000000008007125        0x3 
 .rodata.Menu_8
                0x0000000008007128       0x29 Core/Src/main.o
                0x0000000008007128                Menu_8
 *fill*         0x0000000008007151        0x3 
 .rodata.Menu_8_1
                0x0000000008007154       0x29 Core/Src/main.o
                0x0000000008007154                Menu_8_1
 *fill*         0x000000000800717d        0x3 
 .rodata.Menu_8a
                0x0000000008007180       0x29 Core/Src/main.o
                0x0000000008007180                Menu_8a
 *fill*         0x00000000080071a9        0x3 
 .rodata.Menu_8a_1
                0x00000000080071ac       0x29 Core/Src/main.o
                0x00000000080071ac                Menu_8a_1
 *fill*         0x00000000080071d5        0x3 
 .rodata.Menu_9
                0x00000000080071d8       0x29 Core/Src/main.o
                0x00000000080071d8                Menu_9
 *fill*         0x0000000008007201        0x3 
 .rodata.Menu_9_1
                0x0000000008007204       0x29 Core/Src/main.o
                0x0000000008007204                Menu_9_1
 .rodata.charge1.str1.1
                0x000000000800722d      0x101 Core/Src/main.o
                                          0x7 (size before relaxing)
 .rodata.discharge1.str1.1
                0x000000000800722d        0xa Core/Src/main.o
 .rodata.main.str1.1
                0x0000000008007237       0x37 Core/Src/main.o
                                         0x59 (size before relaxing)
 .rodata.AHBPrescTable
                0x000000000800726e       0x10 Core/Src/system_stm32f1xx.o
                0x000000000800726e                AHBPrescTable
 .rodata.APBPrescTable
                0x000000000800727e        0x8 Core/Src/system_stm32f1xx.o
                0x000000000800727e                APBPrescTable
                0x0000000008007330                . = ALIGN (0x4)
 *fill*         0x0000000008007286        0x2 

.rel.dyn        0x0000000008007288        0x0
 .rel.iplt      0x0000000008007288        0x0 c:/st/stm32cubeide_1.4.0/stm32cubeide/plugins/com.st.stm32cube.ide.mcu.externaltools.gnu-tools-for-stm32.7-2018-q2-update.win32_1.5.0.202011040924/tools/bin/../lib/gcc/arm-none-eabi/7.3.1/thumb/v7-m/crtbegin.o

.ARM.extab      0x0000000008007288        0x0
                0x0000000008007288                . = ALIGN (0x4)
 *(.ARM.extab* .gnu.linkonce.armextab.*)
                0x0000000008007288                . = ALIGN (0x4)

.ARM            0x0000000008007288        0x0
                0x0000000008007288                . = ALIGN (0x4)
                0x0000000008007288                __exidx_start = .
 *(.ARM.exidx*)
                0x0000000008007288                __exidx_end = .
                0x0000000008007288                . = ALIGN (0x4)

.preinit_array  0x0000000008007288        0x0
                0x0000000008007288                . = ALIGN (0x4)
                0x0000000008007288                PROVIDE (__preinit_array_start = .)
 *(.preinit_array*)
                0x0000000008007288                PROVIDE (__preinit_array_end = .)
                0x0000000008007288                . = ALIGN (0x4)

.init_array     0x0000000008007288        0x4
                0x0000000008007288                . = ALIGN (0x4)
                0x0000000008007288                PROVIDE (__init_array_start = .)
 *(SORT_BY_NAME(.init_array.*))
 *(.init_array*)
 .init_array    0x0000000008007288        0x4 c:/st/stm32cubeide_1.4.0/stm32cubeide/plugins/com.st.stm32cube.ide.mcu.externaltools.gnu-tools-for-stm32.7-2018-q2-update.win32_1.5.0.202011040924/tools/bin/../lib/gcc/arm-none-eabi/7.3.1/thumb/v7-m/crtbegin.o
                0x000000000800728c                PROVIDE (__init_array_end = .)
                0x000000000800728c                . = ALIGN (0x4)

.fini_array     0x000000000800728c        0x4
                0x000000000800728c                . = ALIGN (0x4)
                [!provide]                        PROVIDE (__fini_array_start = .)
 *(SORT_BY_NAME(.fini_array.*))
 *(.fini_array*)
 .fini_array    0x000000000800728c        0x4 c:/st/stm32cubeide_1.4.0/stm32cubeide/plugins/com.st.stm32cube.ide.mcu.externaltools.gnu-tools-for-stm32.7-2018-q2-update.win32_1.5.0.202011040924/tools/bin/../lib/gcc/arm-none-eabi/7.3.1/thumb/v7-m/crtbegin.o
                [!provide]                        PROVIDE (__fini_array_end = .)
                0x0000000008007290                . = ALIGN (0x4)
                0x0000000008007290                _sidata = LOADADDR (.data)

.data           0x0000000020000000      0x290 load address 0x0000000008007290
                0x0000000020000000                . = ALIGN (0x4)
                0x0000000020000000                _sdata = .
 *(.data)
 *(.data*)
 .data.EEpromReadStatus
                0x0000000020000000        0x1 Core/Src/Eeprom.o
 *fill*         0x0000000020000001        0x3 
 .data.CalibrationData
                0x0000000020000004       0x50 Core/Src/General.o
                0x0000000020000004                CalibrationData
 .data.CalibrationDataFactory
                0x0000000020000054       0x50 Core/Src/General.o
                0x0000000020000054                CalibrationDataFactory
 .data.CalibrationDataForVerify
                0x00000000200000a4       0x50 Core/Src/General.o
                0x00000000200000a4                CalibrationDataForVerify
 .data.SaveDataWhenPowerOff
                0x00000000200000f4       0x20 Core/Src/General.o
                0x00000000200000f4                SaveDataWhenPowerOff
 .data.SaveDataWhenPowerOffFactory
                0x0000000020000114       0x20 Core/Src/General.o
                0x0000000020000114                SaveDataWhenPowerOffFactory
 .data.SaveDataWhenPowerOffForVerify
                0x0000000020000134       0x20 Core/Src/General.o
                0x0000000020000134                SaveDataWhenPowerOffForVerify
 .data.SettingsData
                0x0000000020000154       0x48 Core/Src/General.o
                0x0000000020000154                SettingsData
 .data.SettingsDataFactory
                0x000000002000019c       0x48 Core/Src/General.o
                0x000000002000019c                SettingsDataFactory
 .data.SettingsDataForVerify
                0x00000000200001e4       0x48 Core/Src/General.o
                0x00000000200001e4                SettingsDataForVerify
 .data.T_Table  0x000000002000022c       0x20 Core/Src/General.o
                0x000000002000022c                T_Table
 .data.CurrentMenuItem
                0x000000002000024c        0x4 Core/Src/MicroMenu2_1.o
 .data.russ     0x0000000020000250       0x20 Core/Src/hd44780_driver.o
                0x0000000020000250                russ
 .data.ChargeDischargeStatus
                0x0000000020000270        0x1 Core/Src/main.o
                0x0000000020000270                ChargeDischargeStatus
 .data.EEpromWrite_status.8745
                0x0000000020000271        0x1 Core/Src/main.o
 *fill*         0x0000000020000272        0x2 
 .data.OutStateAfterPowerUp
                0x0000000020000274        0x4 Core/Src/main.o
                0x0000000020000274                OutStateAfterPowerUp
 .data.ResistanceComp_Voltage.8621
                0x0000000020000278        0x2 Core/Src/main.o
 .data.Version  0x000000002000027a       0x12 Core/Src/main.o
                0x000000002000027a                Version
 .data.SystemCoreClock
                0x000000002000028c        0x4 Core/Src/system_stm32f1xx.o
                0x000000002000028c                SystemCoreClock
                0x0000000020000290                . = ALIGN (0x4)
                0x0000000020000290                _edata = .

.igot.plt       0x0000000020000290        0x0 load address 0x0000000008007520
 .igot.plt      0x0000000020000290        0x0 c:/st/stm32cubeide_1.4.0/stm32cubeide/plugins/com.st.stm32cube.ide.mcu.externaltools.gnu-tools-for-stm32.7-2018-q2-update.win32_1.5.0.202011040924/tools/bin/../lib/gcc/arm-none-eabi/7.3.1/thumb/v7-m/crtbegin.o
                0x0000000020000290                . = ALIGN (0x4)

.bss            0x0000000020000290      0x798 load address 0x0000000008007520
                0x0000000020000290                _sbss = .
                0x0000000020000290                __bss_start__ = _sbss
 *(.bss)
 .bss           0x0000000020000290       0x1c c:/st/stm32cubeide_1.4.0/stm32cubeide/plugins/com.st.stm32cube.ide.mcu.externaltools.gnu-tools-for-stm32.7-2018-q2-update.win32_1.5.0.202011040924/tools/bin/../lib/gcc/arm-none-eabi/7.3.1/thumb/v7-m/crtbegin.o
 *(.bss*)
 .bss.Count1000mSecond
                0x00000000200002ac        0x2 Core/Src/General.o
                0x00000000200002ac                Count1000mSecond
 .bss.Count100mSecond
                0x00000000200002ae        0x2 Core/Src/General.o
                0x00000000200002ae                Count100mSecond
 .bss.Count10mSecond
                0x00000000200002b0        0x2 Core/Src/General.o
                0x00000000200002b0                Count10mSecond
 .bss.Current_Out
                0x00000000200002b2        0x2 Core/Src/General.o
                0x00000000200002b2                Current_Out
 .bss.Current_load
                0x00000000200002b4        0x2 Core/Src/General.o
                0x00000000200002b4                Current_load
 .bss.U_OUT_ForSetResistance
                0x00000000200002b6        0x2 Core/Src/General.o
                0x00000000200002b6                U_OUT_ForSetResistance
 .bss.bufferUart1
                0x00000000200002b8      0x45c Core/Src/General.o
                0x00000000200002b8                bufferUart1
 .bss.InputValueI1.5088
                0x0000000020000714        0xc Core/Src/Lib.o
 .bss.InputValueI2.5096
                0x0000000020000720        0xc Core/Src/Lib.o
 .bss.InputValueU1.5104
                0x000000002000072c        0xc Core/Src/Lib.o
 .bss.InputValueU2.5112
                0x0000000020000738        0xc Core/Src/Lib.o
 .bss.InputValueU3.5120
                0x0000000020000744        0xc Core/Src/Lib.o
 .bss.s1.4950   0x0000000020000750       0x10 Core/Src/Lib.o
 .bss.s1.4979   0x0000000020000760       0x11 Core/Src/Lib.o
 *fill*         0x0000000020000771        0x3 
 .bss.MenuWriteFunc
                0x0000000020000774        0x4 Core/Src/MicroMenu2_1.o
 .bss.pos_x     0x0000000020000778        0x1 Core/Src/hd44780_driver.o
                0x0000000020000778                pos_x
 .bss.pos_y     0x0000000020000779        0x1 Core/Src/hd44780_driver.o
                0x0000000020000779                pos_y
 *fill*         0x000000002000077a        0x2 
 .bss.BatteryCapacityCharge
                0x000000002000077c        0x4 Core/Src/main.o
                0x000000002000077c                BatteryCapacityCharge
 .bss.BatteryCapacityDischargeCurrent
                0x0000000020000780        0x4 Core/Src/main.o
                0x0000000020000780                BatteryCapacityDischargeCurrent
 .bss.BatteryCapacityDischargeCurrentAfterPOwerUp
                0x0000000020000784        0x4 Core/Src/main.o
                0x0000000020000784                BatteryCapacityDischargeCurrentAfterPOwerUp
 .bss.BatteryLow
                0x0000000020000788        0x1 Core/Src/main.o
                0x0000000020000788                BatteryLow
 .bss.Blink_message_counter
                0x0000000020000789        0x1 Core/Src/main.o
                0x0000000020000789                Blink_message_counter
 .bss.ChargeDischargeState
                0x000000002000078a        0x1 Core/Src/main.o
                0x000000002000078a                ChargeDischargeState
 .bss.ChargeStatusForTimer
                0x000000002000078b        0x1 Core/Src/main.o
                0x000000002000078b                ChargeStatusForTimer
 .bss.ChargeTimeSec
                0x000000002000078c        0x4 Core/Src/main.o
                0x000000002000078c                ChargeTimeSec
 .bss.CheckingCapacityCounter
                0x0000000020000790        0x1 Core/Src/main.o
                0x0000000020000790                CheckingCapacityCounter
 .bss.CountShow
                0x0000000020000791        0x1 Core/Src/main.o
                0x0000000020000791                CountShow
 .bss.CountShow1
                0x0000000020000792        0x1 Core/Src/main.o
                0x0000000020000792                CountShow1
 .bss.CountShowBT
                0x0000000020000793        0x1 Core/Src/main.o
                0x0000000020000793                CountShowBT
 .bss.DisChargeStatusForTimer
                0x0000000020000794        0x1 Core/Src/main.o
                0x0000000020000794                DisChargeStatusForTimer
 *fill*         0x0000000020000795        0x3 
 .bss.DischargeTimeSec
                0x0000000020000798        0x4 Core/Src/main.o
                0x0000000020000798                DischargeTimeSec
 .bss.DischargeTimeSec_Previous
                0x000000002000079c        0x4 Core/Src/main.o
                0x000000002000079c                DischargeTimeSec_Previous
 .bss.EnterInMenu_Status
                0x00000000200007a0        0x1 Core/Src/main.o
                0x00000000200007a0                EnterInMenu_Status
 .bss.InitiStatus
                0x00000000200007a1        0x1 Core/Src/main.o
                0x00000000200007a1                InitiStatus
 .bss.On_off    0x00000000200007a2        0x1 Core/Src/main.o
                0x00000000200007a2                On_off
 *fill*         0x00000000200007a3        0x1 
 .bss.PowerOffTimesec
                0x00000000200007a4        0x4 Core/Src/main.o
                0x00000000200007a4                PowerOffTimesec
 .bss.Status_Load
                0x00000000200007a8        0x1 Core/Src/main.o
                0x00000000200007a8                Status_Load
 .bss.Status_Out
                0x00000000200007a9        0x1 Core/Src/main.o
                0x00000000200007a9                Status_Out
 .bss.Status_Timer_Sec
                0x00000000200007aa        0x1 Core/Src/main.o
                0x00000000200007aa                Status_Timer_Sec
 *fill*         0x00000000200007ab        0x1 
 .bss.SumI1     0x00000000200007ac        0x4 Core/Src/main.o
                0x00000000200007ac                SumI1
 .bss.SumI1Counter
                0x00000000200007b0        0x2 Core/Src/main.o
                0x00000000200007b0                SumI1Counter
 *fill*         0x00000000200007b2        0x2 
 .bss.SumI2     0x00000000200007b4        0x4 Core/Src/main.o
                0x00000000200007b4                SumI2
 .bss.SumI2Counter
                0x00000000200007b8        0x2 Core/Src/main.o
                0x00000000200007b8                SumI2Counter
 *fill*         0x00000000200007ba        0x2 
 .bss.SumU1     0x00000000200007bc        0x4 Core/Src/main.o
                0x00000000200007bc                SumU1
 .bss.SumU1Counter
                0x00000000200007c0        0x2 Core/Src/main.o
                0x00000000200007c0                SumU1Counter
 *fill*         0x00000000200007c2        0x2 
 .bss.SumU2     0x00000000200007c4        0x4 Core/Src/main.o
                0x00000000200007c4                SumU2
 .bss.SumU2Counter
                0x00000000200007c8        0x2 Core/Src/main.o
                0x00000000200007c8                SumU2Counter
 *fill*         0x00000000200007ca        0x2 
 .bss.SumU3     0x00000000200007cc        0x4 Core/Src/main.o
                0x00000000200007cc                SumU3
 .bss.SumU3Counter
                0x00000000200007d0        0x2 Core/Src/main.o
                0x00000000200007d0                SumU3Counter
 *fill*         0x00000000200007d2        0x2 
 .bss.TimerForReadyMeasurement_ms
                0x00000000200007d4        0x4 Core/Src/main.o
                0x00000000200007d4                TimerForReadyMeasurement_ms
 .bss.Timer_Sec
                0x00000000200007d8        0x4 Core/Src/main.o
                0x00000000200007d8                Timer_Sec
 .bss.U_BatteryTmp
                0x00000000200007dc        0x2 Core/Src/main.o
                0x00000000200007dc                U_BatteryTmp
 *fill*         0x00000000200007de        0x2 
 .bss.U_Battery_Timer
                0x00000000200007e0        0x4 Core/Src/main.o
                0x00000000200007e0                U_Battery_Timer
 .bss.U_OUTtmp  0x00000000200007e4        0x4 Core/Src/main.o
                0x00000000200007e4                U_OUTtmp
 .bss.comp      0x00000000200007e8        0x2 Core/Src/main.o
                0x00000000200007e8                comp
 .bss.i_LogItems
                0x00000000200007ea        0x2 Core/Src/main.o
                0x00000000200007ea                i_LogItems
 .bss.pressedKey
                0x00000000200007ec        0x1 Core/Src/main.o
                0x00000000200007ec                pressedKey
 *fill*         0x00000000200007ed        0x3 
 .bss.time_sec  0x00000000200007f0        0x4 Core/Src/main.o
                0x00000000200007f0                time_sec
 *(COMMON)
 COMMON         0x00000000200007f4      0x228 Core/Src/Eeprom.o
                0x00000000200007f4                U_12V
                0x00000000200007f8                Temperature
                0x00000000200007fc                Current_RAW
                0x0000000020000800                Temp_R_A_B
                0x0000000020000860                U_IN
                0x0000000020000862                Current
                0x0000000020000864                RegularConvData
                0x0000000020000874                U_Controller
                0x0000000020000876                U_OUT
                0x0000000020000878                Rt
                0x000000002000087c                U_PS
                0x0000000020000880                LoggingData
 COMMON         0x0000000020000a1c        0xc Core/Src/main.o
                0x0000000020000a1c                SelectedOptionValue1
                0x0000000020000a20                ChargeDurationSec
                0x0000000020000a24                SelectedOptionValue
                0x0000000020000a28                . = ALIGN (0x4)
                0x0000000020000a28                _ebss = .
                0x0000000020000a28                __bss_end__ = _ebss

._user_heap_stack
                0x0000000020000a28      0x600 load address 0x0000000008007520
                0x0000000020000a28                . = ALIGN (0x8)
                [!provide]                        PROVIDE (end = .)
                0x0000000020000a28                PROVIDE (_end = .)
                0x0000000020000c28                . = (. + _Min_Heap_Size)
 *fill*         0x0000000020000a28      0x200 
                0x0000000020001028                . = (. + _Min_Stack_Size)
 *fill*         0x0000000020000c28      0x400 
                0x0000000020001028                . = ALIGN (0x8)

/DISCARD/
 libc.a(*)
 libm.a(*)
 libgcc.a(*)

.ARM.attributes
                0x0000000000000000       0x29
 *(.ARM.attributes)
 .ARM.attributes
                0x0000000000000000       0x1d c:/st/stm32cubeide_1.4.0/stm32cubeide/plugins/com.st.stm32cube.ide.mcu.externaltools.gnu-tools-for-stm32.7-2018-q2-update.win32_1.5.0.202011040924/tools/bin/../lib/gcc/arm-none-eabi/7.3.1/thumb/v7-m/crti.o
 .ARM.attributes
                0x000000000000001d       0x2d c:/st/stm32cubeide_1.4.0/stm32cubeide/plugins/com.st.stm32cube.ide.mcu.externaltools.gnu-tools-for-stm32.7-2018-q2-update.win32_1.5.0.202011040924/tools/bin/../lib/gcc/arm-none-eabi/7.3.1/thumb/v7-m/crtbegin.o
 .ARM.attributes
                0x000000000000004a       0x33 Core/Src/Eeprom.o
 .ARM.attributes
                0x000000000000007d       0x33 Core/Src/General.o
 .ARM.attributes
                0x00000000000000b0       0x33 Core/Src/Lib.o
 .ARM.attributes
                0x00000000000000e3       0x33 Core/Src/MicroMenu2_1.o
 .ARM.attributes
                0x0000000000000116       0x33 Core/Src/hd44780_driver.o
 .ARM.attributes
                0x0000000000000149       0x33 Core/Src/main.o
 .ARM.attributes
                0x000000000000017c       0x33 Core/Src/stm32f1xx_it.o
 .ARM.attributes
                0x00000000000001af       0x33 Core/Src/system_stm32f1xx.o
 .ARM.attributes
                0x00000000000001e2       0x33 Core/Src/usart.o
 .ARM.attributes
                0x0000000000000215       0x21 Core/Startup/startup_stm32f100c8tx.o
 .ARM.attributes
                0x0000000000000236       0x33 Drivers/STM32F1xx_HAL_Driver/Src/stm32f1xx_ll_adc.o
 .ARM.attributes
                0x0000000000000269       0x33 Drivers/STM32F1xx_HAL_Driver/Src/stm32f1xx_ll_dac.o
 .ARM.attributes
                0x000000000000029c       0x33 Drivers/STM32F1xx_HAL_Driver/Src/stm32f1xx_ll_gpio.o
 .ARM.attributes
                0x00000000000002cf       0x33 Drivers/STM32F1xx_HAL_Driver/Src/stm32f1xx_ll_rcc.o
 .ARM.attributes
                0x0000000000000302       0x33 Drivers/STM32F1xx_HAL_Driver/Src/stm32f1xx_ll_tim.o
 .ARM.attributes
                0x0000000000000335       0x33 Drivers/STM32F1xx_HAL_Driver/Src/stm32f1xx_ll_usart.o
 .ARM.attributes
                0x0000000000000368       0x33 Drivers/STM32F1xx_HAL_Driver/Src/stm32f1xx_ll_utils.o
 .ARM.attributes
                0x000000000000039b       0x2d c:/st/stm32cubeide_1.4.0/stm32cubeide/plugins/com.st.stm32cube.ide.mcu.externaltools.gnu-tools-for-stm32.7-2018-q2-update.win32_1.5.0.202011040924/tools/bin/../lib/gcc/arm-none-eabi/7.3.1/../../../../arm-none-eabi/lib/thumb/v7-m\libc_nano.a(lib_a-init.o)
 .ARM.attributes
                0x00000000000003c8       0x2d c:/st/stm32cubeide_1.4.0/stm32cubeide/plugins/com.st.stm32cube.ide.mcu.externaltools.gnu-tools-for-stm32.7-2018-q2-update.win32_1.5.0.202011040924/tools/bin/../lib/gcc/arm-none-eabi/7.3.1/../../../../arm-none-eabi/lib/thumb/v7-m\libc_nano.a(lib_a-memcpy-stub.o)
 .ARM.attributes
                0x00000000000003f5       0x2d c:/st/stm32cubeide_1.4.0/stm32cubeide/plugins/com.st.stm32cube.ide.mcu.externaltools.gnu-tools-for-stm32.7-2018-q2-update.win32_1.5.0.202011040924/tools/bin/../lib/gcc/arm-none-eabi/7.3.1/../../../../arm-none-eabi/lib/thumb/v7-m\libc_nano.a(lib_a-memset.o)
 .ARM.attributes
                0x0000000000000422       0x1d c:/st/stm32cubeide_1.4.0/stm32cubeide/plugins/com.st.stm32cube.ide.mcu.externaltools.gnu-tools-for-stm32.7-2018-q2-update.win32_1.5.0.202011040924/tools/bin/../lib/gcc/arm-none-eabi/7.3.1/thumb/v7-m/crtn.o
OUTPUT(LinearPowerSupply_PS1401mA.elf elf32-littlearm)

.debug_info     0x0000000000000000    0x12464
 .debug_info    0x0000000000000000     0x2102 Core/Src/Eeprom.o
 .debug_info    0x0000000000002102     0x1009 Core/Src/General.o
 .debug_info    0x000000000000310b      0xa9c Core/Src/Lib.o
 .debug_info    0x0000000000003ba7      0x28d Core/Src/MicroMenu2_1.o
 .debug_info    0x0000000000003e34     0x107e Core/Src/hd44780_driver.o
 .debug_info    0x0000000000004eb2     0x8155 Core/Src/main.o
 .debug_info    0x000000000000d007      0x938 Core/Src/stm32f1xx_it.o
 .debug_info    0x000000000000d93f      0x253 Core/Src/system_stm32f1xx.o
 .debug_info    0x000000000000db92      0xb66 Core/Src/usart.o
 .debug_info    0x000000000000e6f8       0x22 Core/Startup/startup_stm32f100c8tx.o
 .debug_info    0x000000000000e71a      0x8ef Drivers/STM32F1xx_HAL_Driver/Src/stm32f1xx_ll_adc.o
 .debug_info    0x000000000000f009      0x44c Drivers/STM32F1xx_HAL_Driver/Src/stm32f1xx_ll_dac.o
 .debug_info    0x000000000000f455      0x813 Drivers/STM32F1xx_HAL_Driver/Src/stm32f1xx_ll_gpio.o
 .debug_info    0x000000000000fc68      0x62d Drivers/STM32F1xx_HAL_Driver/Src/stm32f1xx_ll_rcc.o
 .debug_info    0x0000000000010295     0x1205 Drivers/STM32F1xx_HAL_Driver/Src/stm32f1xx_ll_tim.o
 .debug_info    0x000000000001149a      0x771 Drivers/STM32F1xx_HAL_Driver/Src/stm32f1xx_ll_usart.o
 .debug_info    0x0000000000011c0b      0x859 Drivers/STM32F1xx_HAL_Driver/Src/stm32f1xx_ll_utils.o

.debug_abbrev   0x0000000000000000     0x2806
 .debug_abbrev  0x0000000000000000      0x347 Core/Src/Eeprom.o
 .debug_abbrev  0x0000000000000347      0x2ab Core/Src/General.o
 .debug_abbrev  0x00000000000005f2      0x1da Core/Src/Lib.o
 .debug_abbrev  0x00000000000007cc      0x1d6 Core/Src/MicroMenu2_1.o
 .debug_abbrev  0x00000000000009a2      0x313 Core/Src/hd44780_driver.o
 .debug_abbrev  0x0000000000000cb5      0x5e2 Core/Src/main.o
 .debug_abbrev  0x0000000000001297      0x1ce Core/Src/stm32f1xx_it.o
 .debug_abbrev  0x0000000000001465      0x111 Core/Src/system_stm32f1xx.o
 .debug_abbrev  0x0000000000001576      0x259 Core/Src/usart.o
 .debug_abbrev  0x00000000000017cf       0x12 Core/Startup/startup_stm32f100c8tx.o
 .debug_abbrev  0x00000000000017e1      0x1f5 Drivers/STM32F1xx_HAL_Driver/Src/stm32f1xx_ll_adc.o
 .debug_abbrev  0x00000000000019d6      0x1cc Drivers/STM32F1xx_HAL_Driver/Src/stm32f1xx_ll_dac.o
 .debug_abbrev  0x0000000000001ba2      0x23e Drivers/STM32F1xx_HAL_Driver/Src/stm32f1xx_ll_gpio.o
 .debug_abbrev  0x0000000000001de0      0x27c Drivers/STM32F1xx_HAL_Driver/Src/stm32f1xx_ll_rcc.o
 .debug_abbrev  0x000000000000205c      0x26a Drivers/STM32F1xx_HAL_Driver/Src/stm32f1xx_ll_tim.o
 .debug_abbrev  0x00000000000022c6      0x252 Drivers/STM32F1xx_HAL_Driver/Src/stm32f1xx_ll_usart.o
 .debug_abbrev  0x0000000000002518      0x2ee Drivers/STM32F1xx_HAL_Driver/Src/stm32f1xx_ll_utils.o

.debug_loc      0x0000000000000000     0x528a
 .debug_loc     0x0000000000000000      0x302 Core/Src/Eeprom.o
 .debug_loc     0x0000000000000302      0x470 Core/Src/General.o
 .debug_loc     0x0000000000000772      0xe31 Core/Src/Lib.o
 .debug_loc     0x00000000000015a3       0xe2 Core/Src/MicroMenu2_1.o
 .debug_loc     0x0000000000001685      0x5af Core/Src/hd44780_driver.o
 .debug_loc     0x0000000000001c34     0x1322 Core/Src/main.o
 .debug_loc     0x0000000000002f56       0xe2 Core/Src/system_stm32f1xx.o
 .debug_loc     0x0000000000003038      0x2c1 Core/Src/usart.o
 .debug_loc     0x00000000000032f9      0x324 Drivers/STM32F1xx_HAL_Driver/Src/stm32f1xx_ll_adc.o
 .debug_loc     0x000000000000361d      0x173 Drivers/STM32F1xx_HAL_Driver/Src/stm32f1xx_ll_dac.o
 .debug_loc     0x0000000000003790      0x4a6 Drivers/STM32F1xx_HAL_Driver/Src/stm32f1xx_ll_gpio.o
 .debug_loc     0x0000000000003c36      0x19a Drivers/STM32F1xx_HAL_Driver/Src/stm32f1xx_ll_rcc.o
 .debug_loc     0x0000000000003dd0      0xd24 Drivers/STM32F1xx_HAL_Driver/Src/stm32f1xx_ll_tim.o
 .debug_loc     0x0000000000004af4      0x3b3 Drivers/STM32F1xx_HAL_Driver/Src/stm32f1xx_ll_usart.o
 .debug_loc     0x0000000000004ea7      0x3e3 Drivers/STM32F1xx_HAL_Driver/Src/stm32f1xx_ll_utils.o

.debug_aranges  0x0000000000000000      0x858
 .debug_aranges
                0x0000000000000000       0xe8 Core/Src/Eeprom.o
 .debug_aranges
                0x00000000000000e8       0x50 Core/Src/General.o
 .debug_aranges
                0x0000000000000138       0xc8 Core/Src/Lib.o
 .debug_aranges
                0x0000000000000200       0x38 Core/Src/MicroMenu2_1.o
 .debug_aranges
                0x0000000000000238       0xa8 Core/Src/hd44780_driver.o
 .debug_aranges
                0x00000000000002e0      0x250 Core/Src/main.o
 .debug_aranges
                0x0000000000000530       0x50 Core/Src/stm32f1xx_it.o
 .debug_aranges
                0x0000000000000580       0x28 Core/Src/system_stm32f1xx.o
 .debug_aranges
                0x00000000000005a8       0x60 Core/Src/usart.o
 .debug_aranges
                0x0000000000000608       0x28 Core/Startup/startup_stm32f100c8tx.o
 .debug_aranges
                0x0000000000000630       0x68 Drivers/STM32F1xx_HAL_Driver/Src/stm32f1xx_ll_adc.o
 .debug_aranges
                0x0000000000000698       0x30 Drivers/STM32F1xx_HAL_Driver/Src/stm32f1xx_ll_dac.o
 .debug_aranges
                0x00000000000006c8       0x30 Drivers/STM32F1xx_HAL_Driver/Src/stm32f1xx_ll_gpio.o
 .debug_aranges
                0x00000000000006f8       0x58 Drivers/STM32F1xx_HAL_Driver/Src/stm32f1xx_ll_rcc.o
 .debug_aranges
                0x0000000000000750       0x80 Drivers/STM32F1xx_HAL_Driver/Src/stm32f1xx_ll_tim.o
 .debug_aranges
                0x00000000000007d0       0x40 Drivers/STM32F1xx_HAL_Driver/Src/stm32f1xx_ll_usart.o
 .debug_aranges
                0x0000000000000810       0x48 Drivers/STM32F1xx_HAL_Driver/Src/stm32f1xx_ll_utils.o

.debug_ranges   0x0000000000000000      0xd88
 .debug_ranges  0x0000000000000000       0xd8 Core/Src/Eeprom.o
 .debug_ranges  0x00000000000000d8       0x80 Core/Src/General.o
 .debug_ranges  0x0000000000000158       0xb8 Core/Src/Lib.o
 .debug_ranges  0x0000000000000210       0x40 Core/Src/MicroMenu2_1.o
 .debug_ranges  0x0000000000000250       0x98 Core/Src/hd44780_driver.o
 .debug_ranges  0x00000000000002e8      0x600 Core/Src/main.o
 .debug_ranges  0x00000000000008e8       0x40 Core/Src/stm32f1xx_it.o
 .debug_ranges  0x0000000000000928       0x18 Core/Src/system_stm32f1xx.o
 .debug_ranges  0x0000000000000940       0x50 Core/Src/usart.o
 .debug_ranges  0x0000000000000990       0x20 Core/Startup/startup_stm32f100c8tx.o
 .debug_ranges  0x00000000000009b0       0x70 Drivers/STM32F1xx_HAL_Driver/Src/stm32f1xx_ll_adc.o
 .debug_ranges  0x0000000000000a20       0x50 Drivers/STM32F1xx_HAL_Driver/Src/stm32f1xx_ll_dac.o
 .debug_ranges  0x0000000000000a70       0x80 Drivers/STM32F1xx_HAL_Driver/Src/stm32f1xx_ll_gpio.o
 .debug_ranges  0x0000000000000af0       0xc8 Drivers/STM32F1xx_HAL_Driver/Src/stm32f1xx_ll_rcc.o
 .debug_ranges  0x0000000000000bb8       0xb8 Drivers/STM32F1xx_HAL_Driver/Src/stm32f1xx_ll_tim.o
 .debug_ranges  0x0000000000000c70       0x48 Drivers/STM32F1xx_HAL_Driver/Src/stm32f1xx_ll_usart.o
 .debug_ranges  0x0000000000000cb8       0xd0 Drivers/STM32F1xx_HAL_Driver/Src/stm32f1xx_ll_utils.o

.debug_macro    0x0000000000000000     0xd535
 .debug_macro   0x0000000000000000      0x16e Core/Src/Eeprom.o
 .debug_macro   0x000000000000016e      0xa8a Core/Src/Eeprom.o
 .debug_macro   0x0000000000000bf8       0x2e Core/Src/Eeprom.o
 .debug_macro   0x0000000000000c26       0x22 Core/Src/Eeprom.o
 .debug_macro   0x0000000000000c48       0x22 Core/Src/Eeprom.o
 .debug_macro   0x0000000000000c6a       0x8e Core/Src/Eeprom.o
 .debug_macro   0x0000000000000cf8       0x51 Core/Src/Eeprom.o
 .debug_macro   0x0000000000000d49       0xef Core/Src/Eeprom.o
 .debug_macro   0x0000000000000e38       0x6a Core/Src/Eeprom.o
 .debug_macro   0x0000000000000ea2      0x1df Core/Src/Eeprom.o
 .debug_macro   0x0000000000001081       0x1c Core/Src/Eeprom.o
 .debug_macro   0x000000000000109d       0x22 Core/Src/Eeprom.o
 .debug_macro   0x00000000000010bf       0xc3 Core/Src/Eeprom.o
 .debug_macro   0x0000000000001182      0xd23 Core/Src/Eeprom.o
 .debug_macro   0x0000000000001ea5     0x75c2 Core/Src/Eeprom.o
 .debug_macro   0x0000000000009467       0x43 Core/Src/Eeprom.o
 .debug_macro   0x00000000000094aa      0x36d Core/Src/Eeprom.o
 .debug_macro   0x0000000000009817       0xf2 Core/Src/Eeprom.o
 .debug_macro   0x0000000000009909       0x6e Core/Src/Eeprom.o
 .debug_macro   0x0000000000009977       0xca Core/Src/Eeprom.o
 .debug_macro   0x0000000000009a41       0x28 Core/Src/Eeprom.o
 .debug_macro   0x0000000000009a69       0x2a Core/Src/Eeprom.o
 .debug_macro   0x0000000000009a93       0x90 Core/Src/Eeprom.o
 .debug_macro   0x0000000000009b23      0x287 Core/Src/Eeprom.o
 .debug_macro   0x0000000000009daa      0x1bb Core/Src/Eeprom.o
 .debug_macro   0x0000000000009f65      0x22a Core/Src/Eeprom.o
 .debug_macro   0x000000000000a18f      0x12d Core/Src/Eeprom.o
 .debug_macro   0x000000000000a2bc       0x4c Core/Src/Eeprom.o
 .debug_macro   0x000000000000a308       0x26 Core/Src/Eeprom.o
 .debug_macro   0x000000000000a32e      0x170 Core/Src/General.o
 .debug_macro   0x000000000000a49e      0x367 Core/Src/General.o
 .debug_macro   0x000000000000a805       0xc5 Core/Src/Lib.o
 .debug_macro   0x000000000000a8ca       0x29 Core/Src/MicroMenu2_1.o
 .debug_macro   0x000000000000a8f3      0x174 Core/Src/MicroMenu2_1.o
 .debug_macro   0x000000000000aa67       0x22 Core/Src/MicroMenu2_1.o
 .debug_macro   0x000000000000aa89      0x162 Core/Src/hd44780_driver.o
 .debug_macro   0x000000000000abeb       0x46 Core/Src/hd44780_driver.o
 .debug_macro   0x000000000000ac31      0x21c Core/Src/main.o
 .debug_macro   0x000000000000ae4d      0x80f Core/Src/main.o
 .debug_macro   0x000000000000b65c      0x25a Core/Src/main.o
 .debug_macro   0x000000000000b8b6      0x57a Core/Src/main.o
 .debug_macro   0x000000000000be30       0x22 Core/Src/main.o
 .debug_macro   0x000000000000be52      0x192 Core/Src/stm32f1xx_it.o
 .debug_macro   0x000000000000bfe4       0xbb Core/Src/system_stm32f1xx.o
 .debug_macro   0x000000000000c09f      0x16e Core/Src/usart.o
 .debug_macro   0x000000000000c20d      0x127 Drivers/STM32F1xx_HAL_Driver/Src/stm32f1xx_ll_adc.o
 .debug_macro   0x000000000000c334       0xf7 Drivers/STM32F1xx_HAL_Driver/Src/stm32f1xx_ll_dac.o
 .debug_macro   0x000000000000c42b      0x254 Drivers/STM32F1xx_HAL_Driver/Src/stm32f1xx_ll_dac.o
 .debug_macro   0x000000000000c67f       0xf7 Drivers/STM32F1xx_HAL_Driver/Src/stm32f1xx_ll_gpio.o
 .debug_macro   0x000000000000c776      0x224 Drivers/STM32F1xx_HAL_Driver/Src/stm32f1xx_ll_gpio.o
 .debug_macro   0x000000000000c99a       0xd6 Drivers/STM32F1xx_HAL_Driver/Src/stm32f1xx_ll_rcc.o
 .debug_macro   0x000000000000ca70      0x146 Drivers/STM32F1xx_HAL_Driver/Src/stm32f1xx_ll_tim.o
 .debug_macro   0x000000000000cbb6      0x574 Drivers/STM32F1xx_HAL_Driver/Src/stm32f1xx_ll_tim.o
 .debug_macro   0x000000000000d12a      0x130 Drivers/STM32F1xx_HAL_Driver/Src/stm32f1xx_ll_usart.o
 .debug_macro   0x000000000000d25a      0x1b5 Drivers/STM32F1xx_HAL_Driver/Src/stm32f1xx_ll_usart.o
 .debug_macro   0x000000000000d40f      0x126 Drivers/STM32F1xx_HAL_Driver/Src/stm32f1xx_ll_utils.o

.debug_line     0x0000000000000000     0x77ce
 .debug_line    0x0000000000000000      0x980 Core/Src/Eeprom.o
 .debug_line    0x0000000000000980      0x7c8 Core/Src/General.o
 .debug_line    0x0000000000001148      0x7a3 Core/Src/Lib.o
 .debug_line    0x00000000000018eb      0x182 Core/Src/MicroMenu2_1.o
 .debug_line    0x0000000000001a6d      0x7ad Core/Src/hd44780_driver.o
 .debug_line    0x000000000000221a     0x17e1 Core/Src/main.o
 .debug_line    0x00000000000039fb      0x67c Core/Src/stm32f1xx_it.o
 .debug_line    0x0000000000004077      0x486 Core/Src/system_stm32f1xx.o
 .debug_line    0x00000000000044fd      0x6f2 Core/Src/usart.o
 .debug_line    0x0000000000004bef       0x84 Core/Startup/startup_stm32f100c8tx.o
 .debug_line    0x0000000000004c73      0x62e Drivers/STM32F1xx_HAL_Driver/Src/stm32f1xx_ll_adc.o
 .debug_line    0x00000000000052a1      0x51b Drivers/STM32F1xx_HAL_Driver/Src/stm32f1xx_ll_dac.o
 .debug_line    0x00000000000057bc      0x5cb Drivers/STM32F1xx_HAL_Driver/Src/stm32f1xx_ll_gpio.o
 .debug_line    0x0000000000005d87      0x636 Drivers/STM32F1xx_HAL_Driver/Src/stm32f1xx_ll_rcc.o
 .debug_line    0x00000000000063bd      0x7f2 Drivers/STM32F1xx_HAL_Driver/Src/stm32f1xx_ll_tim.o
 .debug_line    0x0000000000006baf      0x5c4 Drivers/STM32F1xx_HAL_Driver/Src/stm32f1xx_ll_usart.o
 .debug_line    0x0000000000007173      0x65b Drivers/STM32F1xx_HAL_Driver/Src/stm32f1xx_ll_utils.o

.debug_str      0x0000000000000000    0x4a16f
 .debug_str     0x0000000000000000    0x3935c Core/Src/Eeprom.o
                                      0x3966f (size before relaxing)
 .debug_str     0x000000000003935c      0x13a Core/Src/General.o
                                      0x3939e (size before relaxing)
 .debug_str     0x0000000000039496      0x214 Core/Src/Lib.o
                                      0x32ba1 (size before relaxing)
 .debug_str     0x00000000000396aa      0x5b9 Core/Src/MicroMenu2_1.o
                                       0x333d (size before relaxing)
 .debug_str     0x0000000000039c63      0x1d7 Core/Src/hd44780_driver.o
                                      0x3941d (size before relaxing)
 .debug_str     0x0000000000039e3a     0xb40b Core/Src/main.o
                                      0x450ee (size before relaxing)
 .debug_str     0x0000000000045245       0xf8 Core/Src/stm32f1xx_it.o
                                      0x42d41 (size before relaxing)
 .debug_str     0x000000000004533d       0x4a Core/Src/system_stm32f1xx.o
                                      0x329fc (size before relaxing)
 .debug_str     0x0000000000045387       0xe6 Core/Src/usart.o
                                      0x3938f (size before relaxing)
 .debug_str     0x000000000004546d       0x36 Core/Startup/startup_stm32f100c8tx.o
                                         0x75 (size before relaxing)
 .debug_str     0x00000000000454a3     0x1308 Drivers/STM32F1xx_HAL_Driver/Src/stm32f1xx_ll_adc.o
                                      0x39b13 (size before relaxing)
 .debug_str     0x00000000000467ab      0xd01 Drivers/STM32F1xx_HAL_Driver/Src/stm32f1xx_ll_dac.o
                                      0x352c7 (size before relaxing)
 .debug_str     0x00000000000474ac      0x3a0 Drivers/STM32F1xx_HAL_Driver/Src/stm32f1xx_ll_gpio.o
                                      0x34418 (size before relaxing)
 .debug_str     0x000000000004784c      0x2bf Drivers/STM32F1xx_HAL_Driver/Src/stm32f1xx_ll_rcc.o
                                      0x34428 (size before relaxing)
 .debug_str     0x0000000000047b0b     0x1285 Drivers/STM32F1xx_HAL_Driver/Src/stm32f1xx_ll_tim.o
                                      0x3715d (size before relaxing)
 .debug_str     0x0000000000048d90      0x80b Drivers/STM32F1xx_HAL_Driver/Src/stm32f1xx_ll_usart.o
                                      0x35e89 (size before relaxing)
 .debug_str     0x000000000004959b      0xbd4 Drivers/STM32F1xx_HAL_Driver/Src/stm32f1xx_ll_utils.o
                                      0x3529e (size before relaxing)

.comment        0x0000000000000000       0x7b
 .comment       0x0000000000000000       0x7b Core/Src/Eeprom.o
                                         0x7c (size before relaxing)
 .comment       0x000000000000007b       0x7c Core/Src/General.o
 .comment       0x000000000000007b       0x7c Core/Src/Lib.o
 .comment       0x000000000000007b       0x7c Core/Src/MicroMenu2_1.o
 .comment       0x000000000000007b       0x7c Core/Src/hd44780_driver.o
 .comment       0x000000000000007b       0x7c Core/Src/main.o
 .comment       0x000000000000007b       0x7c Core/Src/stm32f1xx_it.o
 .comment       0x000000000000007b       0x7c Core/Src/system_stm32f1xx.o
 .comment       0x000000000000007b       0x7c Core/Src/usart.o
 .comment       0x000000000000007b       0x7c Drivers/STM32F1xx_HAL_Driver/Src/stm32f1xx_ll_adc.o
 .comment       0x000000000000007b       0x7c Drivers/STM32F1xx_HAL_Driver/Src/stm32f1xx_ll_dac.o
 .comment       0x000000000000007b       0x7c Drivers/STM32F1xx_HAL_Driver/Src/stm32f1xx_ll_gpio.o
 .comment       0x000000000000007b       0x7c Drivers/STM32F1xx_HAL_Driver/Src/stm32f1xx_ll_rcc.o
 .comment       0x000000000000007b       0x7c Drivers/STM32F1xx_HAL_Driver/Src/stm32f1xx_ll_tim.o
 .comment       0x000000000000007b       0x7c Drivers/STM32F1xx_HAL_Driver/Src/stm32f1xx_ll_usart.o
 .comment       0x000000000000007b       0x7c Drivers/STM32F1xx_HAL_Driver/Src/stm32f1xx_ll_utils.o

.debug_frame    0x0000000000000000     0x17e8
 .debug_frame   0x0000000000000000      0x2a0 Core/Src/Eeprom.o
 .debug_frame   0x00000000000002a0      0x110 Core/Src/General.o
 .debug_frame   0x00000000000003b0      0x214 Core/Src/Lib.o
 .debug_frame   0x00000000000005c4       0x60 Core/Src/MicroMenu2_1.o
 .debug_frame   0x0000000000000624      0x1f0 Core/Src/hd44780_driver.o
 .debug_frame   0x0000000000000814      0x8ec Core/Src/main.o
 .debug_frame   0x0000000000001100       0xe0 Core/Src/stm32f1xx_it.o
 .debug_frame   0x00000000000011e0       0x38 Core/Src/system_stm32f1xx.o
 .debug_frame   0x0000000000001218      0x108 Core/Src/usart.o
 .debug_frame   0x0000000000001320       0xc8 Drivers/STM32F1xx_HAL_Driver/Src/stm32f1xx_ll_adc.o