Archive member included because of file (symbol)

c:/program files (x86)/gnu tools arm embedded/4.6 2012q4/bin/../lib/gcc/arm-none-eabi/4.6.2/../../../../arm-none-eabi/lib/armv7-m\libg.a(lib_a-memcpy.o)
                              ..\obj\Eeprom.o (memcpy)

Allocating common symbols
Common symbol       size              file

Current_RAW         0x2               ..\obj\General.o
ChargeDurationSec   0x4               ..\obj\main.o
RegularConvData     0xc               ..\obj\main.o
RXBuf               0xc8              ..\obj\usart.o
SelectedOptionValue
                    0x4               ..\obj\main.o
TXBuf               0xc8              ..\obj\usart.o
LoggingData         0x19c             ..\obj\General.o

Discarded input sections

 .text          0x00000000        0x0 ..\obj\MicroMenu2_1.o
 .text          0x00000000        0x0 ..\obj\stm32f10x_tim.o
 .data          0x00000000        0x0 ..\obj\stm32f10x_tim.o
 .bss           0x00000000        0x0 ..\obj\stm32f10x_tim.o
 .text.TI1_Config
                0x00000000       0x68 ..\obj\stm32f10x_tim.o
 .text.TI2_Config
                0x00000000       0x78 ..\obj\stm32f10x_tim.o
 .text.TIM_DeInit
                0x00000000      0x1ac ..\obj\stm32f10x_tim.o
 .text.TIM_OC1Init
                0x00000000       0x88 ..\obj\stm32f10x_tim.o
 .text.TIM_OC2Init
                0x00000000       0x88 ..\obj\stm32f10x_tim.o
 .text.TIM_OC3Init
                0x00000000       0x84 ..\obj\stm32f10x_tim.o
 .text.TIM_OC4Init
                0x00000000       0x68 ..\obj\stm32f10x_tim.o
 .text.TIM_BDTRConfig
                0x00000000       0x22 ..\obj\stm32f10x_tim.o
 .text.TIM_OCStructInit
                0x00000000       0x14 ..\obj\stm32f10x_tim.o
 .text.TIM_ICStructInit
                0x00000000       0x10 ..\obj\stm32f10x_tim.o
 .text.TIM_BDTRStructInit
                0x00000000       0x12 ..\obj\stm32f10x_tim.o
 .text.TIM_CtrlPWMOutputs
                0x00000000       0x1c ..\obj\stm32f10x_tim.o
 .text.TIM_GenerateEvent
                0x00000000        0x4 ..\obj\stm32f10x_tim.o
 .text.TIM_DMAConfig
                0x00000000        0x8 ..\obj\stm32f10x_tim.o
 .text.TIM_DMACmd
                0x00000000       0x12 ..\obj\stm32f10x_tim.o
 .text.TIM_InternalClockConfig
                0x00000000        0xe ..\obj\stm32f10x_tim.o
 .text.TIM_ITRxExternalClockConfig
                0x00000000       0x1a ..\obj\stm32f10x_tim.o
 .text.TIM_TIxExternalClockConfig
                0x00000000       0x32 ..\obj\stm32f10x_tim.o
 .text.TIM_ETRConfig
                0x00000000       0x14 ..\obj\stm32f10x_tim.o
 .text.TIM_ETRClockMode2Config
                0x00000000       0x14 ..\obj\stm32f10x_tim.o
 .text.TIM_ETRClockMode1Config
                0x00000000       0x1a ..\obj\stm32f10x_tim.o
 .text.TIM_PrescalerConfig
                0x00000000        0x6 ..\obj\stm32f10x_tim.o
 .text.TIM_CounterModeConfig
                0x00000000       0x10 ..\obj\stm32f10x_tim.o
 .text.TIM_SelectInputTrigger
                0x00000000       0x10 ..\obj\stm32f10x_tim.o
 .text.TIM_EncoderInterfaceConfig
                0x00000000       0x3c ..\obj\stm32f10x_tim.o
 .text.TIM_ForcedOC1Config
                0x00000000       0x10 ..\obj\stm32f10x_tim.o
 .text.TIM_ForcedOC2Config
                0x00000000       0x14 ..\obj\stm32f10x_tim.o
 .text.TIM_ForcedOC3Config
                0x00000000       0x10 ..\obj\stm32f10x_tim.o
 .text.TIM_ForcedOC4Config
                0x00000000       0x14 ..\obj\stm32f10x_tim.o
 .text.TIM_ARRPreloadConfig
                0x00000000       0x18 ..\obj\stm32f10x_tim.o
 .text.TIM_SelectCOM
                0x00000000       0x18 ..\obj\stm32f10x_tim.o
 .text.TIM_SelectCCDMA
                0x00000000       0x18 ..\obj\stm32f10x_tim.o
 .text.TIM_CCPreloadControl
                0x00000000       0x18 ..\obj\stm32f10x_tim.o
 .text.TIM_OC1PreloadConfig
                0x00000000       0x10 ..\obj\stm32f10x_tim.o
 .text.TIM_OC2PreloadConfig
                0x00000000       0x14 ..\obj\stm32f10x_tim.o
 .text.TIM_OC3PreloadConfig
                0x00000000       0x10 ..\obj\stm32f10x_tim.o
 .text.TIM_OC4PreloadConfig
                0x00000000       0x14 ..\obj\stm32f10x_tim.o
 .text.TIM_OC1FastConfig
                0x00000000       0x10 ..\obj\stm32f10x_tim.o
 .text.TIM_OC2FastConfig
                0x00000000       0x14 ..\obj\stm32f10x_tim.o
 .text.TIM_OC3FastConfig
                0x00000000       0x10 ..\obj\stm32f10x_tim.o
 .text.TIM_OC4FastConfig
                0x00000000       0x14 ..\obj\stm32f10x_tim.o
 .text.TIM_ClearOC1Ref
                0x00000000       0x10 ..\obj\stm32f10x_tim.o
 .text.TIM_ClearOC2Ref
                0x00000000       0x10 ..\obj\stm32f10x_tim.o
 .text.TIM_ClearOC3Ref
                0x00000000       0x10 ..\obj\stm32f10x_tim.o
 .text.TIM_ClearOC4Ref
                0x00000000       0x10 ..\obj\stm32f10x_tim.o
 .text.TIM_OC1PolarityConfig
                0x00000000       0x10 ..\obj\stm32f10x_tim.o
 .text.TIM_OC1NPolarityConfig
                0x00000000       0x10 ..\obj\stm32f10x_tim.o
 .text.TIM_OC2PolarityConfig
                0x00000000       0x14 ..\obj\stm32f10x_tim.o
 .text.TIM_OC2NPolarityConfig
                0x00000000       0x14 ..\obj\stm32f10x_tim.o
 .text.TIM_OC3PolarityConfig
                0x00000000       0x14 ..\obj\stm32f10x_tim.o
 .text.TIM_OC3NPolarityConfig
                0x00000000       0x14 ..\obj\stm32f10x_tim.o
 .text.TIM_OC4PolarityConfig
                0x00000000       0x14 ..\obj\stm32f10x_tim.o
 .text.TIM_CCxCmd
                0x00000000       0x20 ..\obj\stm32f10x_tim.o
 .text.TIM_CCxNCmd
                0x00000000       0x20 ..\obj\stm32f10x_tim.o
 .text.TIM_SelectOCxM
                0x00000000       0x44 ..\obj\stm32f10x_tim.o
 .text.TIM_UpdateDisableConfig
                0x00000000       0x18 ..\obj\stm32f10x_tim.o
 .text.TIM_UpdateRequestConfig
                0x00000000       0x18 ..\obj\stm32f10x_tim.o
 .text.TIM_SelectHallSensor
                0x00000000       0x18 ..\obj\stm32f10x_tim.o
 .text.TIM_SelectOnePulseMode
                0x00000000       0x16 ..\obj\stm32f10x_tim.o
 .text.TIM_SelectOutputTrigger
                0x00000000       0x16 ..\obj\stm32f10x_tim.o
 .text.TIM_SelectSlaveMode
                0x00000000       0x16 ..\obj\stm32f10x_tim.o
 .text.TIM_SelectMasterSlaveMode
                0x00000000       0x16 ..\obj\stm32f10x_tim.o
 .text.TIM_SetCounter
                0x00000000        0x4 ..\obj\stm32f10x_tim.o
 .text.TIM_SetAutoreload
                0x00000000        0x4 ..\obj\stm32f10x_tim.o
 .text.TIM_SetCompare1
                0x00000000        0x4 ..\obj\stm32f10x_tim.o
 .text.TIM_SetCompare2
                0x00000000        0x4 ..\obj\stm32f10x_tim.o
 .text.TIM_SetCompare3
                0x00000000        0x4 ..\obj\stm32f10x_tim.o
 .text.TIM_SetCompare4
                0x00000000        0x6 ..\obj\stm32f10x_tim.o
 .text.TIM_SetIC1Prescaler
                0x00000000       0x16 ..\obj\stm32f10x_tim.o
 .text.TIM_SetIC2Prescaler
                0x00000000       0x1a ..\obj\stm32f10x_tim.o
 .text.TIM_PWMIConfig
                0x00000000       0x6c ..\obj\stm32f10x_tim.o
 .text.TIM_SetIC3Prescaler
                0x00000000       0x16 ..\obj\stm32f10x_tim.o
 .text.TIM_SetIC4Prescaler
                0x00000000       0x1a ..\obj\stm32f10x_tim.o
 .text.TIM_ICInit
                0x00000000      0x134 ..\obj\stm32f10x_tim.o
 .text.TIM_SetClockDivision
                0x00000000       0x16 ..\obj\stm32f10x_tim.o
 .text.TIM_GetCapture1
                0x00000000        0x6 ..\obj\stm32f10x_tim.o
 .text.TIM_GetCapture2
                0x00000000        0x6 ..\obj\stm32f10x_tim.o
 .text.TIM_GetCapture3
                0x00000000        0x6 ..\obj\stm32f10x_tim.o
 .text.TIM_GetCapture4
                0x00000000        0x8 ..\obj\stm32f10x_tim.o
 .text.TIM_GetCounter
                0x00000000        0x6 ..\obj\stm32f10x_tim.o
 .text.TIM_GetPrescaler
                0x00000000        0x6 ..\obj\stm32f10x_tim.o
 .text.TIM_GetFlagStatus
                0x00000000        0xc ..\obj\stm32f10x_tim.o
 .text.TIM_ClearFlag
                0x00000000        0x8 ..\obj\stm32f10x_tim.o
 .text          0x00000000        0x0 ..\obj\startup_stm32f10x_ld_vl.o
 .data          0x00000000        0x0 ..\obj\startup_stm32f10x_ld_vl.o
 .bss           0x00000000        0x0 ..\obj\startup_stm32f10x_ld_vl.o
 .text          0x00000000        0x0 ..\obj\General.o
 .text          0x00000000        0x0 ..\obj\system_stm32f10x.o
 .data          0x00000000       0x14 ..\obj\system_stm32f10x.o
 .bss           0x00000000        0x0 ..\obj\system_stm32f10x.o
 .text.SystemCoreClockUpdate
                0x00000000       0x64 ..\obj\system_stm32f10x.o
 .text          0x00000000        0x0 ..\obj\hd44780_driver.o
 .text.lcd_set_CGRAM_char
                0x00000000       0x2e ..\obj\hd44780_driver.o
 .text.PrintToLCD_int32
                0x00000000        0xe ..\obj\hd44780_driver.o
 .text.PrintToLCD_int32_koma
                0x00000000        0xe ..\obj\hd44780_driver.o
 .text          0x00000000        0x0 ..\obj\stm32f10x_gpio.o
 .data          0x00000000        0x0 ..\obj\stm32f10x_gpio.o
 .bss           0x00000000        0x0 ..\obj\stm32f10x_gpio.o
 .text.GPIO_DeInit
                0x00000000       0xac ..\obj\stm32f10x_gpio.o
 .text.GPIO_AFIODeInit
                0x00000000       0x16 ..\obj\stm32f10x_gpio.o
 .text.GPIO_StructInit
                0x00000000       0x10 ..\obj\stm32f10x_gpio.o
 .text.GPIO_ReadInputData
                0x00000000        0x6 ..\obj\stm32f10x_gpio.o
 .text.GPIO_ReadOutputDataBit
                0x00000000        0xc ..\obj\stm32f10x_gpio.o
 .text.GPIO_ReadOutputData
                0x00000000        0x6 ..\obj\stm32f10x_gpio.o
 .text.GPIO_SetBits
                0x00000000        0x4 ..\obj\stm32f10x_gpio.o
 .text.GPIO_ResetBits
                0x00000000        0x4 ..\obj\stm32f10x_gpio.o
 .text.GPIO_WriteBit
                0x00000000        0xa ..\obj\stm32f10x_gpio.o
 .text.GPIO_Write
                0x00000000        0x4 ..\obj\stm32f10x_gpio.o
 .text.GPIO_PinLockConfig
                0x00000000       0x10 ..\obj\stm32f10x_gpio.o
 .text.GPIO_EventOutputConfig
                0x00000000       0x1c ..\obj\stm32f10x_gpio.o
 .text.GPIO_EventOutputCmd
                0x00000000        0xc ..\obj\stm32f10x_gpio.o
 .text.GPIO_PinRemapConfig
                0x00000000       0x64 ..\obj\stm32f10x_gpio.o
 .text.GPIO_EXTILineConfig
                0x00000000       0x34 ..\obj\stm32f10x_gpio.o
 .text.GPIO_ETH_MediaInterfaceConfig
                0x00000000        0xc ..\obj\stm32f10x_gpio.o
 .text          0x00000000        0x0 ..\obj\main.o
 .text.MenuSettingsChargeTime_Enter
                0x00000000        0x2 ..\obj\main.o
 .text.MenuSettingsLowVolt_Enter
                0x00000000        0x2 ..\obj\main.o
 .text.MenuSettingsMaxVolt_Enter
                0x00000000        0x2 ..\obj\main.o
 .text.MenuSettingsSwngChrgTime_Enter
                0x00000000        0x2 ..\obj\main.o
 .text.MenuSettingsSwngDChrgTime_Enter
                0x00000000        0x2 ..\obj\main.o
 .text.MenuSettingsChargeAddapt_Enter
                0x00000000        0x2 ..\obj\main.o
 .text.ENC_GetStateEncoder
                0x00000000       0x10 ..\obj\main.o
 .text.BUT_GetKey
                0x00000000       0x10 ..\obj\main.o
 .text.Stop_Timer_sec
                0x00000000       0x10 ..\obj\main.o
 .text.ClockOnLCD
                0x00000000       0x9c ..\obj\main.o
 .text.All_OUT_OFF_When_Power_OFF
                0x00000000       0xd4 ..\obj\main.o
 .text.LOAD_ON_OFF_Toggle
                0x00000000       0x14 ..\obj\main.o
 .text.OUT_ON_OFF_Toggle
                0x00000000       0x14 ..\obj\main.o
 .text          0x00000000        0x0 ..\obj\ADC.o
 .text.middle_of_3
                0x00000000       0x2a ..\obj\ADC.o
 .text.middle_of_3Umax
                0x00000000       0x44 ..\obj\ADC.o
 .text          0x00000000        0x0 ..\obj\stm32f10x_rcc.o
 .bss           0x00000000        0x0 ..\obj\stm32f10x_rcc.o
 .text.RCC_DeInit
                0x00000000       0x44 ..\obj\stm32f10x_rcc.o
 .text.RCC_HSEConfig
                0x00000000       0x38 ..\obj\stm32f10x_rcc.o
 .text.RCC_AdjustHSICalibrationValue
                0x00000000       0x14 ..\obj\stm32f10x_rcc.o
 .text.RCC_HSICmd
                0x00000000        0xc ..\obj\stm32f10x_rcc.o
 .text.RCC_PLLConfig
                0x00000000       0x14 ..\obj\stm32f10x_rcc.o
 .text.RCC_PLLCmd
                0x00000000        0xc ..\obj\stm32f10x_rcc.o
 .text.RCC_PREDIV1Config
                0x00000000       0x18 ..\obj\stm32f10x_rcc.o
 .text.RCC_SYSCLKConfig
                0x00000000       0x14 ..\obj\stm32f10x_rcc.o
 .text.RCC_GetSYSCLKSource
                0x00000000       0x10 ..\obj\stm32f10x_rcc.o
 .text.RCC_HCLKConfig
                0x00000000       0x14 ..\obj\stm32f10x_rcc.o
 .text.RCC_PCLK1Config
                0x00000000       0x14 ..\obj\stm32f10x_rcc.o
 .text.RCC_PCLK2Config
                0x00000000       0x14 ..\obj\stm32f10x_rcc.o
 .text.RCC_ITConfig
                0x00000000       0x18 ..\obj\stm32f10x_rcc.o
 .text.RCC_USBCLKConfig
                0x00000000        0xc ..\obj\stm32f10x_rcc.o
 .text.RCC_LSEConfig
                0x00000000       0x20 ..\obj\stm32f10x_rcc.o
 .text.RCC_LSICmd
                0x00000000        0xc ..\obj\stm32f10x_rcc.o
 .text.RCC_RTCCLKConfig
                0x00000000       0x10 ..\obj\stm32f10x_rcc.o
 .text.RCC_RTCCLKCmd
                0x00000000        0xc ..\obj\stm32f10x_rcc.o
 .text.RCC_APB2PeriphResetCmd
                0x00000000       0x18 ..\obj\stm32f10x_rcc.o
 .text.RCC_APB1PeriphResetCmd
                0x00000000       0x18 ..\obj\stm32f10x_rcc.o
 .text.RCC_BackupResetCmd
                0x00000000        0xc ..\obj\stm32f10x_rcc.o
 .text.RCC_ClockSecuritySystemCmd
                0x00000000        0xc ..\obj\stm32f10x_rcc.o
 .text.RCC_MCOConfig
                0x00000000        0xc ..\obj\stm32f10x_rcc.o
 .text.RCC_GetFlagStatus
                0x00000000       0x28 ..\obj\stm32f10x_rcc.o
 .text.RCC_WaitForHSEStartUp
                0x00000000       0x2c ..\obj\stm32f10x_rcc.o
 .text.RCC_ClearFlag
                0x00000000       0x10 ..\obj\stm32f10x_rcc.o
 .text.RCC_GetITStatus
                0x00000000       0x14 ..\obj\stm32f10x_rcc.o
 .text.RCC_ClearITPendingBit
                0x00000000        0xc ..\obj\stm32f10x_rcc.o
 .text          0x00000000        0x0 ..\obj\Init_.o
 .data          0x00000000        0x0 ..\obj\Init_.o
 .bss           0x00000000        0x0 ..\obj\Init_.o
 .text          0x00000000        0x0 ..\obj\stm32f10x_adc.o
 .data          0x00000000        0x0 ..\obj\stm32f10x_adc.o
 .bss           0x00000000        0x0 ..\obj\stm32f10x_adc.o
 .text.ADC_DeInit
                0x00000000       0x5c ..\obj\stm32f10x_adc.o
 .text.ADC_StructInit
                0x00000000       0x12 ..\obj\stm32f10x_adc.o
 .text.ADC_ITConfig
                0x00000000       0x12 ..\obj\stm32f10x_adc.o
 .text.ADC_GetSoftwareStartConvStatus
                0x00000000        0x8 ..\obj\stm32f10x_adc.o
 .text.ADC_DiscModeChannelCountConfig
                0x00000000       0x10 ..\obj\stm32f10x_adc.o
 .text.ADC_DiscModeCmd
                0x00000000       0x12 ..\obj\stm32f10x_adc.o
 .text.ADC_ExternalTrigConvCmd
                0x00000000       0x12 ..\obj\stm32f10x_adc.o
 .text.ADC_GetConversionValue
                0x00000000        0x6 ..\obj\stm32f10x_adc.o
 .text.ADC_GetDualModeConversionValue
                0x00000000        0xc ..\obj\stm32f10x_adc.o
 .text.ADC_AutoInjectedConvCmd
                0x00000000       0x12 ..\obj\stm32f10x_adc.o
 .text.ADC_InjectedDiscModeCmd
                0x00000000       0x12 ..\obj\stm32f10x_adc.o
 .text.ADC_ExternalTrigInjectedConvConfig
                0x00000000        0xc ..\obj\stm32f10x_adc.o
 .text.ADC_ExternalTrigInjectedConvCmd
                0x00000000       0x12 ..\obj\stm32f10x_adc.o
 .text.ADC_SoftwareStartInjectedConvCmd
                0x00000000       0x12 ..\obj\stm32f10x_adc.o
 .text.ADC_GetSoftwareStartInjectedConvCmdStatus
                0x00000000        0x8 ..\obj\stm32f10x_adc.o
 .text.ADC_InjectedChannelConfig
                0x00000000       0x62 ..\obj\stm32f10x_adc.o
 .text.ADC_InjectedSequencerLengthConfig
                0x00000000       0x10 ..\obj\stm32f10x_adc.o
 .text.ADC_SetInjectedOffset
                0x00000000       0x16 ..\obj\stm32f10x_adc.o
 .text.ADC_GetInjectedConversionValue
                0x00000000       0x1a ..\obj\stm32f10x_adc.o
 .text.ADC_AnalogWatchdogCmd
                0x00000000       0x10 ..\obj\stm32f10x_adc.o
 .text.ADC_AnalogWatchdogThresholdsConfig
                0x00000000        0x6 ..\obj\stm32f10x_adc.o
 .text.ADC_AnalogWatchdogSingleChannelConfig
                0x00000000        0xc ..\obj\stm32f10x_adc.o
 .text.ADC_GetFlagStatus
                0x00000000        0xc ..\obj\stm32f10x_adc.o
 .text.ADC_ClearFlag
                0x00000000        0x6 ..\obj\stm32f10x_adc.o
 .text.ADC_GetITStatus
                0x00000000       0x16 ..\obj\stm32f10x_adc.o
 .text.ADC_ClearITPendingBit
                0x00000000        0x8 ..\obj\stm32f10x_adc.o
 .text          0x00000000        0x0 ..\obj\stm32f10x_usart.o
 .data          0x00000000        0x0 ..\obj\stm32f10x_usart.o
 .bss           0x00000000        0x0 ..\obj\stm32f10x_usart.o
 .text.USART_DeInit
                0x00000000       0x98 ..\obj\stm32f10x_usart.o
 .text.USART_StructInit
                0x00000000       0x16 ..\obj\stm32f10x_usart.o
 .text.USART_ClockInit
                0x00000000       0x22 ..\obj\stm32f10x_usart.o
 .text.USART_ClockStructInit
                0x00000000        0xc ..\obj\stm32f10x_usart.o
 .text.USART_DMACmd
                0x00000000       0x12 ..\obj\stm32f10x_usart.o
 .text.USART_SetAddress
                0x00000000       0x16 ..\obj\stm32f10x_usart.o
 .text.USART_WakeUpConfig
                0x00000000       0x16 ..\obj\stm32f10x_usart.o
 .text.USART_ReceiverWakeUpCmd
                0x00000000       0x18 ..\obj\stm32f10x_usart.o
 .text.USART_LINBreakDetectLengthConfig
                0x00000000       0x16 ..\obj\stm32f10x_usart.o
 .text.USART_LINCmd
                0x00000000       0x18 ..\obj\stm32f10x_usart.o
 .text.USART_ReceiveData
                0x00000000        0x8 ..\obj\stm32f10x_usart.o
 .text.USART_SendBreak
                0x00000000        0xc ..\obj\stm32f10x_usart.o
 .text.USART_SetGuardTime
                0x00000000       0x12 ..\obj\stm32f10x_usart.o
 .text.USART_SetPrescaler
                0x00000000       0x12 ..\obj\stm32f10x_usart.o
 .text.USART_SmartCardCmd
                0x00000000       0x18 ..\obj\stm32f10x_usart.o
 .text.USART_SmartCardNACKCmd
                0x00000000       0x18 ..\obj\stm32f10x_usart.o
 .text.USART_HalfDuplexCmd
                0x00000000       0x18 ..\obj\stm32f10x_usart.o
 .text.USART_OverSampling8Cmd
                0x00000000       0x18 ..\obj\stm32f10x_usart.o
 .text.USART_OneBitMethodCmd
                0x00000000       0x18 ..\obj\stm32f10x_usart.o
 .text.USART_IrDAConfig
                0x00000000       0x16 ..\obj\stm32f10x_usart.o
 .text.USART_IrDACmd
                0x00000000       0x18 ..\obj\stm32f10x_usart.o
 .text.USART_ClearFlag
                0x00000000        0x8 ..\obj\stm32f10x_usart.o
 .text.USART_GetITStatus
                0x00000000       0x40 ..\obj\stm32f10x_usart.o
 .text.USART_ClearITPendingBit
                0x00000000       0x10 ..\obj\stm32f10x_usart.o
 .text          0x00000000        0x0 ..\obj\Lib.o
 .data          0x00000000        0x0 ..\obj\Lib.o
 .text.itoa_komaP
                0x00000000       0xd6 ..\obj\Lib.o
 .text.Module8  0x00000000        0xc ..\obj\Lib.o
 .text.Module32
                0x00000000        0xa ..\obj\Lib.o
 .text          0x00000000        0x0 ..\obj\stm32f10x_dma.o
 .data          0x00000000        0x0 ..\obj\stm32f10x_dma.o
 .bss           0x00000000        0x0 ..\obj\stm32f10x_dma.o
 .text.DMA_DeInit
                0x00000000       0xfc ..\obj\stm32f10x_dma.o
 .text.DMA_StructInit
                0x00000000       0x1a ..\obj\stm32f10x_dma.o
 .text.DMA_SetCurrDataCounter
                0x00000000        0x4 ..\obj\stm32f10x_dma.o
 .text.DMA_GetCurrDataCounter
                0x00000000        0x6 ..\obj\stm32f10x_dma.o
 .text.DMA_GetFlagStatus
                0x00000000       0x1c ..\obj\stm32f10x_dma.o
 .text.DMA_GetITStatus
                0x00000000       0x1c ..\obj\stm32f10x_dma.o
 .text          0x00000000        0x0 ..\obj\misc.o
 .data          0x00000000        0x0 ..\obj\misc.o
 .bss           0x00000000        0x0 ..\obj\misc.o
 .text.NVIC_PriorityGroupConfig
                0x00000000       0x14 ..\obj\misc.o
 .text.NVIC_SetVectorTable
                0x00000000       0x14 ..\obj\misc.o
 .text.NVIC_SystemLPConfig
                0x00000000       0x18 ..\obj\misc.o
 .text.SysTick_CLKSourceConfig
                0x00000000       0x18 ..\obj\misc.o
 .text          0x00000000        0x0 ..\obj\Eeprom.o
 .bss           0x00000000        0x0 ..\obj\Eeprom.o
 .text.flash_ready
                0x00000000       0x14 ..\obj\Eeprom.o
 .text.DataWhenPowerOffWriteToFlash
                0x00000000       0x40 ..\obj\Eeprom.o
 .text.DataWhenPowerOffWriteToFlash_CRC
                0x00000000       0x60 ..\obj\Eeprom.o
 .text          0x00000000        0x0 ..\obj\usart.o
 .data          0x00000000        0x0 ..\obj\usart.o
 .text.USART_PutChar
                0x00000000       0x70 ..\obj\usart.o
 .text          0x00000000        0x0 c:/program files (x86)/gnu tools arm embedded/4.6 2012q4/bin/../lib/gcc/arm-none-eabi/4.6.2/../../../../arm-none-eabi/lib/armv7-m\libg.a(lib_a-memcpy.o)
 .data          0x00000000        0x0 c:/program files (x86)/gnu tools arm embedded/4.6 2012q4/bin/../lib/gcc/arm-none-eabi/4.6.2/../../../../arm-none-eabi/lib/armv7-m\libg.a(lib_a-memcpy.o)
 .bss           0x00000000        0x0 c:/program files (x86)/gnu tools arm embedded/4.6 2012q4/bin/../lib/gcc/arm-none-eabi/4.6.2/../../../../arm-none-eabi/lib/armv7-m\libg.a(lib_a-memcpy.o)

Memory Configuration

Name             Origin             Length             Attributes
rom              0x08000000         0x00010000         xr
ram              0x20000000         0x00002000         xrw
*default*        0x00000000         0xffffffff

Linker script and memory map

                0x20002000                _eram = 0x20002000

.text           0x08000000     0x63b1
 *(.isr_vector)
 .isr_vector    0x08000000      0x124 ..\obj\startup_stm32f10x_ld_vl.o
                0x08000000                g_pfnVectors
 *(.text*)
 .text.Menu_GetCurrentMenu
                0x08000124        0xc ..\obj\MicroMenu2_1.o
                0x08000124                Menu_GetCurrentMenu
 .text.Menu_Navigate
                0x08000130       0x30 ..\obj\MicroMenu2_1.o
                0x08000130                Menu_Navigate
 .text.Menu_SetGenericWriteCallback
                0x08000160       0x14 ..\obj\MicroMenu2_1.o
                0x08000160                Menu_SetGenericWriteCallback
 .text.Menu_SelectItem
                0x08000174       0x20 ..\obj\MicroMenu2_1.o
                0x08000174                Menu_SelectItem
 .text.TIM_TimeBaseInit
                0x08000194       0x94 ..\obj\stm32f10x_tim.o
                0x08000194                TIM_TimeBaseInit
 .text.TIM_TimeBaseStructInit
                0x08000228       0x12 ..\obj\stm32f10x_tim.o
                0x08000228                TIM_TimeBaseStructInit
 .text.TIM_Cmd  0x0800023a       0x18 ..\obj\stm32f10x_tim.o
                0x0800023a                TIM_Cmd
 .text.TIM_ITConfig
                0x08000252       0x12 ..\obj\stm32f10x_tim.o
                0x08000252                TIM_ITConfig
 .text.TIM_GetITStatus
                0x08000264       0x16 ..\obj\stm32f10x_tim.o
                0x08000264                TIM_GetITStatus
 .text.TIM_ClearITPendingBit
                0x0800027a        0x8 ..\obj\stm32f10x_tim.o
                0x0800027a                TIM_ClearITPendingBit
 *fill*         0x08000282        0x2 00
 .text.Default_Reset_Handler
                0x08000284       0x48 ..\obj\startup_stm32f10x_ld_vl.o
                0x08000284                Default_Reset_Handler
                0x08000284                Reset_Handler
 .text.Default_Handler
                0x080002cc        0x2 ..\obj\startup_stm32f10x_ld_vl.o
                0x080002cc                EXTI2_IRQHandler
                0x080002cc                DebugMon_Handler
                0x080002cc                TIM1_CC_IRQHandler
                0x080002cc                HardFault_Handler
                0x080002cc                SysTick_Handler
                0x080002cc                PVD_IRQHandler
                0x080002cc                PendSV_Handler
                0x080002cc                NMI_Handler
                0x080002cc                EXTI3_IRQHandler
                0x080002cc                EXTI0_IRQHandler
                0x080002cc                UsageFault_Handler
                0x080002cc                SPI1_IRQHandler
                0x080002cc                TAMPER_IRQHandler
                0x080002cc                TIM6_DAC_IRQHandler
                0x080002cc                DMA1_Channel4_IRQHandler
                0x080002cc                ADC1_IRQHandler
                0x080002cc                RTC_IRQHandler
                0x080002cc                DMA1_Channel7_IRQHandler
                0x080002cc                I2C1_EV_IRQHandler
                0x080002cc                DMA1_Channel6_IRQHandler
                0x080002cc                RCC_IRQHandler
                0x080002cc                DMA1_Channel1_IRQHandler
                0x080002cc                CEC_IRQHandler
                0x080002cc                EXTI15_10_IRQHandler
                0x080002cc                EXTI9_5_IRQHandler
                0x080002cc                MemManage_Handler
                0x080002cc                SVC_Handler
                0x080002cc                DMA1_Channel5_IRQHandler
                0x080002cc                EXTI4_IRQHandler
                0x080002cc                TIM1_TRG_COM_TIM17_IRQHandler
                0x080002cc                DMA1_Channel3_IRQHandler
                0x080002cc                WWDG_IRQHandler
                0x080002cc                TIM2_IRQHandler
                0x080002cc                EXTI1_IRQHandler
                0x080002cc                RTCAlarm_IRQHandler
                0x080002cc                USART2_IRQHandler
                0x080002cc                DMA1_Channel2_IRQHandler
                0x080002cc                FLASH_IRQHandler
                0x080002cc                BusFault_Handler
                0x080002cc                I2C1_ER_IRQHandler
                0x080002cc                TIM1_BRK_TIM15_IRQHandler
 *fill*         0x080002ce        0x2 00
 .text.WriteInLOG
                0x080002d0      0x16c ..\obj\General.o
                0x080002d0                WriteInLOG
 .text.WriteInLOGc
                0x0800043c      0x168 ..\obj\General.o
                0x0800043c                WriteInLOGc
 .text.InfoToUARTBeforeStart
                0x080005a4      0x13c ..\obj\General.o
                0x080005a4                InfoToUARTBeforeStart
 .text.SystemInit
                0x080006e0       0xd4 ..\obj\system_stm32f10x.o
                0x080006e0                SystemInit
 .text.DelaymSec
                0x080007b4       0x24 ..\obj\hd44780_driver.o
                0x080007b4                DelaymSec
 .text.DelayuSec
                0x080007d8       0x20 ..\obj\hd44780_driver.o
                0x080007d8                DelayuSec
 .text.strobe   0x080007f8       0x24 ..\obj\hd44780_driver.o
                0x080007f8                strobe
 .text.lcd_set_4bit_mode
                0x0800081c       0x44 ..\obj\hd44780_driver.o
                0x0800081c                lcd_set_4bit_mode
 .text.lcd_send
                0x08000860       0x9c ..\obj\hd44780_driver.o
                0x08000860                lcd_send
 .text.lcd_set_state
                0x080008fc       0x26 ..\obj\hd44780_driver.o
                0x080008fc                lcd_set_state
 .text.lcd_clear
                0x08000922        0x8 ..\obj\hd44780_driver.o
                0x08000922                lcd_clear
 .text.lcd_init
                0x0800092a       0x1e ..\obj\hd44780_driver.o
                0x0800092a                lcd_init
 .text.LcdOutbyNumber
                0x08000948        0x8 ..\obj\hd44780_driver.o
                0x08000948                LcdOutbyNumber
 .text.lcd_set_xy
                0x08000950       0x1c ..\obj\hd44780_driver.o
                0x08000950                lcd_set_xy
 .text.LcdOut   0x0800096c       0x7c ..\obj\hd44780_driver.o
                0x0800096c                LcdOut
 .text.lcd_out  0x080009e8       0x2c ..\obj\hd44780_driver.o
                0x080009e8                lcd_out
 .text.lcd_set_user_char
                0x08000a14       0x2e ..\obj\hd44780_driver.o
                0x08000a14                lcd_set_user_char
 .text.SetSymbols
                0x08000a42      0x168 ..\obj\hd44780_driver.o
                0x08000a42                SetSymbols
 .text.PrintToLCD
                0x08000baa        0x6 ..\obj\hd44780_driver.o
                0x08000baa                PrintToLCD
 .text.PrintToLCD_xy
                0x08000bb0       0x18 ..\obj\hd44780_driver.o
                0x08000bb0                PrintToLCD_xy
 .text.InitLCD  0x08000bc8       0xe0 ..\obj\hd44780_driver.o
                0x08000bc8                InitLCD
 .text.GPIO_Init
                0x08000ca8       0xaa ..\obj\stm32f10x_gpio.o
                0x08000ca8                GPIO_Init
 .text.GPIO_ReadInputDataBit
                0x08000d52        0xc ..\obj\stm32f10x_gpio.o
                0x08000d52                GPIO_ReadInputDataBit
 *fill*         0x08000d5e        0x2 00
 .text.MenuLog_Enter
                0x08000d60        0xc ..\obj\main.o
                0x08000d60                MenuLog_Enter
 .text.MenuSettingsWriteToFlash_Enter
                0x08000d6c        0x4 ..\obj\main.o
                0x08000d6c                MenuSettingsWriteToFlash_Enter
 .text.MenuCalibrationWriteToFlash_Enter
                0x08000d70       0x14 ..\obj\main.o
                0x08000d70                MenuCalibrationWriteToFlash_Enter
 .text.Generic_Write
                0x08000d84        0xc ..\obj\main.o
                0x08000d84                Generic_Write
 .text.MenuCharge_Enter
                0x08000d90       0x5c ..\obj\main.o
                0x08000d90                MenuCharge_Enter
 .text.MenuDischarge_Enter
                0x08000dec       0x48 ..\obj\main.o
                0x08000dec                MenuDischarge_Enter
 .text.Delay_mSec
                0x08000e34       0x24 ..\obj\main.o
                0x08000e34                Delay_mSec
 .text.MenuOption_Enter
                0x08000e58       0x30 ..\obj\main.o
                0x08000e58                MenuOption_Enter
 .text.MenuSettingsBatteryType_Enter
                0x08000e88      0x11c ..\obj\main.o
                0x08000e88                MenuSettingsBatteryType_Enter
 .text.Delay_ms
                0x08000fa4       0x30 ..\obj\main.o
                0x08000fa4                Delay_ms
 .text.MenuPowerSupply
                0x08000fd4       0x98 ..\obj\main.o
                0x08000fd4                MenuPowerSupply
 .text.MenuLoad
                0x0800106c       0xf4 ..\obj\main.o
                0x0800106c                MenuLoad
 .text.MenuChargeCC_CV
                0x08001160      0x100 ..\obj\main.o
                0x08001160                MenuChargeCC_CV
 .text.MenuTraining_WriteInLOG
                0x08001260       0x4c ..\obj\main.o
                0x08001260                MenuTraining_WriteInLOG
 .text.MenuLog  0x080012ac       0x90 ..\obj\main.o
                0x080012ac                MenuLog
 .text.MenuCalibration_CURRENT_Out_to_0
                0x0800133c       0x48 ..\obj\main.o
                0x0800133c                MenuCalibration_CURRENT_Out_to_0
 .text.MenuCalibration_CURRENT_Load_to_0
                0x08001384       0x48 ..\obj\main.o
                0x08001384                MenuCalibration_CURRENT_Load_to_0
 .text.MenuCalibration_BackToFactory
                0x080013cc       0x7c ..\obj\main.o
                0x080013cc                MenuCalibration_BackToFactory
 .text.MenuSettingsChargeTime
                0x08001448       0x4c ..\obj\main.o
                0x08001448                MenuSettingsChargeTime
 .text.MenuSettingsBatteryType
                0x08001494       0xf0 ..\obj\main.o
                0x08001494                MenuSettingsBatteryType
 .text.MenuSettingsLowVolt
                0x08001584       0x44 ..\obj\main.o
                0x08001584                MenuSettingsLowVolt
 .text.MenuSettingsMaxVolt
                0x080015c8       0x44 ..\obj\main.o
                0x080015c8                MenuSettingsMaxVolt
 .text.MenuSettingsSwngChrgTime
                0x0800160c       0x3c ..\obj\main.o
                0x0800160c                MenuSettingsSwngChrgTime
 .text.MenuSettingsSwngDChrgTime
                0x08001648       0x3c ..\obj\main.o
                0x08001648                MenuSettingsSwngDChrgTime
 .text.MenuSettingsChargeAddapt
                0x08001684       0x80 ..\obj\main.o
                0x08001684                MenuSettingsChargeAddapt
 .text.SelectedOption
                0x08001704       0x2c ..\obj\main.o
                0x08001704                SelectedOption
 .text.MenuSettingsSaveMenuPosWhenOFF
                0x08001730       0x94 ..\obj\main.o
                0x08001730                MenuSettingsSaveMenuPosWhenOFF
 .text.ENC_PollEncoder
                0x080017c4       0xbc ..\obj\main.o
                0x080017c4                ENC_PollEncoder
 .text.TIM7_IRQHandler
                0x08001880       0x2c ..\obj\main.o
                0x08001880                TIM7_IRQHandler
 .text.TIM1_UP_TIM16_IRQHandler
                0x080018ac       0x90 ..\obj\main.o
                0x080018ac                TIM1_UP_TIM16_IRQHandler
 .text.Start_Timer_sec
                0x0800193c       0x14 ..\obj\main.o
                0x0800193c                Start_Timer_sec
 .text.ReStart_Timer_sec
                0x08001950       0x14 ..\obj\main.o
                0x08001950                ReStart_Timer_sec
 .text.ClockOnLCD_noSec
                0x08001964       0x6c ..\obj\main.o
                0x08001964                ClockOnLCD_noSec
 .text.OUT_OFF  0x080019d0       0x20 ..\obj\main.o
                0x080019d0                OUT_OFF
 .text.OUT_ON   0x080019f0       0x1c ..\obj\main.o
                0x080019f0                OUT_ON
 .text.MenuCalibration_Resist_Comp_5V1A
                0x08001a0c       0xd4 ..\obj\main.o
                0x08001a0c                MenuCalibration_Resist_Comp_5V1A
 .text.MenuCalibration_VoltageIn
                0x08001ae0       0x74 ..\obj\main.o
                0x08001ae0                MenuCalibration_VoltageIn
 .text.MenuCalibration_VoltageOut
                0x08001b54       0x74 ..\obj\main.o
                0x08001b54                MenuCalibration_VoltageOut
 .text.MenuCalibration_VoltagePS
                0x08001bc8       0x74 ..\obj\main.o
                0x08001bc8                MenuCalibration_VoltagePS
 .text.MenuCalibration_CURRENT_Out
                0x08001c3c       0x70 ..\obj\main.o
                0x08001c3c                MenuCalibration_CURRENT_Out
 .text.LOAD_ON  0x08001cac       0x1c ..\obj\main.o
                0x08001cac                LOAD_ON
 .text.discharge1
                0x08001cc8       0x38 ..\obj\main.o
                0x08001cc8                discharge1
 .text.discharge
                0x08001d00       0x14 ..\obj\main.o
                0x08001d00                discharge
 .text.MenuCalibration_CURRENT_Load
                0x08001d14       0x70 ..\obj\main.o
                0x08001d14                MenuCalibration_CURRENT_Load
 .text.LOAD_OFF
                0x08001d84       0x20 ..\obj\main.o
                0x08001d84                LOAD_OFF
 .text.OFF      0x08001da4        0xe ..\obj\main.o
                0x08001da4                OFF
 *fill*         0x08001db2        0x2 00
 .text.MenuDisCharge
                0x08001db4      0x25c ..\obj\main.o
                0x08001db4                MenuDisCharge
 .text.charge1  0x08002010       0x38 ..\obj\main.o
                0x08002010                charge1
 .text.MenuSwing
                0x08002048      0x1f4 ..\obj\main.o
                0x08002048                MenuSwing
 .text.MenuTraining_new
                0x0800223c      0x418 ..\obj\main.o
                0x0800223c                MenuTraining_new
 .text.MenuCheckingCapacity
                0x08002654      0x48c ..\obj\main.o
                0x08002654                MenuCheckingCapacity
 .text.charge   0x08002ae0       0x14 ..\obj\main.o
                0x08002ae0                charge
 .text.MenuChargeAdapt
                0x08002af4      0x310 ..\obj\main.o
                0x08002af4                MenuChargeAdapt
 .text.MenuDIAGNOSTIC
                0x08002e04      0x304 ..\obj\main.o
                0x08002e04                MenuDIAGNOSTIC
 .text.startup.main
                0x08003108      0x3fc ..\obj\main.o
                0x08003108                main
 .text.ADC1_CH_DMA_Config
                0x08003504      0x12c ..\obj\ADC.o
                0x08003504                ADC1_CH_DMA_Config
 .text.init_timer3
                0x08003630       0x54 ..\obj\ADC.o
                0x08003630                init_timer3
 .text.MedianFilter
                0x08003684       0x98 ..\obj\ADC.o
                0x08003684                MedianFilter
 .text.MedianFilter1
                0x0800371c       0x9c ..\obj\ADC.o
                0x0800371c                MedianFilter1
 .text.MedianFilter2
                0x080037b8       0x9c ..\obj\ADC.o
                0x080037b8                MedianFilter2
 .text.middle_of_3Imax
                0x08003854       0x44 ..\obj\ADC.o
                0x08003854                middle_of_3Imax
 .text.TIM3_IRQHandler
                0x08003898      0x154 ..\obj\ADC.o
                0x08003898                TIM3_IRQHandler
 .text.RCC_ADCCLKConfig
                0x080039ec       0x14 ..\obj\stm32f10x_rcc.o
                0x080039ec                RCC_ADCCLKConfig
 .text.RCC_GetClocksFreq
                0x08003a00       0x90 ..\obj\stm32f10x_rcc.o
                0x08003a00                RCC_GetClocksFreq
 .text.RCC_AHBPeriphClockCmd
                0x08003a90       0x18 ..\obj\stm32f10x_rcc.o
                0x08003a90                RCC_AHBPeriphClockCmd
 .text.RCC_APB2PeriphClockCmd
                0x08003aa8       0x18 ..\obj\stm32f10x_rcc.o
                0x08003aa8                RCC_APB2PeriphClockCmd
 .text.RCC_APB1PeriphClockCmd
                0x08003ac0       0x18 ..\obj\stm32f10x_rcc.o
                0x08003ac0                RCC_APB1PeriphClockCmd
 .text.Init_Out
                0x08003ad8       0x74 ..\obj\Init_.o
                0x08003ad8                Init_Out
 .text.Init_button
                0x08003b4c       0xc4 ..\obj\Init_.o
                0x08003b4c                Init_button
 .text.init_timer7
                0x08003c10       0x54 ..\obj\Init_.o
                0x08003c10                init_timer7
 .text.init_timer16
                0x08003c64       0x5c ..\obj\Init_.o
                0x08003c64                init_timer16
 .text.InitDAC1DAC2
                0x08003cc0       0x54 ..\obj\Init_.o
                0x08003cc0                InitDAC1DAC2
 .text.InitTimer2ForDelay
                0x08003d14       0x20 ..\obj\Init_.o
                0x08003d14                InitTimer2ForDelay
 .text.Initialization
                0x08003d34       0x4a ..\obj\Init_.o
                0x08003d34                Initialization
 *fill*         0x08003d7e        0x2 00
 .text.ADC_Init
                0x08003d80       0x48 ..\obj\stm32f10x_adc.o
                0x08003d80                ADC_Init
 .text.ADC_Cmd  0x08003dc8       0x12 ..\obj\stm32f10x_adc.o
                0x08003dc8                ADC_Cmd
 .text.ADC_DMACmd
                0x08003dda       0x12 ..\obj\stm32f10x_adc.o
                0x08003dda                ADC_DMACmd
 .text.ADC_ResetCalibration
                0x08003dec        0xa ..\obj\stm32f10x_adc.o
                0x08003dec                ADC_ResetCalibration
 .text.ADC_GetResetCalibrationStatus
                0x08003df6        0x8 ..\obj\stm32f10x_adc.o
                0x08003df6                ADC_GetResetCalibrationStatus
 .text.ADC_StartCalibration
                0x08003dfe        0xa ..\obj\stm32f10x_adc.o
                0x08003dfe                ADC_StartCalibration
 .text.ADC_GetCalibrationStatus
                0x08003e08        0x8 ..\obj\stm32f10x_adc.o
                0x08003e08                ADC_GetCalibrationStatus
 .text.ADC_SoftwareStartConvCmd
                0x08003e10       0x12 ..\obj\stm32f10x_adc.o
                0x08003e10                ADC_SoftwareStartConvCmd
 .text.ADC_RegularChannelConfig
                0x08003e22       0x9c ..\obj\stm32f10x_adc.o
                0x08003e22                ADC_RegularChannelConfig
 *fill*         0x08003ebe        0x2 00
 .text.ADC_TempSensorVrefintCmd
                0x08003ec0       0x18 ..\obj\stm32f10x_adc.o
                0x08003ec0                ADC_TempSensorVrefintCmd
 .text.USART_Init
                0x08003ed8       0xb0 ..\obj\stm32f10x_usart.o
                0x08003ed8                USART_Init
 .text.USART_Cmd
                0x08003f88       0x18 ..\obj\stm32f10x_usart.o
                0x08003f88                USART_Cmd
 .text.USART_ITConfig
                0x08003fa0       0x32 ..\obj\stm32f10x_usart.o
                0x08003fa0                USART_ITConfig
 .text.USART_SendData
                0x08003fd2        0x8 ..\obj\stm32f10x_usart.o
                0x08003fd2                USART_SendData
 .text.USART_GetFlagStatus
                0x08003fda        0xc ..\obj\stm32f10x_usart.o
                0x08003fda                USART_GetFlagStatus
 *fill*         0x08003fe6        0x2 00
 .text.itoa     0x08003fe8       0x74 ..\obj\Lib.o
                0x08003fe8                itoa
 .text.itoaP    0x0800405c       0x74 ..\obj\Lib.o
                0x0800405c                itoaP
 .text.itoa_koma
                0x080040d0       0xd4 ..\obj\Lib.o
                0x080040d0                itoa_koma
 .text.Module16
                0x080041a4        0xc ..\obj\Lib.o
                0x080041a4                Module16
 .text.strlen1  0x080041b0       0x12 ..\obj\Lib.o
                0x080041b0                strlen1
 .text.Merge2Strings
                0x080041c2       0x32 ..\obj\Lib.o
                0x080041c2                Merge2Strings
 .text.Merge3Strings
                0x080041f4       0x46 ..\obj\Lib.o
                0x080041f4                Merge3Strings
 .text.ClockStringWithSec
                0x0800423a       0xe2 ..\obj\Lib.o
                0x0800423a                ClockStringWithSec
 .text.ClockStringNoSec
                0x0800431c       0x96 ..\obj\Lib.o
                0x0800431c                ClockStringNoSec
 .text.DMA_Init
                0x080043b2       0x3c ..\obj\stm32f10x_dma.o
                0x080043b2                DMA_Init
 .text.DMA_Cmd  0x080043ee       0x16 ..\obj\stm32f10x_dma.o
                0x080043ee                DMA_Cmd
 .text.DMA_ITConfig
                0x08004404       0x10 ..\obj\stm32f10x_dma.o
                0x08004404                DMA_ITConfig
 .text.DMA_ClearFlag
                0x08004414       0x14 ..\obj\stm32f10x_dma.o
                0x08004414                DMA_ClearFlag
 .text.DMA_ClearITPendingBit
                0x08004428       0x14 ..\obj\stm32f10x_dma.o
                0x08004428                DMA_ClearITPendingBit
 .text.NVIC_Init
                0x0800443c       0x64 ..\obj\misc.o
                0x0800443c                NVIC_Init
 .text.flash_erase_page
                0x080044a0       0x44 ..\obj\Eeprom.o
                0x080044a0                flash_erase_page
 .text.flash_unlock
                0x080044e4       0x18 ..\obj\Eeprom.o
                0x080044e4                flash_unlock
 .text.flash_lock
                0x080044fc       0x10 ..\obj\Eeprom.o
                0x080044fc                flash_lock
 .text.flash_write
                0x0800450c       0x50 ..\obj\Eeprom.o
                0x0800450c                flash_write
 .text.flash_write_block
                0x0800455c       0x60 ..\obj\Eeprom.o
                0x0800455c                flash_write_block
 .text.flash_read_block
                0x080045bc       0x2c ..\obj\Eeprom.o
                0x080045bc                flash_read_block
 .text.flash_read
                0x080045e8       0x4c ..\obj\Eeprom.o
                0x080045e8                flash_read
 .text.CalibrationWriteToFlash
                0x08004634       0x6c ..\obj\Eeprom.o
                0x08004634                CalibrationWriteToFlash
 .text.CalibrationFactoryWriteToFlash
                0x080046a0       0x6c ..\obj\Eeprom.o
                0x080046a0                CalibrationFactoryWriteToFlash
 .text.CalibrationReadFromFlash
                0x0800470c       0x98 ..\obj\Eeprom.o
                0x0800470c                CalibrationReadFromFlash
 .text.CalibrationReadFromFlashForVerify
                0x080047a4       0x98 ..\obj\Eeprom.o
                0x080047a4                CalibrationReadFromFlashForVerify
 .text.SettingsWriteToFlash
                0x0800483c       0x5c ..\obj\Eeprom.o
                0x0800483c                SettingsWriteToFlash
 .text.SettingsFactoryWriteToFlash
                0x08004898       0x5c ..\obj\Eeprom.o
                0x08004898                SettingsFactoryWriteToFlash
 .text.SettingsReadFromFlash
                0x080048f4       0x80 ..\obj\Eeprom.o
                0x080048f4                SettingsReadFromFlash
 .text.SettingsReadFromFlashForVerify
                0x08004974       0x80 ..\obj\Eeprom.o
                0x08004974                SettingsReadFromFlashForVerify
 .text.DataWhenPowerOff_Factory_WriteToFlash
                0x080049f4       0x34 ..\obj\Eeprom.o
                0x080049f4                DataWhenPowerOff_Factory_WriteToFlash
 .text.DataWhenPowerOffReadFromFlash
                0x08004a28       0x40 ..\obj\Eeprom.o
                0x08004a28                DataWhenPowerOffReadFromFlash
 .text.DataWhenPowerOffReadFromFlashForVerify
                0x08004a68       0x40 ..\obj\Eeprom.o
                0x08004a68                DataWhenPowerOffReadFromFlashForVerify
 .text.ReadFromFlash
                0x08004aa8       0x40 ..\obj\Eeprom.o
                0x08004aa8                ReadFromFlash
 .text.CalcCRC8
                0x08004ae8       0x34 ..\obj\Eeprom.o
                0x08004ae8                CalcCRC8
 .text.FactoryWriteToFlash_CRC
                0x08004b1c      0x124 ..\obj\Eeprom.o
                0x08004b1c                FactoryWriteToFlash_CRC
 .text.SettingsWriteToFlash_CRC
                0x08004c40       0x8c ..\obj\Eeprom.o
                0x08004c40                SettingsWriteToFlash_CRC
 .text.CalibrationWriteToFlash_CRC
                0x08004ccc       0x60 ..\obj\Eeprom.o
                0x08004ccc                CalibrationWriteToFlash_CRC
 .text.USART1Init
                0x08004d2c       0x98 ..\obj\usart.o
                0x08004d2c                USART1Init
 .text.PutChar  0x08004dc4       0x34 ..\obj\usart.o
                0x08004dc4                PutChar
 .text.USART1_IRQHandler
                0x08004df8       0x74 ..\obj\usart.o
                0x08004df8                USART1_IRQHandler
 .text.Print_to_USART1
                0x08004e6c       0x40 ..\obj\usart.o
                0x08004e6c                Print_to_USART1
 .text.TransmitChar
                0x08004eac       0x20 ..\obj\usart.o
                0x08004eac                TransmitChar
 .text.TransmitString
                0x08004ecc       0x20 ..\obj\usart.o
                0x08004ecc                TransmitString
 .text.Print_to_USART1_d
                0x08004eec       0x30 ..\obj\usart.o
                0x08004eec                Print_to_USART1_d
 .text.memcpy   0x08004f1c       0x84 c:/program files (x86)/gnu tools arm embedded/4.6 2012q4/bin/../lib/gcc/arm-none-eabi/4.6.2/../../../../arm-none-eabi/lib/armv7-m\libg.a(lib_a-memcpy.o)
                0x08004f1c                memcpy
 *(.init)
 *(.fini)
 *crtbegin.o(.ctors)
 *crtbegin?.o(.ctors)
 *(EXCLUDE_FILE(*crtend.o *crtend?.o) .ctors)
 *(SORT(.ctors.*))
 *(.ctors)
 *crtbegin.o(.dtors)
 *crtbegin?.o(.dtors)
 *(EXCLUDE_FILE(*crtend.o *crtend?.o) .dtors)
 *(SORT(.dtors.*))
 *(.dtors)
 *(.rodata*)
 .rodata        0x08004fa0       0x18 ..\obj\MicroMenu2_1.o
                0x08004fa0                NULL_MENU
 .rodata.str1.1
                0x08004fb8      0x210 ..\obj\General.o
 .rodata        0x080051c8      0x9c8 ..\obj\main.o
                0x080051c8                Menu_2_1
                0x080051f4                Menu_3_1
                0x08005220                Menu_4_1
                0x0800524c                Menu_5_1
                0x08005278                Menu_6_1
                0x080052a4                Menu_7_1
                0x080052d0                Menu_8_1
                0x080052fc                Menu_6_1a
                0x08005328                Menu_9_1
                0x08005354                Menu_11_1
                0x08005380                Menu_10_2_1
                0x080053ac                Menu_10_1_1
                0x080053d8                Menu_10_4_1
                0x08005404                Menu_10_3_1
                0x08005430                Menu_10_7_1
                0x0800544c                Menu_10_6_1
                0x08005478                Menu_10_5_1
                0x080054a4                Menu_10_8_1
                0x080054c0                Menu_10_9_1
                0x080054dc                Menu_1_1_1
                0x08005508                Menu_1_1_1a
                0x08005534                Menu_1_2_1
                0x08005560                Menu_1_3_1
                0x0800558c                Menu_1_4_1
                0x080055b8                Menu_1_5_1
                0x080055e4                Menu_1_6_1
                0x08005610                Menu_1_S_1
                0x0800563c                Menu_10_10
                0x08005668                Menu_10_9
                0x08005694                Menu_10_8
                0x080056c0                Menu_10_7
                0x080056ec                Menu_10_6
                0x08005718                Menu_10_5
                0x08005744                Menu_10_4
                0x08005770                Menu_10_3
                0x0800579c                Menu_10_2
                0x080057c8                Menu_10_1
                0x080057f4                Menu_1_7
                0x08005820                Menu_1_S
                0x0800584c                Menu_1_6
                0x08005878                Menu_1_5
                0x080058a4                Menu_1_4
                0x080058d0                Menu_1_3
                0x080058fc                Menu_1_2
                0x08005928                Menu_1_1a
                0x08005954                Menu_1_1
                0x08005980                Menu_10
                0x080059ac                Menu_11
                0x080059d8                Menu_9
                0x08005a04                Menu_8
                0x08005a30                Menu_7
                0x08005a5c                Menu_6a
                0x08005a88                Menu_6
                0x08005ab4                Menu_5
                0x08005ae0                Menu_4
                0x08005b0c                Menu_3
                0x08005b38                Menu_2
                0x08005b64                Menu_1
 .rodata.str1.1
                0x08005b90      0x40b ..\obj\main.o
                                0x44e (size before relaxing)
 .rodata        0x08005f9b      0x100 ..\obj\Eeprom.o
 .rodata.str1.1
                0x0800609b      0x316 ..\obj\Eeprom.o
                                0x428 (size before relaxing)
 *(.eh_fram e*)

.glue_7         0x080063b4        0x0
 .glue_7        0x00000000        0x0 linker stubs

.glue_7t        0x080063b4        0x0
 .glue_7t       0x00000000        0x0 linker stubs

.vfp11_veneer   0x080063b4        0x0
 .vfp11_veneer  0x00000000        0x0 linker stubs

.v4_bx          0x080063b4        0x0
 .v4_bx         0x00000000        0x0 linker stubs

.ARM.extab
 *(.ARM.extab* .gnu.linkonce.armextab.*)
                0x080063b4                __exidx_start = .

.ARM.exidx
 *(.ARM.exidx* .gnu.linkonce.armexidx.*)
                0x080063b4                __exidx_end = .
                0x080063b4                __etext = .
                0x080063b1                _sidata = __etext

.data           0x20000000      0x274 load address 0x080063b1
                0x20000000                __data_start__ = .
                0x20000000                _sdata = __data_start__
 *(vtable)
 *(.data*)
 .data          0x20000000        0x4 ..\obj\MicroMenu2_1.o
 .data          0x20000004      0x1f8 ..\obj\General.o
                0x20000004                CalibrationData
                0x20000054                SettingsData
                0x20000094                SaveDataWhenPowerOff
                0x200000ac                SaveDataWhenPowerOffFactory
                0x200000c4                SaveDataWhenPowerOffForVerify
                0x200000dc                SettingsDataFactory
                0x2000011c                SettingsDataForVerify
                0x2000015c                CalibrationDataFactory
                0x200001ac                CalibrationDataForVerify
 .data          0x200001fc       0x20 ..\obj\hd44780_driver.o
                0x200001fc                russ
 .data          0x2000021c       0x1c ..\obj\main.o
                0x2000021c                DAC_CurrentCounter
                0x2000021e                DAC_step
                0x20000223                ChargeDischargeStatus
                0x20000224                Version
                0x20000236                ChargedStatus
 .data          0x20000238       0x24 ..\obj\ADC.o
 .data          0x2000025c       0x14 ..\obj\stm32f10x_rcc.o
 .data          0x20000270        0x1 ..\obj\Eeprom.o
                0x20000274                . = ALIGN (0x4)
 *fill*         0x20000271        0x3 00
                0x20000274                PROVIDE (__preinit_array_start, .)
 *(.preinit_array)
                0x20000274                PROVIDE (__preinit_array_end, .)
                0x20000274                . = ALIGN (0x4)
                0x20000274                PROVIDE (__init_array_start, .)
 *(SORT(.init_array.*))
 *(.init_array)
                0x20000274                PROVIDE (__init_array_end, .)
                0x20000274                . = ALIGN (0x4)
                0x20000274                PROVIDE (__fini_array_start, .)
 *(SORT(.fini_array.*))
 *(.fini_array)
                0x20000274                PROVIDE (__fini_array_end, .)
 *(.jcr*)
                0x20000274                . = ALIGN (0x4)
                0x20000274                __data_end__ = .
                0x20000274                _edata = __data_end__

.bss            0x20000274      0x774 load address 0x08006628
                0x20000274                . = ALIGN (0x4)
                0x20000274                __bss_start__ = .
                0x20000274                _sbss = __bss_start__
 *(.bss*)
 .bss           0x20000274        0x4 ..\obj\MicroMenu2_1.o
 .bss           0x20000278        0x6 ..\obj\General.o
                0x20000278                Current_Out
                0x2000027a                Current_load
                0x2000027c                U_OUT_ForSetResistance
 .bss           0x2000027e        0x2 ..\obj\hd44780_driver.o
                0x2000027e                pos_x
                0x2000027f                pos_y
 .bss           0x20000280       0x74 ..\obj\main.o
                0x20000280                i_LogItems
                0x20000284                BatteryCapacityCharge
                0x20000288                ChargeTimeSec
                0x2000028c                BatteryCapacityDischargeCurrent
                0x20000290                DischargeTimeSec
                0x20000294                CountShowBT
                0x20000295                EnterInMenu_Status
                0x20000296                DAC_VoltageCounter
                0x20000298                comp
                0x2000029a                bufEnc
                0x2000029c                TimerForReadyMeasurement_ms
                0x200002a0                ChargeStatusForTimer
                0x200002a1                DisChargeStatusForTimer
                0x200002a2                Status_Timer_Sec
                0x200002a4                Timer_Sec
                0x200002a8                time_sec
                0x200002ac                On_off
                0x200002ad                Status_Out
                0x200002ae                Status_Load
                0x200002af                ChargeDischargeState
                0x200002b0                InitiStatus
                0x200002b1                BatteryLow
                0x200002b2                U_BatteryTmp
                0x200002b4                U_Battery_Timer
                0x200002b8                CountShow
                0x200002b9                Blink_message_counter
                0x200002bc                DischargeTimeSec_Previous
                0x200002c0                CheckingCapacityCounter
                0x200002c1                CountShow1
                0x200002c4                BatteryCapacityDischargeCurrentAfterPOwerUp
                0x200002c8                timer_tmp
                0x200002cc                BATERYSTATUS
                0x200002cd                OffCurrentStatus
                0x200002ce                BatteryVeryLow
                0x200002d0                OffCurrent_Timer
                0x200002d4                VeryLowBattery_Timer
                0x200002d8                SwingtimeSec
                0x200002dc                PopUpMessage
                0x200002e0                time_hour
                0x200002e4                time_min
                0x200002e8                sec
                0x200002ec                PowerOffTimesec
                0x200002f0                pressedKey
 .bss           0x200002f4      0x388 ..\obj\ADC.o
                0x20000650                CurrentTimer
                0x20000654                U_PS
                0x20000656                U_Controller
                0x20000658                U_OUT
                0x20000668                HighCurrentStatus
                0x2000066c                OffTimer
                0x20000670                Current
                0x20000672                U_5V
                0x20000674                U_5V_1Wire
                0x20000676                U_12V
                0x20000678                Temperature
                0x2000067a                U_IN
 .bss           0x2000067c       0x21 ..\obj\Lib.o
 .bss           0x2000069d        0x6 ..\obj\usart.o
                0x2000069d                RXcount
                0x2000069e                RXtail
                0x2000069f                TXcount
                0x200006a0                TXhead
                0x200006a1                TXtail
                0x200006a2                RXhead
 *(COMMON)
 *fill*         0x200006a3        0x1 00
 COMMON         0x200006a4      0x1a0 ..\obj\General.o
                0x200006a4                Current_RAW
                0x200006a8                LoggingData
 COMMON         0x20000844       0x14 ..\obj\main.o
                0x20000844                ChargeDurationSec
                0x20000848                RegularConvData
                0x20000854                SelectedOptionValue
 COMMON         0x20000858      0x190 ..\obj\usart.o
                0x20000858                RXBuf
                0x20000920                TXBuf
                0x200009e8                . = ALIGN (0x4)
                0x200009e8                __bss_end__ = .
                0x200009e8                _ebss = __bss_end__

.heap           0x200009e8        0x0
                0x200009e8                __end__ = .
                0x200009e8                _end = __end__
                0x200009e8                end = __end__
 *(.heap*)
                0x200009e8                __HeapLimit = .

.co_stack       0x200009e8      0x400 load address 0x08006d9c
                0x200009e8                . = ALIGN (0x8)
 *(.co_stack .co_stack.*)
 .co_stack      0x200009e8      0x400 ..\obj\startup_stm32f10x_ld_vl.o
                0x200009e8                pulStack
                0x20002000                __StackTop = (ORIGIN (ram) + 0x2000)
                0x20001c00                __StackLimit = (__StackTop - SIZEOF (.co_stack))
                0x20002000                PROVIDE (__stack, __StackTop)
                0x00000001                ASSERT ((__StackLimit >= __HeapLimit), region ram  overflowed with stack)
LOAD ..\obj\MicroMenu2_1.o
LOAD ..\obj\stm32f10x_tim.o
LOAD ..\obj\startup_stm32f10x_ld_vl.o
LOAD ..\obj\General.o
LOAD ..\obj\system_stm32f10x.o
LOAD ..\obj\hd44780_driver.o
LOAD ..\obj\stm32f10x_gpio.o
LOAD ..\obj\main.o
LOAD ..\obj\ADC.o
LOAD ..\obj\stm32f10x_rcc.o
LOAD ..\obj\Init_.o
LOAD ..\obj\stm32f10x_adc.o
LOAD ..\obj\stm32f10x_usart.o
LOAD ..\obj\Lib.o
LOAD ..\obj\stm32f10x_dma.o
LOAD ..\obj\misc.o
LOAD ..\obj\Eeprom.o
LOAD ..\obj\usart.o
START GROUP
LOAD c:/program files (x86)/gnu tools arm embedded/4.6 2012q4/bin/../lib/gcc/arm-none-eabi/4.6.2/armv7-m\libgcc.a
LOAD c:/program files (x86)/gnu tools arm embedded/4.6 2012q4/bin/../lib/gcc/arm-none-eabi/4.6.2/../../../../arm-none-eabi/lib/armv7-m\libg.a
LOAD c:/program files (x86)/gnu tools arm embedded/4.6 2012q4/bin/../lib/gcc/arm-none-eabi/4.6.2/../../../../arm-none-eabi/lib/armv7-m\libc.a
END GROUP
OUTPUT(BMS.elf elf32-littlearm)

.debug_info     0x00000000     0xc4e2
 .debug_info    0x00000000      0x250 ..\obj\MicroMenu2_1.o
 .debug_info    0x00000250     0x1eb4 ..\obj\stm32f10x_tim.o
 .debug_info    0x00002104      0x140 ..\obj\startup_stm32f10x_ld_vl.o
 .debug_info    0x00002244      0x5ea ..\obj\General.o
 .debug_info    0x0000282e      0x49c ..\obj\system_stm32f10x.o
 .debug_info    0x00002cca      0x694 ..\obj\hd44780_driver.o
 .debug_info    0x0000335e      0x724 ..\obj\stm32f10x_gpio.o
 .debug_info    0x00003a82     0x244e ..\obj\main.o
 .debug_info    0x00005ed0     0x169c ..\obj\ADC.o
 .debug_info    0x0000756c      0x973 ..\obj\stm32f10x_rcc.o
 .debug_info    0x00007edf      0xd12 ..\obj\Init_.o
 .debug_info    0x00008bf1      0xc02 ..\obj\stm32f10x_adc.o
 .debug_info    0x000097f3      0xa5f ..\obj\stm32f10x_usart.o
 .debug_info    0x0000a252      0x561 ..\obj\Lib.o
 .debug_info    0x0000a7b3      0x4a0 ..\obj\stm32f10x_dma.o
 .debug_info    0x0000ac53      0x594 ..\obj\misc.o
 .debug_info    0x0000b1e7      0xb34 ..\obj\Eeprom.o
 .debug_info    0x0000bd1b      0x7c7 ..\obj\usart.o

.debug_abbrev   0x00000000     0x222b
 .debug_abbrev  0x00000000      0x147 ..\obj\MicroMenu2_1.o
 .debug_abbrev  0x00000147      0x272 ..\obj\stm32f10x_tim.o
 .debug_abbrev  0x000003b9       0xb0 ..\obj\startup_stm32f10x_ld_vl.o
 .debug_abbrev  0x00000469      0x14f ..\obj\General.o
 .debug_abbrev  0x000005b8      0x17b ..\obj\system_stm32f10x.o
 .debug_abbrev  0x00000733      0x28c ..\obj\hd44780_driver.o
 .debug_abbrev  0x000009bf      0x1d9 ..\obj\stm32f10x_gpio.o
 .debug_abbrev  0x00000b98      0x3fa ..\obj\main.o
 .debug_abbrev  0x00000f92      0x2de ..\obj\ADC.o
 .debug_abbrev  0x00001270      0x1d0 ..\obj\stm32f10x_rcc.o
 .debug_abbrev  0x00001440      0x1aa ..\obj\Init_.o
 .debug_abbrev  0x000015ea      0x1cf ..\obj\stm32f10x_adc.o
 .debug_abbrev  0x000017b9      0x1b8 ..\obj\stm32f10x_usart.o
 .debug_abbrev  0x00001971      0x174 ..\obj\Lib.o
 .debug_abbrev  0x00001ae5      0x174 ..\obj\stm32f10x_dma.o
 .debug_abbrev  0x00001c59      0x14c ..\obj\misc.o
 .debug_abbrev  0x00001da5      0x2a4 ..\obj\Eeprom.o
 .debug_abbrev  0x00002049      0x1e2 ..\obj\usart.o

.debug_loc      0x00000000     0x57c3
 .debug_loc     0x00000000       0xcb ..\obj\MicroMenu2_1.o
 .debug_loc     0x000000cb     0x1489 ..\obj\stm32f10x_tim.o
 .debug_loc     0x00001554       0x33 ..\obj\startup_stm32f10x_ld_vl.o
 .debug_loc     0x00001587      0x227 ..\obj\General.o
 .debug_loc     0x000017ae      0x13e ..\obj\system_stm32f10x.o
 .debug_loc     0x000018ec      0x4d9 ..\obj\hd44780_driver.o
 .debug_loc     0x00001dc5      0x439 ..\obj\stm32f10x_gpio.o
 .debug_loc     0x000021fe      0xb35 ..\obj\main.o
 .debug_loc     0x00002d33      0x5a0 ..\obj\ADC.o
 .debug_loc     0x000032d3      0x5c1 ..\obj\stm32f10x_rcc.o
 .debug_loc     0x00003894       0xc0 ..\obj\Init_.o
 .debug_loc     0x00003954      0x81e ..\obj\stm32f10x_adc.o
 .debug_loc     0x00004172      0x59a ..\obj\stm32f10x_usart.o
 .debug_loc     0x0000470c      0x69a ..\obj\Lib.o
 .debug_loc     0x00004da6      0x142 ..\obj\stm32f10x_dma.o
 .debug_loc     0x00004ee8      0x125 ..\obj\misc.o
 .debug_loc     0x0000500d      0x5df ..\obj\Eeprom.o
 .debug_loc     0x000055ec      0x1d7 ..\obj\usart.o

.debug_aranges  0x00000000      0xda0
 .debug_aranges
                0x00000000       0x38 ..\obj\MicroMenu2_1.o
 .debug_aranges
                0x00000038      0x2e0 ..\obj\stm32f10x_tim.o
 .debug_aranges
                0x00000318       0x28 ..\obj\startup_stm32f10x_ld_vl.o
 .debug_aranges
                0x00000340       0x30 ..\obj\General.o
 .debug_aranges
                0x00000370       0x28 ..\obj\system_stm32f10x.o
 .debug_aranges
                0x00000398       0xb8 ..\obj\hd44780_driver.o
 .debug_aranges
                0x00000450       0xa8 ..\obj\stm32f10x_gpio.o
 .debug_aranges
                0x000004f8      0x238 ..\obj\main.o
 .debug_aranges
                0x00000730       0x60 ..\obj\ADC.o
 .debug_aranges
                0x00000790      0x120 ..\obj\stm32f10x_rcc.o
 .debug_aranges
                0x000008b0       0x50 ..\obj\Init_.o
 .debug_aranges
                0x00000900      0x138 ..\obj\stm32f10x_adc.o
 .debug_aranges
                0x00000a38      0x100 ..\obj\stm32f10x_usart.o
 .debug_aranges
                0x00000b38       0x78 ..\obj\Lib.o
 .debug_aranges
                0x00000bb0       0x70 ..\obj\stm32f10x_dma.o
 .debug_aranges
                0x00000c20       0x40 ..\obj\misc.o
 .debug_aranges
                0x00000c60       0xe8 ..\obj\Eeprom.o
 .debug_aranges
                0x00000d48       0x58 ..\obj\usart.o

.debug_ranges   0x00000000      0xde0
 .debug_ranges  0x00000000       0x28 ..\obj\MicroMenu2_1.o
 .debug_ranges  0x00000028      0x330 ..\obj\stm32f10x_tim.o
 .debug_ranges  0x00000358       0x18 ..\obj\startup_stm32f10x_ld_vl.o
 .debug_ranges  0x00000370       0x50 ..\obj\General.o
 .debug_ranges  0x000003c0       0x18 ..\obj\system_stm32f10x.o
 .debug_ranges  0x000003d8       0xa8 ..\obj\hd44780_driver.o
 .debug_ranges  0x00000480       0x98 ..\obj\stm32f10x_gpio.o
 .debug_ranges  0x00000518      0x2e0 ..\obj\main.o
 .debug_ranges  0x000007f8       0x68 ..\obj\ADC.o
 .debug_ranges  0x00000860      0x110 ..\obj\stm32f10x_rcc.o
 .debug_ranges  0x00000970       0x40 ..\obj\Init_.o
 .debug_ranges  0x000009b0      0x128 ..\obj\stm32f10x_adc.o
 .debug_ranges  0x00000ad8       0xf0 ..\obj\stm32f10x_usart.o
 .debug_ranges  0x00000bc8       0x68 ..\obj\Lib.o
 .debug_ranges  0x00000c30       0x60 ..\obj\stm32f10x_dma.o
 .debug_ranges  0x00000c90       0x30 ..\obj\misc.o
 .debug_ranges  0x00000cc0       0xd8 ..\obj\Eeprom.o
 .debug_ranges  0x00000d98       0x48 ..\obj\usart.o

.debug_line     0x00000000     0x583c
 .debug_line    0x00000000      0x140 ..\obj\MicroMenu2_1.o
 .debug_line    0x00000140      0xb63 ..\obj\stm32f10x_tim.o
 .debug_line    0x00000ca3       0xc4 ..\obj\startup_stm32f10x_ld_vl.o
 .debug_line    0x00000d67      0x389 ..\obj\General.o
 .debug_line    0x000010f0      0x249 ..\obj\system_stm32f10x.o
 .debug_line    0x00001339      0x4e3 ..\obj\hd44780_driver.o
 .debug_line    0x0000181c      0x40e ..\obj\stm32f10x_gpio.o
 .debug_line    0x00001c2a      0xf12 ..\obj\main.o
 .debug_line    0x00002b3c      0x533 ..\obj\ADC.o
 .debug_line    0x0000306f      0x505 ..\obj\stm32f10x_rcc.o
 .debug_line    0x00003574      0x399 ..\obj\Init_.o
 .debug_line    0x0000390d      0x585 ..\obj\stm32f10x_adc.o
 .debug_line    0x00003e92      0x52c ..\obj\stm32f10x_usart.o
 .debug_line    0x000043be      0x504 ..\obj\Lib.o
 .debug_line    0x000048c2      0x353 ..\obj\stm32f10x_dma.o
 .debug_line    0x00004c15      0x29e ..\obj\misc.o
 .debug_line    0x00004eb3      0x627 ..\obj\Eeprom.o
 .debug_line    0x000054da      0x362 ..\obj\usart.o

.debug_str      0x00000000     0x464b
 .debug_str     0x00000000      0x1b9 ..\obj\MicroMenu2_1.o
                                0x1de (size before relaxing)
 .debug_str     0x000001b9      0xca3 ..\obj\stm32f10x_tim.o
                                0xda4 (size before relaxing)
 .debug_str     0x00000e5c       0xd8 ..\obj\startup_stm32f10x_ld_vl.o
                                0x140 (size before relaxing)
 .debug_str     0x00000f34      0x663 ..\obj\General.o
                                0x79a (size before relaxing)
 .debug_str     0x00001597      0x187 ..\obj\system_stm32f10x.o
                                0x2a1 (size before relaxing)
 .debug_str     0x0000171e      0x24a ..\obj\hd44780_driver.o
                                0x35e (size before relaxing)
 .debug_str     0x00001968      0x38c ..\obj\stm32f10x_gpio.o
                                0x4e0 (size before relaxing)
 .debug_str     0x00001cf4      0xc07 ..\obj\main.o
                               0x155e (size before relaxing)
 .debug_str     0x000028fb      0x68c ..\obj\ADC.o
                               0x1105 (size before relaxing)
 .debug_str     0x00002f87      0x442 ..\obj\stm32f10x_rcc.o
                                0x634 (size before relaxing)
 .debug_str     0x000033c9       0xbe ..\obj\Init_.o
                                0x8ea (size before relaxing)
 .debug_str     0x00003487      0x491 ..\obj\stm32f10x_adc.o
                                0x6c2 (size before relaxing)
 .debug_str     0x00003918      0x44d ..\obj\stm32f10x_usart.o
                                0x657 (size before relaxing)
 .debug_str     0x00003d65      0x101 ..\obj\Lib.o
                                0x226 (size before relaxing)
 .debug_str     0x00003e66      0x164 ..\obj\stm32f10x_dma.o
                                0x388 (size before relaxing)
 .debug_str     0x00003fca      0x1b7 ..\obj\misc.o
                                0x390 (size before relaxing)
 .debug_str     0x00004181      0x3aa ..\obj\Eeprom.o
                                0xad7 (size before relaxing)
 .debug_str     0x0000452b      0x120 ..\obj\usart.o
                                0x779 (size before relaxing)

.comment        0x00000000       0x70
 .comment       0x00000000       0x70 ..\obj\MicroMenu2_1.o
                                 0x71 (size before relaxing)
 .comment       0x00000000       0x71 ..\obj\stm32f10x_tim.o
 .comment       0x00000000       0x71 ..\obj\startup_stm32f10x_ld_vl.o
 .comment       0x00000000       0x71 ..\obj\General.o
 .comment       0x00000000       0x71 ..\obj\system_stm32f10x.o
 .comment       0x00000000       0x71 ..\obj\hd44780_driver.o
 .comment       0x00000000       0x71 ..\obj\stm32f10x_gpio.o
 .comment       0x00000000       0x71 ..\obj\main.o
 .comment       0x00000000       0x71 ..\obj\ADC.o
 .comment       0x00000000       0x71 ..\obj\stm32f10x_rcc.o
 .comment       0x00000000       0x71 ..\obj\Init_.o
 .comment       0x00000000       0x71 ..\obj\stm32f10x_adc.o
 .comment       0x00000000       0x71 ..\obj\stm32f10x_usart.o
 .comment       0x00000000       0x71 ..\obj\Lib.o
 .comment       0x00000000       0x71 ..\obj\stm32f10x_dma.o
 .comment       0x00000000       0x71 ..\obj\misc.o
 .comment       0x00000000       0x71 ..\obj\Eeprom.o
 .comment       0x00000000       0x71 ..\obj\usart.o

.ARM.attributes
                0x00000000       0x33
 .ARM.attributes
                0x00000000       0x33 ..\obj\MicroMenu2_1.o
 .ARM.attributes
                0x00000033       0x33 ..\obj\stm32f10x_tim.o
 .ARM.attributes
                0x00000066       0x33 ..\obj\startup_stm32f10x_ld_vl.o
 .ARM.attributes
                0x00000099       0x33 ..\obj\General.o
 .ARM.attributes
                0x000000cc       0x33 ..\obj\system_stm32f10x.o
 .ARM.attributes
                0x000000ff       0x33 ..\obj\hd44780_driver.o
 .ARM.attributes
                0x00000132       0x33 ..\obj\stm32f10x_gpio.o
 .ARM.attributes
                0x00000165       0x33 ..\obj\main.o
 .ARM.attributes
                0x00000198       0x33 ..\obj\ADC.o
 .ARM.attributes
                0x000001cb       0x33 ..\obj\stm32f10x_rcc.o
 .ARM.attributes
                0x000001fe       0x33 ..\obj\Init_.o
 .ARM.attributes
                0x00000231       0x33 ..\obj\stm32f10x_adc.o
 .ARM.attributes
                0x00000264       0x33 ..\obj\stm32f10x_usart.o
 .ARM.attributes
                0x00000297       0x33 ..\obj\Lib.o
 .ARM.attributes
                0x000002ca       0x33 ..\obj\stm32f10x_dma.o
 .ARM.attributes
                0x000002fd       0x33 ..\obj\misc.o
 .ARM.attributes
                0x00000330       0x33 ..\obj\Eeprom.o
 .ARM.attributes
                0x00000363       0x33 ..\obj\usart.o
 .ARM.attributes
                0x00000396       0x2d c:/program files (x86)/gnu tools arm embedded/4.6 2012q4/bin/../lib/gcc/arm-none-eabi/4.6.2/../../../../arm-none-eabi/lib/armv7-m\libg.a(lib_a-memcpy.o)

.debug_frame    0x00000000     0x1fc0
 .debug_frame   0x00000000       0x60 ..\obj\MicroMenu2_1.o
 .debug_frame   0x00000060      0x65c ..\obj\stm32f10x_tim.o
 .debug_frame   0x000006bc       0x38 ..\obj\startup_stm32f10x_ld_vl.o
 .debug_frame   0x000006f4       0x70 ..\obj\General.o
 .debug_frame   0x00000764       0x34 ..\obj\system_stm32f10x.o
 .debug_frame   0x00000798      0x1ec ..\obj\hd44780_driver.o
 .debug_frame   0x00000984      0x174 ..\obj\stm32f10x_gpio.o
 .debug_frame   0x00000af8      0x634 ..\obj\main.o
 .debug_frame   0x0000112c      0x100 ..\obj\ADC.o
 .debug_frame   0x0000122c      0x234 ..\obj\stm32f10x_rcc.o
 .debug_frame   0x00001460       0xc8 ..\obj\Init_.o
 .debug_frame   0x00001528      0x280 ..\obj\stm32f10x_adc.o
 .debug_frame   0x000017a8      0x20c ..\obj\stm32f10x_usart.o
 .debug_frame   0x000019b4      0x158 ..\obj\Lib.o
 .debug_frame   0x00001b0c       0xc8 ..\obj\stm32f10x_dma.o
 .debug_frame   0x00001bd4       0x68 ..\obj\misc.o
 .debug_frame   0x00001c3c      0x290 ..\obj\Eeprom.o
 .debug_frame   0x00001ecc       0xc8 ..\obj\usart.o
 .debug_frame   0x00001f94       0x2c c:/program files (x86)/gnu tools arm embedded/4.6 2012q4/bin/../lib/gcc/arm-none-eabi/4.6.2/../../../../arm-none-eabi/lib/armv7-m\libg.a(lib_a-memcpy.o)
