stm32f1xx_ll_bus.h:763:22:LL_APB2_GRP1_EnableClock	8	static
main.c:1191:6:MenuLog_Enter	0	static
main.c:1773:6:MenuCalibrationWriteToFlash_Enter	8	static
main.c:1541:6:MenuSettingsBatteryType_Enter	8	static
main.c:1779:6:MenuSettingsWriteToFlash_Enter	0	static
main.c:1818:6:MenuOption_Enter	8	static
main.c:1827:6:MenuOption_Enter1	8	static
main.c:159:6:Generic_Write	0	static
main.c:1788:6:MenuDischarge_Enter	72	static
main.c:1802:6:MenuCharge_Enter	72	static
main.c:1666:6:SelectedOption.part.8	8	static
stm32f1xx_ll_adc.h:2837:22:LL_ADC_SetChannelSamplingTime.constprop	16	static,ignoring_inline_asm
stm32f1xx_ll_adc.h:2131:22:LL_ADC_REG_SetSequencerRanks.constprop	12	static,ignoring_inline_asm
core_cm3.h:1686:26:NVIC_EncodePriority.constprop	0	static
main.c:618:6:MenuTraining_WriteInLOG	96	static
main.c:1195:6:MenuLog	16	static
main.c:1322:6:MenuCalibration_CURRENT_Out_to_0	8	static
main.c:1334:6:MenuCalibration_CURRENT_Load_to_0	8	static
main.c:1445:6:MenuCalibration_BackToFactory	8	static
main.c:1477:6:MenuSettingsChargeTime_Enter	0	static
main.c:1481:6:MenuSettingsChargeTime	8	static
main.c:1493:6:MenuSettingsBatteryType	8	static
main.c:1595:6:MenuSettingsLowVolt_Enter	0	static
main.c:1599:6:MenuSettingsLowVolt	8	static
main.c:1608:6:MenuSettingsMaxVolt_Enter	0	static
main.c:1612:6:MenuSettingsMaxVolt	8	static
main.c:1622:6:MenuSettingsSwngChrgTime_Enter	0	static
main.c:1626:6:MenuSettingsSwngChrgTime	8	static
main.c:1635:6:MenuSettingsSwngDChrgTime_Enter	0	static
main.c:1639:6:MenuSettingsSwngDChrgTime	8	static
main.c:1648:6:MenuSettingsChargeAddapt_Enter	0	static
main.c:1652:6:MenuSettingsChargeAddapt	16	static
main.c:1666:6:SelectedOption	0	static
main.c:1675:6:SelectedOption1	0	static
main.c:1687:6:MenuSettingsSaveMenuPosWhenOFF	8	static
main.c:1738:6:MenuSettingsOutAfterPowerUp	8	static
main.c:1839:6:BUT_Debrief	0	static
main.c:1876:15:BUT_GetKey	0	static
main.c:1886:6:Start_Timer_sec	0	static
main.c:1891:6:ReStart_Timer_sec	0	static
main.c:1896:6:Stop_Timer_sec	0	static
main.c:1903:6:ClockOnLCD	16	static
main.c:1922:6:ClockOnLCD_noSec	16	static
main.c:2038:6:OUT_OFF	0	static
main.c:2047:6:OUT_ON	0	static
main.c:163:6:OUTStateAfterPowerUpFunction	8	static
main.c:180:6:MenuPowerSupply	24	static
main.c:1345:6:MenuCalibration_CURRENT_Out	8	static
main.c:1373:6:MenuCalibration_VoltagePS	8	static
main.c:1387:6:MenuCalibration_VoltageOut	8	static
main.c:1401:6:MenuCalibration_VoltageIn	8	static
main.c:1416:6:MenuCalibration_Resist_Comp_5V1A	24	static
main.c:2057:6:LOAD_ON	0	static
main.c:1990:6:discharge	8	static
main.c:1359:6:MenuCalibration_CURRENT_Load	16	static
main.c:2011:6:discharge1	8	static
main.c:2067:6:LOAD_OFF	0	static
main.c:216:6:MenuLoad	8	static
main.c:1062:6:MenuBatterySimilation	24	static
main.c:1983:6:charge	8	static
main.c:1998:6:charge1	8	static
main.c:892:6:MenuTraining_new	64	static
main.c:1102:6:MenuSwing	24	static
main.c:2023:6:OFF	8	static
main.c:254:6:MenuChargeCC_CV	40	static
main.c:370:6:MenuChargeAdapt	40	static
main.c:508:6:MenuDisCharge	32	static
main.c:640:6:MenuCheckingCapacity	56	static
main.c:1937:6:All_OUT_OFF_When_Power_OFF	88	static
main.c:1214:6:MenuDIAGNOSTIC	48	static
main.c:2076:6:LOAD_ON_OFF_Toggle	0	static
main.c:2082:6:OUT_ON_OFF_Toggle	0	static
main.c:2133:6:adc_func	40	static
main.c:2089:6:SysTick_Callback	24	static
main.c:2486:6:SystemClock_Config	8	static
main.c:2259:5:main	96	static
main.c:2780:6:Error_Handler	0	static
