stm32f1xx_ll_bus.h:447:22:LL_APB1_GRP1_EnableClock	8	static
stm32f1xx_ll_bus.h:763:22:LL_APB2_GRP1_EnableClock	8	static
main.c:1124:6:MenuLog_Enter	0	static
main.c:1701:6:MenuCalibrationWriteToFlash_Enter	8	static
main.c:1469:6:MenuSettingsBatteryType_Enter	8	static
main.c:1707:6:MenuSettingsWriteToFlash_Enter	0	static
main.c:1746:6:MenuOption_Enter	8	static
main.c:1755:6:MenuOption_Enter1	8	static
main.c:175:6:Generic_Write	0	static
main.c:1716:6:MenuDischarge_Enter	72	static
main.c:1730:6:MenuCharge_Enter	72	static
main.c:1594:6:SelectedOption.part.8	8	static
stm32f1xx_ll_adc.h:2837:22:LL_ADC_SetChannelSamplingTime.constprop	16	static,ignoring_inline_asm
stm32f1xx_ll_adc.h:2131:22:LL_ADC_REG_SetSequencerRanks.constprop	12	static,ignoring_inline_asm
core_cm3.h:1686:26:NVIC_EncodePriority.constprop	0	static
main.c:196:6:MenuPowerSupply	8	static
main.c:228:6:MenuLoad	8	static
main.c:264:6:MenuChargeCC_CV	8	static
main.c:551:6:MenuTraining_WriteInLOG	96	static
main.c:1128:6:MenuLog	16	static
main.c:1250:6:MenuCalibration_Current_x1_to_0	8	static
main.c:1262:6:MenuCalibration_Current_x50_to_0	8	static
main.c:1373:6:MenuCalibration_BackToFactory	8	static
main.c:1405:6:MenuSettingsChargeTime_Enter	0	static
main.c:1409:6:MenuSettingsChargeTime	8	static
main.c:1421:6:MenuSettingsBatteryType	8	static
main.c:1523:6:MenuSettingsLowVolt_Enter	0	static
main.c:1527:6:MenuSettingsLowVolt	8	static
main.c:1536:6:MenuSettingsMaxVolt_Enter	0	static
main.c:1540:6:MenuSettingsMaxVolt	8	static
main.c:1550:6:MenuSettingsSwngChrgTime_Enter	0	static
main.c:1554:6:MenuSettingsSwngChrgTime	8	static
main.c:1563:6:MenuSettingsSwngDChrgTime_Enter	0	static
main.c:1567:6:MenuSettingsSwngDChrgTime	8	static
main.c:1576:6:MenuSettingsChargeAddapt_Enter	0	static
main.c:1580:6:MenuSettingsChargeAddapt	16	static
main.c:1594:6:SelectedOption	0	static
main.c:1603:6:SelectedOption1	0	static
main.c:1615:6:MenuSettingsSaveMenuPosWhenOFF	8	static
main.c:1666:6:MenuSettingsOutAfterPowerUp	8	static
main.c:1787:6:ENC_PollEncoder	8	static
main.c:1846:15:ENC_GetStateEncoder	0	static
main.c:1857:15:BUT_GetKey	0	static
main.c:1866:6:Start_Timer_sec	0	static
main.c:1871:6:ReStart_Timer_sec	0	static
main.c:1876:6:Stop_Timer_sec	0	static
main.c:1883:6:ClockOnLCD	16	static
main.c:1902:6:ClockOnLCD_noSec	16	static
main.c:2018:6:OUT_OFF	0	static
main.c:2031:6:OUT_ON	0	static
main.c:179:6:OUTStateAfterPowerUpFunction	8	static
main.c:1273:6:MenuCalibration_Current_x1	8	static
main.c:1301:6:MenuCalibration_VoltagePS	8	static
main.c:1315:6:MenuCalibration_VoltageOut	8	static
main.c:1329:6:MenuCalibration_VoltageIn	8	static
main.c:1344:6:MenuCalibration_Resist_Comp_5V1A	24	static
main.c:2042:6:LOAD_ON	0	static
main.c:1970:6:discharge	8	static
main.c:1287:6:MenuCalibration_Current_x50	16	static
main.c:1991:6:discharge1	8	static
main.c:2052:6:LOAD_OFF	0	static
main.c:995:6:MenuBatterySimilation	24	static
main.c:1963:6:charge	8	static
main.c:1978:6:charge1	8	static
main.c:825:6:MenuTraining_new	64	static
main.c:1035:6:MenuSwing	24	static
main.c:2003:6:OFF	8	static
main.c:303:6:MenuChargeAdapt	40	static
main.c:441:6:MenuDisCharge	32	static
main.c:573:6:MenuCheckingCapacity	56	static
main.c:1917:6:All_OUT_OFF_When_Power_OFF	88	static
main.c:1147:6:MenuDIAGNOSTIC	48	static
main.c:2061:6:LOAD_ON_OFF_Toggle	0	static
main.c:2067:6:OUT_ON_OFF_Toggle	0	static
main.c:2120:6:adc_func	32	static
main.c:2074:6:SysTick_Callback	24	static
main.c:2466:6:SystemClock_Config	8	static
main.c:2190:5:main	120	static
main.c:2882:6:Error_Handler	0	static
