stm32f1xx_ll_bus.h:447:22:LL_APB1_GRP1_EnableClock	8	static
stm32f1xx_ll_bus.h:763:22:LL_APB2_GRP1_EnableClock	8	static
main.c:1194:6:MenuLog_Enter	0	static
main.c:1776:6:MenuCalibrationWriteToFlash_Enter	8	static
main.c:1544:6:MenuSettingsBatteryType_Enter	8	static
main.c:1782:6:MenuSettingsWriteToFlash_Enter	0	static
main.c:1821:6:MenuOption_Enter	8	static
main.c:1830:6:MenuOption_Enter1	8	static
main.c:162:6:Generic_Write	0	static
main.c:1791:6:MenuDischarge_Enter	72	static
main.c:1805:6:MenuCharge_Enter	72	static
main.c:1669:6:SelectedOption.part.8	8	static
stm32f1xx_ll_adc.h:2837:22:LL_ADC_SetChannelSamplingTime.constprop	16	static,ignoring_inline_asm
stm32f1xx_ll_adc.h:2131:22:LL_ADC_REG_SetSequencerRanks.constprop	12	static,ignoring_inline_asm
core_cm3.h:1686:26:NVIC_EncodePriority.constprop	0	static
main.c:621:6:MenuTraining_WriteInLOG	96	static
main.c:1198:6:MenuLog	16	static
main.c:1325:6:MenuCalibration_CURRENT_Out_to_0	8	static
main.c:1337:6:MenuCalibration_CURRENT_Load_to_0	8	static
main.c:1448:6:MenuCalibration_BackToFactory	8	static
main.c:1480:6:MenuSettingsChargeTime_Enter	0	static
main.c:1484:6:MenuSettingsChargeTime	8	static
main.c:1496:6:MenuSettingsBatteryType	8	static
main.c:1598:6:MenuSettingsLowVolt_Enter	0	static
main.c:1602:6:MenuSettingsLowVolt	8	static
main.c:1611:6:MenuSettingsMaxVolt_Enter	0	static
main.c:1615:6:MenuSettingsMaxVolt	8	static
main.c:1625:6:MenuSettingsSwngChrgTime_Enter	0	static
main.c:1629:6:MenuSettingsSwngChrgTime	8	static
main.c:1638:6:MenuSettingsSwngDChrgTime_Enter	0	static
main.c:1642:6:MenuSettingsSwngDChrgTime	8	static
main.c:1651:6:MenuSettingsChargeAddapt_Enter	0	static
main.c:1655:6:MenuSettingsChargeAddapt	16	static
main.c:1669:6:SelectedOption	0	static
main.c:1678:6:SelectedOption1	0	static
main.c:1690:6:MenuSettingsSaveMenuPosWhenOFF	8	static
main.c:1741:6:MenuSettingsOutAfterPowerUp	8	static
main.c:1842:6:BUT_Debrief	0	static
main.c:1879:15:BUT_GetKey	0	static
main.c:1889:6:Start_Timer_sec	0	static
main.c:1894:6:ReStart_Timer_sec	0	static
main.c:1899:6:Stop_Timer_sec	0	static
main.c:1906:6:ClockOnLCD	16	static
main.c:1925:6:ClockOnLCD_noSec	16	static
main.c:2041:6:OUT_OFF	0	static
main.c:2050:6:OUT_ON	0	static
main.c:166:6:OUTStateAfterPowerUpFunction	8	static
main.c:183:6:MenuPowerSupply	24	static
main.c:1348:6:MenuCalibration_CURRENT_Out	8	static
main.c:1376:6:MenuCalibration_VoltagePS	8	static
main.c:1390:6:MenuCalibration_VoltageOut	8	static
main.c:1404:6:MenuCalibration_VoltageIn	8	static
main.c:1419:6:MenuCalibration_Resist_Comp_5V1A	24	static
main.c:2060:6:LOAD_ON	0	static
main.c:1993:6:discharge	8	static
main.c:1362:6:MenuCalibration_CURRENT_Load	16	static
main.c:2014:6:discharge1	8	static
main.c:2070:6:LOAD_OFF	0	static
main.c:219:6:MenuLoad	8	static
main.c:1065:6:MenuBatterySimilation	24	static
main.c:1986:6:charge	8	static
main.c:2001:6:charge1	8	static
main.c:895:6:MenuTraining_new	64	static
main.c:1105:6:MenuSwing	24	static
main.c:2026:6:OFF	8	static
main.c:257:6:MenuChargeCC_CV	40	static
main.c:373:6:MenuChargeAdapt	40	static
main.c:511:6:MenuDisCharge	32	static
main.c:643:6:MenuCheckingCapacity	56	static
main.c:1940:6:All_OUT_OFF_When_Power_OFF	88	static
main.c:1217:6:MenuDIAGNOSTIC	48	static
main.c:2079:6:LOAD_ON_OFF_Toggle	0	static
main.c:2085:6:OUT_ON_OFF_Toggle	0	static
main.c:2136:6:adc_func	40	static
main.c:2092:6:SysTick_Callback	24	static
main.c:2502:6:SystemClock_Config	8	static
main.c:2262:5:main	104	static
main.c:2914:6:Error_Handler	0	static
